Archive member included to satisfy reference by file (symbol)

/home/rt/riscv/cva6/tools/riscv_gnu_toolchain/install_latest_rv32imaf/lib/gcc/riscv32-unknown-elf/11.1.0/libgcc.a(_clzsi2.o)
                              build//home/rt/Documents/R_T/Github/freertos/cva6/upstream_kernel/FreeRTOSv202212.01/FreeRTOS/Source/tasks.o (__clzsi2)
/home/rt/riscv/cva6/tools/riscv_gnu_toolchain/install_latest_rv32imaf/lib/gcc/riscv32-unknown-elf/11.1.0/libgcc.a(_clz.o)
                              /home/rt/riscv/cva6/tools/riscv_gnu_toolchain/install_latest_rv32imaf/lib/gcc/riscv32-unknown-elf/11.1.0/libgcc.a(_clzsi2.o) (__clz_tab)
/home/rt/riscv/cva6/tools/riscv_gnu_toolchain/install_latest_rv32imaf/lib/gcc/riscv32-unknown-elf/11.1.0/../../../../riscv32-unknown-elf/lib/libc.a(lib_a-memcpy.o)
                              build//home/rt/Documents/R_T/Github/freertos/cva6/upstream_kernel/FreeRTOSv202212.01/FreeRTOS/Source/queue.o (memcpy)
/home/rt/riscv/cva6/tools/riscv_gnu_toolchain/install_latest_rv32imaf/lib/gcc/riscv32-unknown-elf/11.1.0/../../../../riscv32-unknown-elf/lib/libc.a(lib_a-memset.o)
                              build//home/rt/Documents/R_T/Github/freertos/cva6/upstream_kernel/FreeRTOSv202212.01/FreeRTOS/Source/stream_buffer.o (memset)
/home/rt/riscv/cva6/tools/riscv_gnu_toolchain/install_latest_rv32imaf/lib/gcc/riscv32-unknown-elf/11.1.0/../../../../riscv32-unknown-elf/lib/libc.a(lib_a-sprintf.o)
                              build/main_blinky.o (sprintf)
/home/rt/riscv/cva6/tools/riscv_gnu_toolchain/install_latest_rv32imaf/lib/gcc/riscv32-unknown-elf/11.1.0/../../../../riscv32-unknown-elf/lib/libc.a(lib_a-strcmp.o)
                              build//home/rt/Documents/R_T/Github/freertos/cva6/upstream_kernel/FreeRTOSv202212.01/FreeRTOS/Demo/Common/Minimal/TimerDemo.o (strcmp)
/home/rt/riscv/cva6/tools/riscv_gnu_toolchain/install_latest_rv32imaf/lib/gcc/riscv32-unknown-elf/11.1.0/../../../../riscv32-unknown-elf/lib/libc.a(lib_a-strlen.o)
                              build/riscv-virt.o (strlen)
/home/rt/riscv/cva6/tools/riscv_gnu_toolchain/install_latest_rv32imaf/lib/gcc/riscv32-unknown-elf/11.1.0/../../../../riscv32-unknown-elf/lib/libc.a(lib_a-svfprintf.o)
                              /home/rt/riscv/cva6/tools/riscv_gnu_toolchain/install_latest_rv32imaf/lib/gcc/riscv32-unknown-elf/11.1.0/../../../../riscv32-unknown-elf/lib/libc.a(lib_a-sprintf.o) (_svfprintf_r)
/home/rt/riscv/cva6/tools/riscv_gnu_toolchain/install_latest_rv32imaf/lib/gcc/riscv32-unknown-elf/11.1.0/../../../../riscv32-unknown-elf/lib/libc.a(lib_a-freer.o)
                              /home/rt/riscv/cva6/tools/riscv_gnu_toolchain/install_latest_rv32imaf/lib/gcc/riscv32-unknown-elf/11.1.0/../../../../riscv32-unknown-elf/lib/libc.a(lib_a-svfprintf.o) (_free_r)
/home/rt/riscv/cva6/tools/riscv_gnu_toolchain/install_latest_rv32imaf/lib/gcc/riscv32-unknown-elf/11.1.0/../../../../riscv32-unknown-elf/lib/libc.a(lib_a-impure.o)
                              /home/rt/riscv/cva6/tools/riscv_gnu_toolchain/install_latest_rv32imaf/lib/gcc/riscv32-unknown-elf/11.1.0/../../../../riscv32-unknown-elf/lib/libc.a(lib_a-sprintf.o) (_impure_ptr)
/home/rt/riscv/cva6/tools/riscv_gnu_toolchain/install_latest_rv32imaf/lib/gcc/riscv32-unknown-elf/11.1.0/../../../../riscv32-unknown-elf/lib/libc.a(lib_a-ldtoa.o)
                              /home/rt/riscv/cva6/tools/riscv_gnu_toolchain/install_latest_rv32imaf/lib/gcc/riscv32-unknown-elf/11.1.0/../../../../riscv32-unknown-elf/lib/libc.a(lib_a-svfprintf.o) (_ldtoa_r)
/home/rt/riscv/cva6/tools/riscv_gnu_toolchain/install_latest_rv32imaf/lib/gcc/riscv32-unknown-elf/11.1.0/../../../../riscv32-unknown-elf/lib/libc.a(lib_a-localeconv.o)
                              /home/rt/riscv/cva6/tools/riscv_gnu_toolchain/install_latest_rv32imaf/lib/gcc/riscv32-unknown-elf/11.1.0/../../../../riscv32-unknown-elf/lib/libc.a(lib_a-svfprintf.o) (_localeconv_r)
/home/rt/riscv/cva6/tools/riscv_gnu_toolchain/install_latest_rv32imaf/lib/gcc/riscv32-unknown-elf/11.1.0/../../../../riscv32-unknown-elf/lib/libc.a(lib_a-locale.o)
                              /home/rt/riscv/cva6/tools/riscv_gnu_toolchain/install_latest_rv32imaf/lib/gcc/riscv32-unknown-elf/11.1.0/../../../../riscv32-unknown-elf/lib/libc.a(lib_a-localeconv.o) (__global_locale)
/home/rt/riscv/cva6/tools/riscv_gnu_toolchain/install_latest_rv32imaf/lib/gcc/riscv32-unknown-elf/11.1.0/../../../../riscv32-unknown-elf/lib/libc.a(lib_a-mallocr.o)
                              /home/rt/riscv/cva6/tools/riscv_gnu_toolchain/install_latest_rv32imaf/lib/gcc/riscv32-unknown-elf/11.1.0/../../../../riscv32-unknown-elf/lib/libc.a(lib_a-svfprintf.o) (_malloc_r)
/home/rt/riscv/cva6/tools/riscv_gnu_toolchain/install_latest_rv32imaf/lib/gcc/riscv32-unknown-elf/11.1.0/../../../../riscv32-unknown-elf/lib/libc.a(lib_a-mbtowc_r.o)
[...]
Memory Configuration

Name             Origin             Length             Attributes
rom              0x0000000080000000 0x0000000000080000 axr
ram              0x0000000080080000 0x0000000000080000 axw
*default*        0x0000000000000000 0xffffffffffffffff

Linker script and memory map

                0x000000000000012c                __stack_size = 0x12c
LOAD build/main.o
LOAD build/main_blinky.o
LOAD build/riscv-virt.o
LOAD build/ns16550.o
LOAD build//home/rt/Documents/R_T/Github/freertos/cva6/upstream_kernel/FreeRTOSv202212.01/FreeRTOS/Demo/Common/Minimal/EventGroupsDemo.o
LOAD build//home/rt/Documents/R_T/Github/freertos/cva6/upstream_kernel/FreeRTOSv202212.01/FreeRTOS/Demo/Common/Minimal/TaskNotify.o
LOAD build//home/rt/Documents/R_T/Github/freertos/cva6/upstream_kernel/FreeRTOSv202212.01/FreeRTOS/Demo/Common/Minimal/TimerDemo.o
LOAD build//home/rt/Documents/R_T/Github/freertos/cva6/upstream_kernel/FreeRTOSv202212.01/FreeRTOS/Demo/Common/Minimal/blocktim.o
LOAD build//home/rt/Documents/R_T/Github/freertos/cva6/upstream_kernel/FreeRTOSv202212.01/FreeRTOS/Demo/Common/Minimal/dynamic.o
LOAD build//home/rt/Documents/R_T/Github/freertos/cva6/upstream_kernel/FreeRTOSv202212.01/FreeRTOS/Demo/Common/Minimal/recmutex.o
LOAD build//home/rt/Documents/R_T/Github/freertos/cva6/upstream_kernel/FreeRTOSv202212.01/FreeRTOS/Source/event_groups.o
LOAD build//home/rt/Documents/R_T/Github/freertos/cva6/upstream_kernel/FreeRTOSv202212.01/FreeRTOS/Source/list.o
LOAD build//home/rt/Documents/R_T/Github/freertos/cva6/upstream_kernel/FreeRTOSv202212.01/FreeRTOS/Source/queue.o
LOAD build//home/rt/Documents/R_T/Github/freertos/cva6/upstream_kernel/FreeRTOSv202212.01/FreeRTOS/Source/stream_buffer.o
LOAD build//home/rt/Documents/R_T/Github/freertos/cva6/upstream_kernel/FreeRTOSv202212.01/FreeRTOS/Source/tasks.o
LOAD build//home/rt/Documents/R_T/Github/freertos/cva6/upstream_kernel/FreeRTOSv202212.01/FreeRTOS/Source/timers.o
LOAD build//home/rt/Documents/R_T/Github/freertos/cva6/upstream_kernel/FreeRTOSv202212.01/FreeRTOS/Source/portable/MemMang/heap_4.o
LOAD build//home/rt/Documents/R_T/Github/freertos/cva6/upstream_kernel/FreeRTOSv202212.01/FreeRTOS/Source/portable/GCC/RISC-V/port.o
LOAD build/start.o
LOAD build/vector.o
LOAD build//home/rt/Documents/R_T/Github/freertos/cva6/upstream_kernel/FreeRTOSv202212.01/FreeRTOS/Source/portable/GCC/RISC-V/portASM.o
LOAD /home/rt/riscv/cva6/tools/riscv_gnu_toolchain/install_latest_rv32imaf/lib/gcc/riscv32-unknown-elf/11.1.0/libgcc.a
START GROUP
LOAD /home/rt/riscv/cva6/tools/riscv_gnu_toolchain/install_latest_rv32imaf/lib/gcc/riscv32-unknown-elf/11.1.0/../../../../riscv32-unknown-elf/lib/libc.a
LOAD /home/rt/riscv/cva6/tools/riscv_gnu_toolchain/install_latest_rv32imaf/lib/gcc/riscv32-unknown-elf/11.1.0/../../../../riscv32-unknown-elf/lib/libgloss.a
END GROUP
LOAD /home/rt/riscv/cva6/tools/riscv_gnu_toolchain/install_latest_rv32imaf/lib/gcc/riscv32-unknown-elf/11.1.0/libgcc.a

.init           0x0000000080000000       0x76
                0x0000000080000000                _text = .
 *(SORT_NONE(.init))
 .init          0x0000000080000000       0x76 build/start.o
                0x0000000080000000                _start

.text           0x0000000080000100    0x137d0
 *(.text.unlikely .text.unlikely.*)
 *(.text.startup .text.startup.*)
 .text.startup.main
                0x0000000080000100        0xe build/main.o
                0x0000000080000100                main
 *(.text .text.*)
 .text.vApplicationMallocFailedHook
                0x000000008000010e        0x6 build/main.o
                0x000000008000010e                vApplicationMallocFailedHook
 .text.vApplicationStackOverflowHook
                0x0000000080000114        0x6 build/main.o
                0x0000000080000114                vApplicationStackOverflowHook
 .text.vApplicationTickHook
                0x000000008000011a        0x2 build/main.o
                0x000000008000011a                vApplicationTickHook
 .text.vAssertCalled
                0x000000008000011c       0x1e build/main.o
                0x000000008000011c                vAssertCalled
 .text.prvQueueSendTask
                0x000000008000013a       0x7c build/main_blinky.o
 .text.prvQueueReceiveTask
                0x00000000800001b6       0x92 build/main_blinky.o
 .text.main_blinky
                0x0000000080000248       0x68 build/main_blinky.o
                0x0000000080000248                main_blinky
 .text.xGetCoreID
                0x00000000800002b0        0x6 build/riscv-virt.o
                0x00000000800002b0                xGetCoreID
 .text.vSendString
                0x00000000800002b6       0x62 build/riscv-virt.o
                0x00000000800002b6                vSendString
 .text.vOutNS16550
                0x0000000080000318       0x14 build/ns16550.o
                0x0000000080000318                vOutNS16550
 .text.vListInitialise
                0x000000008000032c       0x14 build//home/rt/Documents/R_T/Github/freertos/cva6/upstream_kernel/FreeRTOSv202212.01/FreeRTOS/Source/list.o
                0x000000008000032c                vListInitialise
 .text.vListInitialiseItem
                0x0000000080000340        0x6 build//home/rt/Documents/R_T/Github/freertos/cva6/upstream_kernel/FreeRTOSv202212.01/FreeRTOS/Source/list.o
                0x0000000080000340                vListInitialiseItem
 .text.vListInsert
                0x0000000080000346       0x2e build//home/rt/Documents/R_T/Github/freertos/cva6/upstream_kernel/FreeRTOSv202212.01/FreeRTOS/Source/list.o
                0x0000000080000346                vListInsert
 .text.uxListRemove
                0x0000000080000374       0x2e build//home/rt/Documents/R_T/Github/freertos/cva6/upstream_kernel/FreeRTOSv202212.01/FreeRTOS/Source/list.o
                0x0000000080000374                uxListRemove
 .text.prvCopyDataToQueue
                0x00000000800003a2       0xa8 build//home/rt/Documents/R_T/Github/freertos/cva6/upstream_kernel/FreeRTOSv202212.01/FreeRTOS/Source/queue.o
 .text.prvUnlockQueue
                0x000000008000044a       0xf4 build//home/rt/Documents/R_T/Github/freertos/cva6/upstream_kernel/FreeRTOSv202212.01/FreeRTOS/Source/queue.o
 .text.xQueueGenericReset
                0x000000008000053e       0xa0 build//home/rt/Documents/R_T/Github/freertos/cva6/upstream_kernel/FreeRTOSv202212.01/FreeRTOS/Source/queue.o
                0x000000008000053e                xQueueGenericReset
 .text.xQueueGenericCreate
                0x00000000800005de       0x7c build//home/rt/Documents/R_T/Github/freertos/cva6/upstream_kernel/FreeRTOSv202212.01/FreeRTOS/Source/queue.o
                0x00000000800005de                xQueueGenericCreate
 .text.xQueueGenericSend
                0x000000008000065a      0x18c build//home/rt/Documents/R_T/Github/freertos/cva6/upstream_kernel/FreeRTOSv202212.01/FreeRTOS/Source/queue.o
                0x000000008000065a                xQueueGenericSend
 .text.xQueueReceive
                0x00000000800007e6      0x192 build//home/rt/Documents/R_T/Github/freertos/cva6/upstream_kernel/FreeRTOSv202212.01/FreeRTOS/Source/queue.o
                0x00000000800007e6                xQueueReceive
 .text.vQueueAddToRegistry
                0x0000000080000978       0x70 build//home/rt/Documents/R_T/Github/freertos/cva6/upstream_kernel/FreeRTOSv202212.01/FreeRTOS/Source/queue.o
                0x0000000080000978                vQueueAddToRegistry
 .text.vQueueWaitForMessageRestricted
                0x00000000800009e8       0x60 build//home/rt/Documents/R_T/Github/freertos/cva6/upstream_kernel/FreeRTOSv202212.01/FreeRTOS/Source/queue.o
                0x00000000800009e8                vQueueWaitForMessageRestricted
 .text.prvAddCurrentTaskToDelayedList
                0x0000000080000a48       0xe8 build//home/rt/Documents/R_T/Github/freertos/cva6/upstream_kernel/FreeRTOSv202212.01/FreeRTOS/Source/tasks.o
 .text.prvIdleTask
                0x0000000080000b30       0x78 build//home/rt/Documents/R_T/Github/freertos/cva6/upstream_kernel/FreeRTOSv202212.01/FreeRTOS/Source/tasks.o
 .text.xTaskIncrementTick.part.0
                0x0000000080000ba8      0x1ba build//home/rt/Documents/R_T/Github/freertos/cva6/upstream_kernel/FreeRTOSv202212.01/FreeRTOS/Source/tasks.o
 .text.xTaskCreate
                0x0000000080000d62      0x23c build//home/rt/Documents/R_T/Github/freertos/cva6/upstream_kernel/FreeRTOSv202212.01/FreeRTOS/Source/tasks.o
                0x0000000080000d62                xTaskCreate
 .text.vTaskStartScheduler
                0x0000000080000f9e       0x92 build//home/rt/Documents/R_T/Github/freertos/cva6/upstream_kernel/FreeRTOSv202212.01/FreeRTOS/Source/tasks.o
                0x0000000080000f9e                vTaskStartScheduler
 .text.vTaskSuspendAll
                0x0000000080001030       0x10 build//home/rt/Documents/R_T/Github/freertos/cva6/upstream_kernel/FreeRTOSv202212.01/FreeRTOS/Source/tasks.o
                0x0000000080001030                vTaskSuspendAll
 .text.xTaskResumeAll
                0x0000000080001040      0x1b8 build//home/rt/Documents/R_T/Github/freertos/cva6/upstream_kernel/FreeRTOSv202212.01/FreeRTOS/Source/tasks.o
                0x0000000080001040                xTaskResumeAll
 .text.xTaskDelayUntil
                0x00000000800011f8       0x82 build//home/rt/Documents/R_T/Github/freertos/cva6/upstream_kernel/FreeRTOSv202212.01/FreeRTOS/Source/tasks.o
                0x00000000800011f8                xTaskDelayUntil
 .text.xTaskGetTickCount
                0x000000008000127a        0xa build//home/rt/Documents/R_T/Github/freertos/cva6/upstream_kernel/FreeRTOSv202212.01/FreeRTOS/Source/tasks.o
                0x000000008000127a                xTaskGetTickCount
 .text.pcTaskGetName
                0x0000000080001284       0x28 build//home/rt/Documents/R_T/Github/freertos/cva6/upstream_kernel/FreeRTOSv202212.01/FreeRTOS/Source/tasks.o
                0x0000000080001284                pcTaskGetName
 .text.xTaskIncrementTick
                0x00000000800012ac       0x2c build//home/rt/Documents/R_T/Github/freertos/cva6/upstream_kernel/FreeRTOSv202212.01/FreeRTOS/Source/tasks.o
                0x00000000800012ac                xTaskIncrementTick
 .text.vTaskSwitchContext
                0x00000000800012d8       0xc8 build//home/rt/Documents/R_T/Github/freertos/cva6/upstream_kernel/FreeRTOSv202212.01/FreeRTOS/Source/tasks.o
                0x00000000800012d8                vTaskSwitchContext
 .text.vTaskPlaceOnEventList
                0x00000000800013a0       0x30 build//home/rt/Documents/R_T/Github/freertos/cva6/upstream_kernel/FreeRTOSv202212.01/FreeRTOS/Source/tasks.o
                0x00000000800013a0                vTaskPlaceOnEventList
 .text.vTaskPlaceOnEventListRestricted
                0x00000000800013d0       0x62 build//home/rt/Documents/R_T/Github/freertos/cva6/upstream_kernel/FreeRTOSv202212.01/FreeRTOS/Source/tasks.o
                0x00000000800013d0                vTaskPlaceOnEventListRestricted
 .text.xTaskRemoveFromEventList
                0x0000000080001432       0xe4 build//home/rt/Documents/R_T/Github/freertos/cva6/upstream_kernel/FreeRTOSv202212.01/FreeRTOS/Source/tasks.o
                0x0000000080001432                xTaskRemoveFromEventList
 .text.vTaskInternalSetTimeOutState
                0x0000000080001516       0x16 build//home/rt/Documents/R_T/Github/freertos/cva6/upstream_kernel/FreeRTOSv202212.01/FreeRTOS/Source/tasks.o
                0x0000000080001516                vTaskInternalSetTimeOutState
 .text.xTaskCheckForTimeOut
                0x000000008000152c       0xaa build//home/rt/Documents/R_T/Github/freertos/cva6/upstream_kernel/FreeRTOSv202212.01/FreeRTOS/Source/tasks.o
                0x000000008000152c                xTaskCheckForTimeOut
 .text.vTaskMissedYield
                0x00000000800015d6        0xc build//home/rt/Documents/R_T/Github/freertos/cva6/upstream_kernel/FreeRTOSv202212.01/FreeRTOS/Source/tasks.o
                0x00000000800015d6                vTaskMissedYield
 .text.xTaskGetCurrentTaskHandle
                0x00000000800015e2        0xa build//home/rt/Documents/R_T/Github/freertos/cva6/upstream_kernel/FreeRTOSv202212.01/FreeRTOS/Source/tasks.o
                0x00000000800015e2                xTaskGetCurrentTaskHandle
 .text.xTaskGetSchedulerState
                0x00000000800015ec       0x1c build//home/rt/Documents/R_T/Github/freertos/cva6/upstream_kernel/FreeRTOSv202212.01/FreeRTOS/Source/tasks.o
                0x00000000800015ec                xTaskGetSchedulerState
 .text.xTaskPriorityDisinherit
                0x0000000080001608       0xc2 build//home/rt/Documents/R_T/Github/freertos/cva6/upstream_kernel/FreeRTOSv202212.01/FreeRTOS/Source/tasks.o
                0x0000000080001608                xTaskPriorityDisinherit
 .text.prvCheckForValidListAndQueue
                0x00000000800016ca       0x82 build//home/rt/Documents/R_T/Github/freertos/cva6/upstream_kernel/FreeRTOSv202212.01/FreeRTOS/Source/timers.o
 .text.prvReloadTimer
                0x000000008000174c       0x6a build//home/rt/Documents/R_T/Github/freertos/cva6/upstream_kernel/FreeRTOSv202212.01/FreeRTOS/Source/timers.o
 .text.prvProcessExpiredTimer
                0x00000000800017b6       0x4c build//home/rt/Documents/R_T/Github/freertos/cva6/upstream_kernel/FreeRTOSv202212.01/FreeRTOS/Source/timers.o
 .text.prvTimerTask
                0x0000000080001802      0x204 build//home/rt/Documents/R_T/Github/freertos/cva6/upstream_kernel/FreeRTOSv202212.01/FreeRTOS/Source/timers.o
 .text.xTimerCreateTimerTask
                0x0000000080001a06       0x42 build//home/rt/Documents/R_T/Github/freertos/cva6/upstream_kernel/FreeRTOSv202212.01/FreeRTOS/Source/timers.o
                0x0000000080001a06                xTimerCreateTimerTask
 .text.prvInsertBlockIntoFreeList
                0x0000000080001a48       0x56 build//home/rt/Documents/R_T/Github/freertos/cva6/upstream_kernel/FreeRTOSv202212.01/FreeRTOS/Source/portable/MemMang/heap_4.o
 .text.pvPortMalloc
                0x0000000080001a9e      0x168 build//home/rt/Documents/R_T/Github/freertos/cva6/upstream_kernel/FreeRTOSv202212.01/FreeRTOS/Source/portable/MemMang/heap_4.o
                0x0000000080001a9e                pvPortMalloc
 .text.vPortFree
                0x0000000080001c06       0x84 build//home/rt/Documents/R_T/Github/freertos/cva6/upstream_kernel/FreeRTOSv202212.01/FreeRTOS/Source/portable/MemMang/heap_4.o
                0x0000000080001c06                vPortFree
 .text.vPortSetupTimerInterrupt
                0x0000000080001c8a       0x5e build//home/rt/Documents/R_T/Github/freertos/cva6/upstream_kernel/FreeRTOSv202212.01/FreeRTOS/Source/portable/GCC/RISC-V/port.o
                0x0000000080001c8a                vPortSetupTimerInterrupt
 .text.xPortStartScheduler
                0x0000000080001ce8       0x2a build//home/rt/Documents/R_T/Github/freertos/cva6/upstream_kernel/FreeRTOSv202212.01/FreeRTOS/Source/portable/GCC/RISC-V/port.o
                0x0000000080001ce8                xPortStartScheduler
 .text          0x0000000080001d12       0xc2 build//home/rt/Documents/R_T/Github/freertos/cva6/upstream_kernel/FreeRTOSv202212.01/FreeRTOS/Source/portable/GCC/RISC-V/portASM.o
                0x0000000080001d12                pxPortInitialiseStack
                0x0000000080001d5a                xPortStartFirstTask
                0x0000000080001db8                freertos_risc_v_application_exception_handler
                0x0000000080001dc6                freertos_risc_v_application_interrupt_handler
 *fill*         0x0000000080001dd4       0x2c 
 .text.freertos_risc_v_trap_handler
                0x0000000080001e00      0x1da build//home/rt/Documents/R_T/Github/freertos/cva6/upstream_kernel/FreeRTOSv202212.01/FreeRTOS/Source/portable/GCC/RISC-V/portASM.o
                0x0000000080001e00                freertos_risc_v_trap_handler
 *fill*         0x0000000080001fda        0x2 
 .text          0x0000000080001fdc       0x4c /home/rt/riscv/cva6/tools/riscv_gnu_toolchain/install_latest_rv32imaf/lib/gcc/riscv32-unknown-elf/11.1.0/libgcc.a(_clzsi2.o)
                0x0000000080001fdc                __clzsi2
 .text          0x0000000080002028      0x128 /home/rt/riscv/cva6/tools/riscv_gnu_toolchain/install_latest_rv32imaf/lib/gcc/riscv32-unknown-elf/11.1.0/../../../../riscv32-unknown-elf/lib/libc.a(lib_a-memcpy.o)
                0x0000000080002028                memcpy
 .text          0x0000000080002150       0xdc /home/rt/riscv/cva6/tools/riscv_gnu_toolchain/install_latest_rv32imaf/lib/gcc/riscv32-unknown-elf/11.1.0/../../../../riscv32-unknown-elf/lib/libc.a(lib_a-memset.o)
                0x0000000080002150                memset
 .text          0x000000008000222c       0xe4 /home/rt/riscv/cva6/tools/riscv_gnu_toolchain/install_latest_rv32imaf/lib/gcc/riscv32-unknown-elf/11.1.0/../../../../riscv32-unknown-elf/lib/libc.a(lib_a-sprintf.o)
                0x000000008000222c                _sprintf_r
                0x0000000080002298                sprintf
 .text          0x0000000080002310      0x17c /home/rt/riscv/cva6/tools/riscv_gnu_toolchain/install_latest_rv32imaf/lib/gcc/riscv32-unknown-elf/11.1.0/../../../../riscv32-unknown-elf/lib/libc.a(lib_a-strcmp.o)
                0x0000000080002310                strcmp
 .text          0x000000008000248c       0x8c /home/rt/riscv/cva6/tools/riscv_gnu_toolchain/install_latest_rv32imaf/lib/gcc/riscv32-unknown-elf/11.1.0/../../../../riscv32-unknown-elf/lib/libc.a(lib_a-strlen.o)
                0x000000008000248c                strlen
 .text          0x0000000080002518     0x297c /home/rt/riscv/cva6/tools/riscv_gnu_toolchain/install_latest_rv32imaf/lib/gcc/riscv32-unknown-elf/11.1.0/../../../../riscv32-unknown-elf/lib/libc.a(lib_a-svfprintf.o)
                0x0000000080002518                _svfprintf_r
 .text          0x0000000080004e94      0x44c /home/rt/riscv/cva6/tools/riscv_gnu_toolchain/install_latest_rv32imaf/lib/gcc/riscv32-unknown-elf/11.1.0/../../../../riscv32-unknown-elf/lib/libc.a(lib_a-freer.o)
                0x0000000080004e94                _malloc_trim_r
                0x0000000080004fd0                _free_r
 .text          0x00000000800052e0     0x2b2c /home/rt/riscv/cva6/tools/riscv_gnu_toolchain/install_latest_rv32imaf/lib/gcc/riscv32-unknown-elf/11.1.0/../../../../riscv32-unknown-elf/lib/libc.a(lib_a-ldtoa.o)
                0x0000000080006b10                _ldtoa_r
                0x0000000080007d94                _ldcheck
 .text          0x0000000080007e0c       0x20 /home/rt/riscv/cva6/tools/riscv_gnu_toolchain/install_latest_rv32imaf/lib/gcc/riscv32-unknown-elf/11.1.0/../../../../riscv32-unknown-elf/lib/libc.a(lib_a-localeconv.o)
                0x0000000080007e0c                __localeconv_l
                0x0000000080007e14                _localeconv_r
                0x0000000080007e20                localeconv
 .text          0x0000000080007e2c      0x104 /home/rt/riscv/cva6/tools/riscv_gnu_toolchain/install_latest_rv32imaf/lib/gcc/riscv32-unknown-elf/11.1.0/../../../../riscv32-unknown-elf/lib/libc.a(lib_a-locale.o)
                0x0000000080007e2c                _setlocale_r
                0x0000000080007ea8                __locale_mb_cur_max
                0x0000000080007eb4                setlocale
 .text          0x0000000080007f30      0x7c8 /home/rt/riscv/cva6/tools/riscv_gnu_toolchain/install_latest_rv32imaf/lib/gcc/riscv32-unknown-elf/11.1.0/../../../../riscv32-unknown-elf/lib/libc.a(lib_a-mallocr.o)
                0x0000000080007f30                _malloc_r
 .text          0x00000000800086f8       0x74 /home/rt/riscv/cva6/tools/riscv_gnu_toolchain/install_latest_rv32imaf/lib/gcc/riscv32-unknown-elf/11.1.0/../../../../riscv32-unknown-elf/lib/libc.a(lib_a-mbtowc_r.o)
                0x00000000800086f8                _mbtowc_r
                0x0000000080008704                __ascii_mbtowc
 .text          0x000000008000876c       0xc8 /home/rt/riscv/cva6/tools/riscv_gnu_toolchain/install_latest_rv32imaf/lib/gcc/riscv32-unknown-elf/11.1.0/../../../../riscv32-unknown-elf/lib/libc.a(lib_a-memchr.o)
                0x000000008000876c                memchr
 .text          0x0000000080008834        0x8 /home/rt/riscv/cva6/tools/riscv_gnu_toolchain/install_latest_rv32imaf/lib/gcc/riscv32-unknown-elf/11.1.0/../../../../riscv32-unknown-elf/lib/libc.a(lib_a-mlock.o)
                0x0000000080008834                __malloc_lock
                0x0000000080008838                __malloc_unlock
 .text          0x000000008000883c     0x1208 /home/rt/riscv/cva6/tools/riscv_gnu_toolchain/install_latest_rv32imaf/lib/gcc/riscv32-unknown-elf/11.1.0/../../../../riscv32-unknown-elf/lib/libc.a(lib_a-mprec.o)
                0x000000008000883c                _Balloc
                0x00000000800088e4                _Bfree
                0x0000000080008908                __multadd
                0x0000000080008a54                __s2b
                0x0000000080008b88                __hi0bits
                0x0000000080008c00                __lo0bits
                0x0000000080008ce0                __i2b
                0x0000000080008d90                __multiply
                0x0000000080008fc4                __pow5mult
                0x000000008000911c                __lshift
                0x00000000800092ac                __mcmp
                0x0000000080009304                __mdiff
                0x0000000080009548                __ulp
                0x00000000800095b0                __b2d
                0x00000000800096c8                __d2b
                0x0000000080009824                __ratio
                0x00000000800098cc                _mprec_log10
                0x0000000080009978                __copybits
                0x00000000800099e0                __any_on
 .text          0x0000000080009a44       0x58 /home/rt/riscv/cva6/tools/riscv_gnu_toolchain/install_latest_rv32imaf/lib/gcc/riscv32-unknown-elf/11.1.0/../../../../riscv32-unknown-elf/lib/libc.a(lib_a-sbrkr.o)
                0x0000000080009a44                _sbrk_r
 .text          0x0000000080009a9c       0xb0 /home/rt/riscv/cva6/tools/riscv_gnu_toolchain/install_latest_rv32imaf/lib/gcc/riscv32-unknown-elf/11.1.0/../../../../riscv32-unknown-elf/lib/libc.a(lib_a-s_frexp.o)
                0x0000000080009a9c                frexp
 .text          0x0000000080009b4c       0xb0 /home/rt/riscv/cva6/tools/riscv_gnu_toolchain/install_latest_rv32imaf/lib/gcc/riscv32-unknown-elf/11.1.0/../../../../riscv32-unknown-elf/lib/libc.a(lib_a-strcpy.o)
                0x0000000080009b4c                strcpy
 .text          0x0000000080009bfc       0xa8 /home/rt/riscv/cva6/tools/riscv_gnu_toolchain/install_latest_rv32imaf/lib/gcc/riscv32-unknown-elf/11.1.0/../../../../riscv32-unknown-elf/lib/libc.a(lib_a-strncpy.o)
                0x0000000080009bfc                strncpy
 .text          0x0000000080009ca4     0x11e0 /home/rt/riscv/cva6/tools/riscv_gnu_toolchain/install_latest_rv32imaf/lib/gcc/riscv32-unknown-elf/11.1.0/../../../../riscv32-unknown-elf/lib/libc.a(lib_a-svfiprintf.o)
                0x0000000080009ca4                __ssprint_r
                0x0000000080009e64                _svfiprintf_r
 .text          0x000000008000ae84       0x3c /home/rt/riscv/cva6/tools/riscv_gnu_toolchain/install_latest_rv32imaf/lib/gcc/riscv32-unknown-elf/11.1.0/../../../../riscv32-unknown-elf/lib/libc.a(lib_a-wctomb_r.o)
                0x000000008000ae84                _wctomb_r
                0x000000008000ae90                __ascii_wctomb
 .text          0x000000008000aec0       0x68 /home/rt/riscv/cva6/tools/riscv_gnu_toolchain/install_latest_rv32imaf/lib/gcc/riscv32-unknown-elf/11.1.0/../../../../riscv32-unknown-elf/lib/libc.a(lib_a-assert.o)
                0x000000008000aec0                __assert_func
                0x000000008000af14                __assert
 .text          0x000000008000af28       0xe8 /home/rt/riscv/cva6/tools/riscv_gnu_toolchain/install_latest_rv32imaf/lib/gcc/riscv32-unknown-elf/11.1.0/../../../../riscv32-unknown-elf/lib/libc.a(lib_a-callocr.o)
                0x000000008000af28                _calloc_r
 .text          0x000000008000b010        0x8 /home/rt/riscv/cva6/tools/riscv_gnu_toolchain/install_latest_rv32imaf/lib/gcc/riscv32-unknown-elf/11.1.0/../../../../riscv32-unknown-elf/lib/libc.a(lib_a-errno.o)
                0x000000008000b010                __errno
 .text          0x000000008000b018       0x80 /home/rt/riscv/cva6/tools/riscv_gnu_toolchain/install_latest_rv32imaf/lib/gcc/riscv32-unknown-elf/11.1.0/../../../../riscv32-unknown-elf/lib/libc.a(lib_a-fiprintf.o)
                0x000000008000b018                _fiprintf_r
                0x000000008000b050                fiprintf
 .text          0x000000008000b098      0x120 /home/rt/riscv/cva6/tools/riscv_gnu_toolchain/install_latest_rv32imaf/lib/gcc/riscv32-unknown-elf/11.1.0/../../../../riscv32-unknown-elf/lib/libc.a(lib_a-memmove-stub.o)
                0x000000008000b098                memmove
 .text          0x000000008000b1b8      0x55c /home/rt/riscv/cva6/tools/riscv_gnu_toolchain/install_latest_rv32imaf/lib/gcc/riscv32-unknown-elf/11.1.0/../../../../riscv32-unknown-elf/lib/libc.a(lib_a-reallocr.o)
                0x000000008000b1b8                _realloc_r
 .text          0x000000008000b714     0x1484 /home/rt/riscv/cva6/tools/riscv_gnu_toolchain/install_latest_rv32imaf/lib/gcc/riscv32-unknown-elf/11.1.0/../../../../riscv32-unknown-elf/lib/libc.a(lib_a-vfiprintf.o)
                0x000000008000b808                __sprint_r
                0x000000008000b820                _vfiprintf_r
                0x000000008000cac4                vfiprintf
 .text          0x000000008000cb98      0x168 /home/rt/riscv/cva6/tools/riscv_gnu_toolchain/install_latest_rv32imaf/lib/gcc/riscv32-unknown-elf/11.1.0/../../../../riscv32-unknown-elf/lib/libc.a(lib_a-wsetup.o)
                0x000000008000cb98                __swsetup_r
 .text          0x000000008000cd00       0x18 /home/rt/riscv/cva6/tools/riscv_gnu_toolchain/install_latest_rv32imaf/lib/gcc/riscv32-unknown-elf/11.1.0/../../../../riscv32-unknown-elf/lib/libc.a(lib_a-abort.o)
                0x000000008000cd00                abort
 .text          0x000000008000cd18      0x340 /home/rt/riscv/cva6/tools/riscv_gnu_toolchain/install_latest_rv32imaf/lib/gcc/riscv32-unknown-elf/11.1.0/../../../../riscv32-unknown-elf/lib/libc.a(lib_a-fflush.o)
                0x000000008000cd18                __sflush_r
                0x000000008000cf7c                _fflush_r
                0x000000008000cfdc                fflush
 .text          0x000000008000d058      0x390 /home/rt/riscv/cva6/tools/riscv_gnu_toolchain/install_latest_rv32imaf/lib/gcc/riscv32-unknown-elf/11.1.0/../../../../riscv32-unknown-elf/lib/libc.a(lib_a-findfp.o)
                0x000000008000d060                _cleanup_r
                0x000000008000d1f8                __sfmoreglue
                0x000000008000d264                __sfp
                0x000000008000d398                _cleanup
                0x000000008000d3a8                __sinit
                0x000000008000d3b8                __sfp_lock_acquire
                0x000000008000d3bc                __sfp_lock_release
                0x000000008000d3c0                __sinit_lock_acquire
                0x000000008000d3c4                __sinit_lock_release
                0x000000008000d3c8                __fp_lock_all
                0x000000008000d3d8                __fp_unlock_all
 .text          0x000000008000d3e8      0x1d4 /home/rt/riscv/cva6/tools/riscv_gnu_toolchain/install_latest_rv32imaf/lib/gcc/riscv32-unknown-elf/11.1.0/../../../../riscv32-unknown-elf/lib/libc.a(lib_a-fputwc.o)
                0x000000008000d3e8                __fputwc
                0x000000008000d514                _fputwc_r
                0x000000008000d540                fputwc
 .text          0x000000008000d5bc      0x4b0 /home/rt/riscv/cva6/tools/riscv_gnu_toolchain/install_latest_rv32imaf/lib/gcc/riscv32-unknown-elf/11.1.0/../../../../riscv32-unknown-elf/lib/libc.a(lib_a-fvwrite.o)
                0x000000008000d5bc                __sfvwrite_r
 .text          0x000000008000da6c      0x158 /home/rt/riscv/cva6/tools/riscv_gnu_toolchain/install_latest_rv32imaf/lib/gcc/riscv32-unknown-elf/11.1.0/../../../../riscv32-unknown-elf/lib/libc.a(lib_a-fwalk.o)
                0x000000008000da6c                _fwalk
                0x000000008000db10                _fwalk_reent
 .text          0x000000008000dbc4      0x26c /home/rt/riscv/cva6/tools/riscv_gnu_toolchain/install_latest_rv32imaf/lib/gcc/riscv32-unknown-elf/11.1.0/../../../../riscv32-unknown-elf/lib/libc.a(lib_a-makebuf.o)
                0x000000008000dbc4                __smakebuf_r
                0x000000008000dd54                __swhatbuf_r
 .text          0x000000008000de30      0x580 /home/rt/riscv/cva6/tools/riscv_gnu_toolchain/install_latest_rv32imaf/lib/gcc/riscv32-unknown-elf/11.1.0/../../../../riscv32-unknown-elf/lib/libc.a(lib_a-signal.o)
                0x000000008000de30                _init_signal_r
                0x000000008000de8c                _signal_r
                0x000000008000df34                _raise_r
                0x000000008000e010                __sigtramp_r
                0x000000008000e0f0                raise
                0x000000008000e1c8                signal
                0x000000008000e278                _init_signal
                0x000000008000e2d4                __sigtramp
 .text          0x000000008000e3b0       0x64 /home/rt/riscv/cva6/tools/riscv_gnu_toolchain/install_latest_rv32imaf/lib/gcc/riscv32-unknown-elf/11.1.0/../../../../riscv32-unknown-elf/lib/libc.a(lib_a-signalr.o)
                0x000000008000e3b0                _kill_r
                0x000000008000e410                _getpid_r
 .text          0x000000008000e414      0x15c /home/rt/riscv/cva6/tools/riscv_gnu_toolchain/install_latest_rv32imaf/lib/gcc/riscv32-unknown-elf/11.1.0/../../../../riscv32-unknown-elf/lib/libc.a(lib_a-stdio.o)
                0x000000008000e414                __sread
                0x000000008000e470                __seofread
                0x000000008000e478                __swrite
                0x000000008000e500                __sseek
                0x000000008000e568                __sclose
 .text          0x000000008000e570      0x198 /home/rt/riscv/cva6/tools/riscv_gnu_toolchain/install_latest_rv32imaf/lib/gcc/riscv32-unknown-elf/11.1.0/../../../../riscv32-unknown-elf/lib/libc.a(lib_a-wbuf.o)
                0x000000008000e570                __swbuf_r
                0x000000008000e6f8                __swbuf
 .text          0x000000008000e708      0x108 /home/rt/riscv/cva6/tools/riscv_gnu_toolchain/install_latest_rv32imaf/lib/gcc/riscv32-unknown-elf/11.1.0/../../../../riscv32-unknown-elf/lib/libc.a(lib_a-wcrtomb.o)
                0x000000008000e708                _wcrtomb_r
                0x000000008000e780                wcrtomb
 .text          0x000000008000e810       0x64 /home/rt/riscv/cva6/tools/riscv_gnu_toolchain/install_latest_rv32imaf/lib/gcc/riscv32-unknown-elf/11.1.0/../../../../riscv32-unknown-elf/lib/libc.a(lib_a-writer.o)
                0x000000008000e810                _write_r
 .text          0x000000008000e874       0x58 /home/rt/riscv/cva6/tools/riscv_gnu_toolchain/install_latest_rv32imaf/lib/gcc/riscv32-unknown-elf/11.1.0/../../../../riscv32-unknown-elf/lib/libc.a(lib_a-closer.o)
                0x000000008000e874                _close_r
 .text          0x000000008000e8cc      0x11c /home/rt/riscv/cva6/tools/riscv_gnu_toolchain/install_latest_rv32imaf/lib/gcc/riscv32-unknown-elf/11.1.0/../../../../riscv32-unknown-elf/lib/libc.a(lib_a-fclose.o)
                0x000000008000e8cc                _fclose_r
                0x000000008000e9dc                fclose
 .text          0x000000008000e9e8       0x60 /home/rt/riscv/cva6/tools/riscv_gnu_toolchain/install_latest_rv32imaf/lib/gcc/riscv32-unknown-elf/11.1.0/../../../../riscv32-unknown-elf/lib/libc.a(lib_a-fstatr.o)
                0x000000008000e9e8                _fstat_r
 .text          0x000000008000ea48       0x58 /home/rt/riscv/cva6/tools/riscv_gnu_toolchain/install_latest_rv32imaf/lib/gcc/riscv32-unknown-elf/11.1.0/../../../../riscv32-unknown-elf/lib/libc.a(lib_a-isattyr.o)
                0x000000008000ea48                _isatty_r
 .text          0x000000008000eaa0       0x64 /home/rt/riscv/cva6/tools/riscv_gnu_toolchain/install_latest_rv32imaf/lib/gcc/riscv32-unknown-elf/11.1.0/../../../../riscv32-unknown-elf/lib/libc.a(lib_a-lseekr.o)
                0x000000008000eaa0                _lseek_r
 .text          0x000000008000eb04       0x64 /home/rt/riscv/cva6/tools/riscv_gnu_toolchain/install_latest_rv32imaf/lib/gcc/riscv32-unknown-elf/11.1.0/../../../../riscv32-unknown-elf/lib/libc.a(lib_a-readr.o)
                0x000000008000eb04                _read_r
 .text          0x000000008000eb68       0x44 /home/rt/riscv/cva6/tools/riscv_gnu_toolchain/install_latest_rv32imaf/lib/gcc/riscv32-unknown-elf/11.1.0/../../../../riscv32-unknown-elf/lib/libgloss.a(sys_close.o)
                0x000000008000eb68                _close
 .text          0x000000008000ebac       0x30 /home/rt/riscv/cva6/tools/riscv_gnu_toolchain/install_latest_rv32imaf/lib/gcc/riscv32-unknown-elf/11.1.0/../../../../riscv32-unknown-elf/lib/libgloss.a(sys_exit.o)
                0x000000008000ebac                _exit
 .text          0x000000008000ebdc       0x60 /home/rt/riscv/cva6/tools/riscv_gnu_toolchain/install_latest_rv32imaf/lib/gcc/riscv32-unknown-elf/11.1.0/../../../../riscv32-unknown-elf/lib/libgloss.a(sys_fstat.o)
                0x000000008000ebdc                _fstat
 .text          0x000000008000ec3c        0x8 /home/rt/riscv/cva6/tools/riscv_gnu_toolchain/install_latest_rv32imaf/lib/gcc/riscv32-unknown-elf/11.1.0/../../../../riscv32-unknown-elf/lib/libgloss.a(sys_getpid.o)
                0x000000008000ec3c                _getpid
 .text          0x000000008000ec44       0x40 /home/rt/riscv/cva6/tools/riscv_gnu_toolchain/install_latest_rv32imaf/lib/gcc/riscv32-unknown-elf/11.1.0/../../../../riscv32-unknown-elf/lib/libgloss.a(sys_isatty.o)
                0x000000008000ec44                _isatty
 .text          0x000000008000ec84       0x24 /home/rt/riscv/cva6/tools/riscv_gnu_toolchain/install_latest_rv32imaf/lib/gcc/riscv32-unknown-elf/11.1.0/../../../../riscv32-unknown-elf/lib/libgloss.a(sys_kill.o)
                0x000000008000ec84                _kill
 .text          0x000000008000eca8       0x44 /home/rt/riscv/cva6/tools/riscv_gnu_toolchain/install_latest_rv32imaf/lib/gcc/riscv32-unknown-elf/11.1.0/../../../../riscv32-unknown-elf/lib/libgloss.a(sys_lseek.o)
                0x000000008000eca8                _lseek
 .text          0x000000008000ecec       0x44 /home/rt/riscv/cva6/tools/riscv_gnu_toolchain/install_latest_rv32imaf/lib/gcc/riscv32-unknown-elf/11.1.0/../../../../riscv32-unknown-elf/lib/libgloss.a(sys_read.o)
                0x000000008000ecec                _read
 .text          0x000000008000ed30       0x80 /home/rt/riscv/cva6/tools/riscv_gnu_toolchain/install_latest_rv32imaf/lib/gcc/riscv32-unknown-elf/11.1.0/../../../../riscv32-unknown-elf/lib/libgloss.a(sys_sbrk.o)
                0x000000008000ed30                _sbrk
 .text          0x000000008000edb0       0x44 /home/rt/riscv/cva6/tools/riscv_gnu_toolchain/install_latest_rv32imaf/lib/gcc/riscv32-unknown-elf/11.1.0/../../../../riscv32-unknown-elf/lib/libgloss.a(sys_write.o)
                0x000000008000edb0                _write
 .text          0x000000008000edf4       0xa4 /home/rt/riscv/cva6/tools/riscv_gnu_toolchain/install_latest_rv32imaf/lib/gcc/riscv32-unknown-elf/11.1.0/../../../../riscv32-unknown-elf/lib/libgloss.a(sys_conv_stat.o)
                0x000000008000edf4                _conv_stat
 .text          0x000000008000ee98      0x8ac /home/rt/riscv/cva6/tools/riscv_gnu_toolchain/install_latest_rv32imaf/lib/gcc/riscv32-unknown-elf/11.1.0/libgcc.a(divdf3.o)
                0x000000008000ee98                __divdf3
 .text          0x000000008000f744      0x7dc /home/rt/riscv/cva6/tools/riscv_gnu_toolchain/install_latest_rv32imaf/lib/gcc/riscv32-unknown-elf/11.1.0/libgcc.a(muldf3.o)
                0x000000008000f744                __muldf3
 .text          0x000000008000ff20      0x12c /home/rt/riscv/cva6/tools/riscv_gnu_toolchain/install_latest_rv32imaf/lib/gcc/riscv32-unknown-elf/11.1.0/libgcc.a(eqtf2.o)
                0x000000008000ff20                __eqtf2
                0x000000008000ff20                __netf2
 .text          0x000000008001004c      0x14c /home/rt/riscv/cva6/tools/riscv_gnu_toolchain/install_latest_rv32imaf/lib/gcc/riscv32-unknown-elf/11.1.0/libgcc.a(getf2.o)
                0x000000008001004c                __getf2
                0x000000008001004c                __gttf2
 .text          0x0000000080010198      0x14c /home/rt/riscv/cva6/tools/riscv_gnu_toolchain/install_latest_rv32imaf/lib/gcc/riscv32-unknown-elf/11.1.0/libgcc.a(letf2.o)
                0x0000000080010198                __letf2
                0x0000000080010198                __lttf2
 .text          0x00000000800102e4     0x1270 /home/rt/riscv/cva6/tools/riscv_gnu_toolchain/install_latest_rv32imaf/lib/gcc/riscv32-unknown-elf/11.1.0/libgcc.a(multf3.o)
                0x00000000800102e4                __multf3
 .text          0x0000000080011554     0x1954 /home/rt/riscv/cva6/tools/riscv_gnu_toolchain/install_latest_rv32imaf/lib/gcc/riscv32-unknown-elf/11.1.0/libgcc.a(subtf3.o)
                0x0000000080011554                __subtf3
 .text          0x0000000080012ea8      0x1a8 /home/rt/riscv/cva6/tools/riscv_gnu_toolchain/install_latest_rv32imaf/lib/gcc/riscv32-unknown-elf/11.1.0/libgcc.a(fixtfsi.o)
                0x0000000080012ea8                __fixtfsi
 .text          0x0000000080013050      0x154 /home/rt/riscv/cva6/tools/riscv_gnu_toolchain/install_latest_rv32imaf/lib/gcc/riscv32-unknown-elf/11.1.0/libgcc.a(floatsitf.o)
                0x0000000080013050                __floatsitf
 .text          0x00000000800131a4      0x22c /home/rt/riscv/cva6/tools/riscv_gnu_toolchain/install_latest_rv32imaf/lib/gcc/riscv32-unknown-elf/11.1.0/libgcc.a(extenddftf2.o)
                0x00000000800131a4                __extenddftf2
 .text          0x00000000800133d0      0x500 /home/rt/riscv/cva6/tools/riscv_gnu_toolchain/install_latest_rv32imaf/lib/gcc/riscv32-unknown-elf/11.1.0/libgcc.a(trunctfdf2.o)
                0x00000000800133d0                __trunctfdf2
 *(.gnu.linkonce.t.*)

.fini           0x00000000800138d0        0x0
 *(SORT_NONE(.fini))
                0x00000000800138d0                _etext = .

.rodata.align   0x00000000800138d0        0x0
                0x00000000800138d0                . = ALIGN (0x4)
                0x00000000800138d0                _rodata = .

.rodata.start   0x00000000800138d0        0x0
                0x00000000800138d0                _rodata_lma = LOADADDR (.rodata.start)

.rodata         0x00000000800138d0      0xd88
 *(.rdata)
 *(.rodata .rodata.*)
 .rodata.prvQueueSendTask.str1.4
                0x00000000800138d0       0x23 build/main_blinky.o
 *fill*         0x00000000800138f3        0x1 
 .rodata.prvQueueReceiveTask.str1.4
                0x00000000800138f4       0x2c build/main_blinky.o
 .rodata.main_blinky.str1.4
                0x0000000080013920       0x17 build/main_blinky.o
 *fill*         0x0000000080013937        0x1 
 .rodata.vTaskStartScheduler.str1.4
                0x0000000080013938        0x5 build//home/rt/Documents/R_T/Github/freertos/cva6/upstream_kernel/FreeRTOSv202212.01/FreeRTOS/Source/tasks.o
 *fill*         0x000000008001393d        0x3 
 .rodata.prvCheckForValidListAndQueue.str1.4
                0x0000000080013940        0x5 build//home/rt/Documents/R_T/Github/freertos/cva6/upstream_kernel/FreeRTOSv202212.01/FreeRTOS/Source/timers.o
 *fill*         0x0000000080013945        0x3 
 .rodata.prvTimerTask
                0x0000000080013948       0x28 build//home/rt/Documents/R_T/Github/freertos/cva6/upstream_kernel/FreeRTOSv202212.01/FreeRTOS/Source/timers.o
 .rodata.xTimerCreateTimerTask.str1.4
                0x0000000080013970        0x8 build//home/rt/Documents/R_T/Github/freertos/cva6/upstream_kernel/FreeRTOSv202212.01/FreeRTOS/Source/timers.o
 .rodata        0x0000000080013978      0x100 /home/rt/riscv/cva6/tools/riscv_gnu_toolchain/install_latest_rv32imaf/lib/gcc/riscv32-unknown-elf/11.1.0/libgcc.a(_clz.o)
                0x0000000080013978                __clz_tab
 .rodata.str1.4
                0x0000000080013a78       0x42 /home/rt/riscv/cva6/tools/riscv_gnu_toolchain/install_latest_rv32imaf/lib/gcc/riscv32-unknown-elf/11.1.0/../../../../riscv32-unknown-elf/lib/libc.a(lib_a-svfprintf.o)
 *fill*         0x0000000080013aba        0x2 
 .rodata        0x0000000080013abc      0x224 /home/rt/riscv/cva6/tools/riscv_gnu_toolchain/install_latest_rv32imaf/lib/gcc/riscv32-unknown-elf/11.1.0/../../../../riscv32-unknown-elf/lib/libc.a(lib_a-svfprintf.o)
 .rodata.cst16  0x0000000080013ce0       0x30 /home/rt/riscv/cva6/tools/riscv_gnu_toolchain/install_latest_rv32imaf/lib/gcc/riscv32-unknown-elf/11.1.0/../../../../riscv32-unknown-elf/lib/libc.a(lib_a-svfprintf.o)
 .rodata.str1.4
                0x0000000080013d10       0xae /home/rt/riscv/cva6/tools/riscv_gnu_toolchain/install_latest_rv32imaf/lib/gcc/riscv32-unknown-elf/11.1.0/../../../../riscv32-unknown-elf/lib/libc.a(lib_a-ldtoa.o)
 *fill*         0x0000000080013dbe        0x2 
 .rodata        0x0000000080013dc0      0x252 /home/rt/riscv/cva6/tools/riscv_gnu_toolchain/install_latest_rv32imaf/lib/gcc/riscv32-unknown-elf/11.1.0/../../../../riscv32-unknown-elf/lib/libc.a(lib_a-ldtoa.o)
 *fill*         0x0000000080014012        0x2 
 .rodata.str1.4
                0x0000000080014014        0xe /home/rt/riscv/cva6/tools/riscv_gnu_toolchain/install_latest_rv32imaf/lib/gcc/riscv32-unknown-elf/11.1.0/../../../../riscv32-unknown-elf/lib/libc.a(lib_a-locale.o)
                                         0x12 (size before relaxing)
 *fill*         0x0000000080014022        0x2 
 .rodata.str1.4
                0x0000000080014024       0x71 /home/rt/riscv/cva6/tools/riscv_gnu_toolchain/install_latest_rv32imaf/lib/gcc/riscv32-unknown-elf/11.1.0/../../../../riscv32-unknown-elf/lib/libc.a(lib_a-mprec.o)
                                         0x85 (size before relaxing)
 *fill*         0x0000000080014095        0x3 
 .rodata        0x0000000080014098      0x128 /home/rt/riscv/cva6/tools/riscv_gnu_toolchain/install_latest_rv32imaf/lib/gcc/riscv32-unknown-elf/11.1.0/../../../../riscv32-unknown-elf/lib/libc.a(lib_a-mprec.o)
                0x00000000800140a8                __mprec_tens
                0x0000000080014170                __mprec_tinytens
                0x0000000080014198                __mprec_bigtens
 .rodata.str1.4
                0x00000000800141c0       0x2f /home/rt/riscv/cva6/tools/riscv_gnu_toolchain/install_latest_rv32imaf/lib/gcc/riscv32-unknown-elf/11.1.0/../../../../riscv32-unknown-elf/lib/libc.a(lib_a-svfiprintf.o)
 .rodata        0x00000000800141c0      0x18c /home/rt/riscv/cva6/tools/riscv_gnu_toolchain/install_latest_rv32imaf/lib/gcc/riscv32-unknown-elf/11.1.0/../../../../riscv32-unknown-elf/lib/libc.a(lib_a-svfiprintf.o)
 .rodata.str1.4
                0x000000008001434c       0x3f /home/rt/riscv/cva6/tools/riscv_gnu_toolchain/install_latest_rv32imaf/lib/gcc/riscv32-unknown-elf/11.1.0/../../../../riscv32-unknown-elf/lib/libc.a(lib_a-assert.o)
                                         0x43 (size before relaxing)
 *fill*         0x000000008001438b        0x1 
 .rodata        0x000000008001438c      0x101 /home/rt/riscv/cva6/tools/riscv_gnu_toolchain/install_latest_rv32imaf/lib/gcc/riscv32-unknown-elf/11.1.0/../../../../riscv32-unknown-elf/lib/libc.a(lib_a-ctype_.o)
                0x000000008001438c                _ctype_
 .rodata.str1.4
                0x000000008001448d       0x2f /home/rt/riscv/cva6/tools/riscv_gnu_toolchain/install_latest_rv32imaf/lib/gcc/riscv32-unknown-elf/11.1.0/../../../../riscv32-unknown-elf/lib/libc.a(lib_a-vfiprintf.o)
 *fill*         0x000000008001448d        0x3 
 .rodata        0x0000000080014490      0x18c /home/rt/riscv/cva6/tools/riscv_gnu_toolchain/install_latest_rv32imaf/lib/gcc/riscv32-unknown-elf/11.1.0/../../../../riscv32-unknown-elf/lib/libc.a(lib_a-vfiprintf.o)
 .rodata        0x000000008001461c       0x3c /home/rt/riscv/cva6/tools/riscv_gnu_toolchain/install_latest_rv32imaf/lib/gcc/riscv32-unknown-elf/11.1.0/libgcc.a(divdf3.o)
 *(.gnu.linkonce.r.*)
                0x0000000080014658                . = ALIGN (0x4)
                0x0000000080014658                _erodata = .

.rela.dyn       0x0000000080014658        0x0
 .rela.init     0x0000000080014658        0x0 build/main.o

.data.align     0x0000000080080000        0x0 load address 0x0000000080014658
                0x0000000080080000                . = ALIGN (0x4)
                0x0000000080080000                _data = .

.data.start     0x0000000080080000        0x0 load address 0x0000000080014658
                0x0000000080014658                _data_lma = LOADADDR (.data.start)

.data           0x0000000080080000      0x9e4 load address 0x0000000080014658
 *(.data .data.*)
 .data          0x0000000080080000      0x428 /home/rt/riscv/cva6/tools/riscv_gnu_toolchain/install_latest_rv32imaf/lib/gcc/riscv32-unknown-elf/11.1.0/../../../../riscv32-unknown-elf/lib/libc.a(lib_a-impure.o)
 .data          0x0000000080080428      0x16c /home/rt/riscv/cva6/tools/riscv_gnu_toolchain/install_latest_rv32imaf/lib/gcc/riscv32-unknown-elf/11.1.0/../../../../riscv32-unknown-elf/lib/libc.a(lib_a-locale.o)
                0x0000000080080428                __global_locale
 .data          0x0000000080080594      0x408 /home/rt/riscv/cva6/tools/riscv_gnu_toolchain/install_latest_rv32imaf/lib/gcc/riscv32-unknown-elf/11.1.0/../../../../riscv32-unknown-elf/lib/libc.a(lib_a-mallocr.o)
                0x0000000080080594                __malloc_av_
 *(.gnu.linkonce.d.*)
                0x00000000800809a0                . = ALIGN (0x8)
 *fill*         0x000000008008099c        0x4 
                0x00000000800811a0                PROVIDE (__global_pointer$ = (. + 0x800))
 *(.sdata .sdata.*)
 .sdata.uxTopUsedPriority
                0x00000000800809a0        0x4 build//home/rt/Documents/R_T/Github/freertos/cva6/upstream_kernel/FreeRTOSv202212.01/FreeRTOS/Source/tasks.o
                0x00000000800809a0                uxTopUsedPriority
 .sdata.pullNextTime
                0x00000000800809a4        0x4 build//home/rt/Documents/R_T/Github/freertos/cva6/upstream_kernel/FreeRTOSv202212.01/FreeRTOS/Source/portable/GCC/RISC-V/port.o
                0x00000000800809a4                pullNextTime
 .sdata.pxCriticalNesting
                0x00000000800809a8        0x4 build//home/rt/Documents/R_T/Github/freertos/cva6/upstream_kernel/FreeRTOSv202212.01/FreeRTOS/Source/portable/GCC/RISC-V/port.o
                0x00000000800809a8                pxCriticalNesting
 .sdata.xCriticalNesting
                0x00000000800809ac        0x4 build//home/rt/Documents/R_T/Github/freertos/cva6/upstream_kernel/FreeRTOSv202212.01/FreeRTOS/Source/portable/GCC/RISC-V/port.o
                0x00000000800809ac                xCriticalNesting
 .sdata         0x00000000800809b0        0x4 /home/rt/riscv/cva6/tools/riscv_gnu_toolchain/install_latest_rv32imaf/lib/gcc/riscv32-unknown-elf/11.1.0/../../../../riscv32-unknown-elf/lib/libc.a(lib_a-impure.o)
                0x00000000800809b0                _impure_ptr
 .sdata         0x00000000800809b4        0x8 /home/rt/riscv/cva6/tools/riscv_gnu_toolchain/install_latest_rv32imaf/lib/gcc/riscv32-unknown-elf/11.1.0/../../../../riscv32-unknown-elf/lib/libc.a(lib_a-mallocr.o)
                0x00000000800809b4                __malloc_sbrk_base
                0x00000000800809b8                __malloc_trim_threshold
 *(.sdata2 .sdata2.*)
 *(.gnu.linkonce.s.*)
                0x00000000800809c0                . = ALIGN (0x8)
 *fill*         0x00000000800809bc        0x4 
 *(.srodata.cst16)
 *(.srodata.cst8)
 .srodata.cst8  0x00000000800809c0       0x10 /home/rt/riscv/cva6/tools/riscv_gnu_toolchain/install_latest_rv32imaf/lib/gcc/riscv32-unknown-elf/11.1.0/../../../../riscv32-unknown-elf/lib/libc.a(lib_a-mprec.o)
 .srodata.cst8  0x00000000800809d0        0x8 /home/rt/riscv/cva6/tools/riscv_gnu_toolchain/install_latest_rv32imaf/lib/gcc/riscv32-unknown-elf/11.1.0/../../../../riscv32-unknown-elf/lib/libc.a(lib_a-s_frexp.o)
 *(.srodata.cst4)
 *(.srodata.cst2)
 *(.srodata .srodata.*)
 .srodata.uxTimerIncrementsForOneTick
                0x00000000800809d8        0x4 build//home/rt/Documents/R_T/Github/freertos/cva6/upstream_kernel/FreeRTOSv202212.01/FreeRTOS/Source/portable/GCC/RISC-V/port.o
                0x00000000800809d8                uxTimerIncrementsForOneTick
 .srodata.xISRStackTop
                0x00000000800809dc        0x4 build//home/rt/Documents/R_T/Github/freertos/cva6/upstream_kernel/FreeRTOSv202212.01/FreeRTOS/Source/portable/GCC/RISC-V/port.o
                0x00000000800809dc                xISRStackTop
 .srodata       0x00000000800809e0        0x4 /home/rt/riscv/cva6/tools/riscv_gnu_toolchain/install_latest_rv32imaf/lib/gcc/riscv32-unknown-elf/11.1.0/../../../../riscv32-unknown-elf/lib/libc.a(lib_a-impure.o)
                0x00000000800809e0                _global_impure_ptr
                0x00000000800809e4                . = ALIGN (0x4)
                0x00000000800809e4                _edata = .

.bss.align      0x00000000800809e4        0x0 load address 0x000000008001503c
                0x00000000800809e4                . = ALIGN (0x4)
                0x00000000800809e4                _bss = .

.bss.start      0x00000000800809e4        0x0 load address 0x000000008001503c
                0x000000008001503c                _bss_lma = LOADADDR (.bss.start)

.bss            0x00000000800809f0    0x11e18 load address 0x000000008001503c
 *(.sbss*)
 .sbss.xQueue   0x00000000800809f0        0x4 build/main_blinky.o
 .sbss.pxCurrentTCB
                0x00000000800809f4        0x4 build//home/rt/Documents/R_T/Github/freertos/cva6/upstream_kernel/FreeRTOSv202212.01/FreeRTOS/Source/tasks.o
                0x00000000800809f4                pxCurrentTCB
 .sbss.pxDelayedTaskList
                0x00000000800809f8        0x4 build//home/rt/Documents/R_T/Github/freertos/cva6/upstream_kernel/FreeRTOSv202212.01/FreeRTOS/Source/tasks.o
 .sbss.pxOverflowDelayedTaskList
                0x00000000800809fc        0x4 build//home/rt/Documents/R_T/Github/freertos/cva6/upstream_kernel/FreeRTOSv202212.01/FreeRTOS/Source/tasks.o
 .sbss.uxCurrentNumberOfTasks
                0x0000000080080a00        0x4 build//home/rt/Documents/R_T/Github/freertos/cva6/upstream_kernel/FreeRTOSv202212.01/FreeRTOS/Source/tasks.o
 .sbss.uxDeletedTasksWaitingCleanUp
                0x0000000080080a04        0x4 build//home/rt/Documents/R_T/Github/freertos/cva6/upstream_kernel/FreeRTOSv202212.01/FreeRTOS/Source/tasks.o
 .sbss.uxSchedulerSuspended
                0x0000000080080a08        0x4 build//home/rt/Documents/R_T/Github/freertos/cva6/upstream_kernel/FreeRTOSv202212.01/FreeRTOS/Source/tasks.o
 .sbss.uxTaskNumber
                0x0000000080080a0c        0x4 build//home/rt/Documents/R_T/Github/freertos/cva6/upstream_kernel/FreeRTOSv202212.01/FreeRTOS/Source/tasks.o
 .sbss.uxTopReadyPriority
                0x0000000080080a10        0x4 build//home/rt/Documents/R_T/Github/freertos/cva6/upstream_kernel/FreeRTOSv202212.01/FreeRTOS/Source/tasks.o
 .sbss.xIdleTaskHandle
                0x0000000080080a14        0x4 build//home/rt/Documents/R_T/Github/freertos/cva6/upstream_kernel/FreeRTOSv202212.01/FreeRTOS/Source/tasks.o
 .sbss.xNextTaskUnblockTime
                0x0000000080080a18        0x4 build//home/rt/Documents/R_T/Github/freertos/cva6/upstream_kernel/FreeRTOSv202212.01/FreeRTOS/Source/tasks.o
 .sbss.xNumOfOverflows
                0x0000000080080a1c        0x4 build//home/rt/Documents/R_T/Github/freertos/cva6/upstream_kernel/FreeRTOSv202212.01/FreeRTOS/Source/tasks.o
 .sbss.xPendedTicks
                0x0000000080080a20        0x4 build//home/rt/Documents/R_T/Github/freertos/cva6/upstream_kernel/FreeRTOSv202212.01/FreeRTOS/Source/tasks.o
 .sbss.xSchedulerRunning
                0x0000000080080a24        0x4 build//home/rt/Documents/R_T/Github/freertos/cva6/upstream_kernel/FreeRTOSv202212.01/FreeRTOS/Source/tasks.o
 .sbss.xTickCount
                0x0000000080080a28        0x4 build//home/rt/Documents/R_T/Github/freertos/cva6/upstream_kernel/FreeRTOSv202212.01/FreeRTOS/Source/tasks.o
 .sbss.xYieldPending
                0x0000000080080a2c        0x4 build//home/rt/Documents/R_T/Github/freertos/cva6/upstream_kernel/FreeRTOSv202212.01/FreeRTOS/Source/tasks.o
 .sbss.pxCurrentTimerList
                0x0000000080080a30        0x4 build//home/rt/Documents/R_T/Github/freertos/cva6/upstream_kernel/FreeRTOSv202212.01/FreeRTOS/Source/timers.o
 .sbss.pxOverflowTimerList
                0x0000000080080a34        0x4 build//home/rt/Documents/R_T/Github/freertos/cva6/upstream_kernel/FreeRTOSv202212.01/FreeRTOS/Source/timers.o
 .sbss.xLastTime.0
                0x0000000080080a38        0x4 build//home/rt/Documents/R_T/Github/freertos/cva6/upstream_kernel/FreeRTOSv202212.01/FreeRTOS/Source/timers.o
 .sbss.xTimerQueue
                0x0000000080080a3c        0x4 build//home/rt/Documents/R_T/Github/freertos/cva6/upstream_kernel/FreeRTOSv202212.01/FreeRTOS/Source/timers.o
 .sbss.xTimerTaskHandle
                0x0000000080080a40        0x4 build//home/rt/Documents/R_T/Github/freertos/cva6/upstream_kernel/FreeRTOSv202212.01/FreeRTOS/Source/timers.o
 .sbss.pxEnd    0x0000000080080a44        0x4 build//home/rt/Documents/R_T/Github/freertos/cva6/upstream_kernel/FreeRTOSv202212.01/FreeRTOS/Source/portable/MemMang/heap_4.o
 .sbss.xFreeBytesRemaining
                0x0000000080080a48        0x4 build//home/rt/Documents/R_T/Github/freertos/cva6/upstream_kernel/FreeRTOSv202212.01/FreeRTOS/Source/portable/MemMang/heap_4.o
 .sbss.xMinimumEverFreeBytesRemaining
                0x0000000080080a4c        0x4 build//home/rt/Documents/R_T/Github/freertos/cva6/upstream_kernel/FreeRTOSv202212.01/FreeRTOS/Source/portable/MemMang/heap_4.o
 .sbss.xNumberOfSuccessfulAllocations
                0x0000000080080a50        0x4 build//home/rt/Documents/R_T/Github/freertos/cva6/upstream_kernel/FreeRTOSv202212.01/FreeRTOS/Source/portable/MemMang/heap_4.o
 .sbss.xNumberOfSuccessfulFrees
                0x0000000080080a54        0x4 build//home/rt/Documents/R_T/Github/freertos/cva6/upstream_kernel/FreeRTOSv202212.01/FreeRTOS/Source/portable/MemMang/heap_4.o
 .sbss.xStart   0x0000000080080a58        0x8 build//home/rt/Documents/R_T/Github/freertos/cva6/upstream_kernel/FreeRTOSv202212.01/FreeRTOS/Source/portable/MemMang/heap_4.o
 .sbss.pullMachineTimerCompareRegister
                0x0000000080080a60        0x4 build//home/rt/Documents/R_T/Github/freertos/cva6/upstream_kernel/FreeRTOSv202212.01/FreeRTOS/Source/portable/GCC/RISC-V/port.o
                0x0000000080080a60                pullMachineTimerCompareRegister
 *fill*         0x0000000080080a64        0x4 
 .sbss.ullNextTime
                0x0000000080080a68        0x8 build//home/rt/Documents/R_T/Github/freertos/cva6/upstream_kernel/FreeRTOSv202212.01/FreeRTOS/Source/portable/GCC/RISC-V/port.o
                0x0000000080080a68                ullNextTime
 .sbss.xTaskReturnAddress
                0x0000000080080a70        0x4 build//home/rt/Documents/R_T/Github/freertos/cva6/upstream_kernel/FreeRTOSv202212.01/FreeRTOS/Source/portable/GCC/RISC-V/port.o
                0x0000000080080a70                xTaskReturnAddress
 .sbss          0x0000000080080a74        0xc /home/rt/riscv/cva6/tools/riscv_gnu_toolchain/install_latest_rv32imaf/lib/gcc/riscv32-unknown-elf/11.1.0/../../../../riscv32-unknown-elf/lib/libc.a(lib_a-mallocr.o)
                0x0000000080080a74                __malloc_max_total_mem
                0x0000000080080a78                __malloc_max_sbrked_mem
                0x0000000080080a7c                __malloc_top_pad
 .sbss          0x0000000080080a80        0x4 /home/rt/riscv/cva6/tools/riscv_gnu_toolchain/install_latest_rv32imaf/lib/gcc/riscv32-unknown-elf/11.1.0/../../../../riscv32-unknown-elf/lib/libc.a(lib_a-reent.o)
                0x0000000080080a80                errno
 .sbss          0x0000000080080a84        0x4 /home/rt/riscv/cva6/tools/riscv_gnu_toolchain/install_latest_rv32imaf/lib/gcc/riscv32-unknown-elf/11.1.0/../../../../riscv32-unknown-elf/lib/libgloss.a(sys_sbrk.o)
 *(.gnu.linkonce.sb.*)
 *(.bss .bss.*)
 .bss.xQueueRegistry
                0x0000000080080a88       0x40 build//home/rt/Documents/R_T/Github/freertos/cva6/upstream_kernel/FreeRTOSv202212.01/FreeRTOS/Source/queue.o
                0x0000000080080a88                xQueueRegistry
 .bss.pxReadyTasksLists
                0x0000000080080ac8       0x8c build//home/rt/Documents/R_T/Github/freertos/cva6/upstream_kernel/FreeRTOSv202212.01/FreeRTOS/Source/tasks.o
 .bss.xDelayedTaskList1
                0x0000000080080b54       0x14 build//home/rt/Documents/R_T/Github/freertos/cva6/upstream_kernel/FreeRTOSv202212.01/FreeRTOS/Source/tasks.o
 .bss.xDelayedTaskList2
                0x0000000080080b68       0x14 build//home/rt/Documents/R_T/Github/freertos/cva6/upstream_kernel/FreeRTOSv202212.01/FreeRTOS/Source/tasks.o
 .bss.xPendingReadyList
                0x0000000080080b7c       0x14 build//home/rt/Documents/R_T/Github/freertos/cva6/upstream_kernel/FreeRTOSv202212.01/FreeRTOS/Source/tasks.o
 .bss.xSuspendedTaskList
                0x0000000080080b90       0x14 build//home/rt/Documents/R_T/Github/freertos/cva6/upstream_kernel/FreeRTOSv202212.01/FreeRTOS/Source/tasks.o
 .bss.xTasksWaitingTermination
                0x0000000080080ba4       0x14 build//home/rt/Documents/R_T/Github/freertos/cva6/upstream_kernel/FreeRTOSv202212.01/FreeRTOS/Source/tasks.o
 .bss.xActiveTimerList1
                0x0000000080080bb8       0x14 build//home/rt/Documents/R_T/Github/freertos/cva6/upstream_kernel/FreeRTOSv202212.01/FreeRTOS/Source/timers.o
 .bss.xActiveTimerList2
                0x0000000080080bcc       0x14 build//home/rt/Documents/R_T/Github/freertos/cva6/upstream_kernel/FreeRTOSv202212.01/FreeRTOS/Source/timers.o
 .bss.ucHeap    0x0000000080080be0     0xfbf4 build//home/rt/Documents/R_T/Github/freertos/cva6/upstream_kernel/FreeRTOSv202212.01/FreeRTOS/Source/portable/MemMang/heap_4.o
 *fill*         0x00000000800907d4        0xc 
 .bss.xISRStack
                0x00000000800907e0     0x2000 build//home/rt/Documents/R_T/Github/freertos/cva6/upstream_kernel/FreeRTOSv202212.01/FreeRTOS/Source/portable/GCC/RISC-V/port.o
 .bss           0x00000000800927e0       0x28 /home/rt/riscv/cva6/tools/riscv_gnu_toolchain/install_latest_rv32imaf/lib/gcc/riscv32-unknown-elf/11.1.0/../../../../riscv32-unknown-elf/lib/libc.a(lib_a-mallocr.o)
                0x00000000800927e0                __malloc_current_mallinfo
 *(.gnu.linkonce.b.*)
 *(COMMON)
                0x0000000080092808                . = ALIGN (0x4)
                0x0000000080092808                _ebss = .
                0x0000000080092808                . = ALIGN (0x8)
                0x0000000080092808                _end = .

.stack          0x0000000080092808      0x134
                0x0000000080092810                . = ALIGN (0x10)
 *fill*         0x0000000080092808        0x8 
                0x000000008009293c                . = (. + __stack_size)
 *fill*         0x0000000080092810      0x12c 
                0x000000008009293c                _stack_top = .
OUTPUT(build/RTOSDemo.axf elf32-littleriscv)

.comment        0x0000000000000000       0x12
 .comment       0x0000000000000000       0x12 build/main.o
                                         0x13 (size before relaxing)
 .comment       0x0000000000000012       0x13 build/main_blinky.o
 .comment       0x0000000000000012       0x13 build/riscv-virt.o
 .comment       0x0000000000000012       0x13 build/ns16550.o
 .comment       0x0000000000000012       0x13 build//home/rt/Documents/R_T/Github/freertos/cva6/upstream_kernel/FreeRTOSv202212.01/FreeRTOS/Source/list.o
 .comment       0x0000000000000012       0x13 build//home/rt/Documents/R_T/Github/freertos/cva6/upstream_kernel/FreeRTOSv202212.01/FreeRTOS/Source/queue.o
 .comment       0x0000000000000012       0x13 build//home/rt/Documents/R_T/Github/freertos/cva6/upstream_kernel/FreeRTOSv202212.01/FreeRTOS/Source/tasks.o
 .comment       0x0000000000000012       0x13 build//home/rt/Documents/R_T/Github/freertos/cva6/upstream_kernel/FreeRTOSv202212.01/FreeRTOS/Source/timers.o
 .comment       0x0000000000000012       0x13 build//home/rt/Documents/R_T/Github/freertos/cva6/upstream_kernel/FreeRTOSv202212.01/FreeRTOS/Source/portable/MemMang/heap_4.o
 .comment       0x0000000000000012       0x13 build//home/rt/Documents/R_T/Github/freertos/cva6/upstream_kernel/FreeRTOSv202212.01/FreeRTOS/Source/portable/GCC/RISC-V/port.o
 .comment       0x0000000000000012       0x13 /home/rt/riscv/cva6/tools/riscv_gnu_toolchain/install_latest_rv32imaf/lib/gcc/riscv32-unknown-elf/11.1.0/libgcc.a(_clzsi2.o)
 .comment       0x0000000000000012       0x13 /home/rt/riscv/cva6/tools/riscv_gnu_toolchain/install_latest_rv32imaf/lib/gcc/riscv32-unknown-elf/11.1.0/libgcc.a(_clz.o)
 .comment       0x0000000000000012       0x13 /home/rt/riscv/cva6/tools/riscv_gnu_toolchain/install_latest_rv32imaf/lib/gcc/riscv32-unknown-elf/11.1.0/../../../../riscv32-unknown-elf/lib/libc.a(lib_a-memcpy.o)
 .comment       0x0000000000000012       0x13 /home/rt/riscv/cva6/tools/riscv_gnu_toolchain/install_latest_rv32imaf/lib/gcc/riscv32-unknown-elf/11.1.0/../../../../riscv32-unknown-elf/lib/libc.a(lib_a-sprintf.o)
 .comment       0x0000000000000012       0x13 /home/rt/riscv/cva6/tools/riscv_gnu_toolchain/install_latest_rv32imaf/lib/gcc/riscv32-unknown-elf/11.1.0/../../../../riscv32-unknown-elf/lib/libc.a(lib_a-strlen.o)
 .comment       0x0000000000000012       0x13 /home/rt/riscv/cva6/tools/riscv_gnu_toolchain/install_latest_rv32imaf/lib/gcc/riscv32-unknown-elf/11.1.0/../../../../riscv32-unknown-elf/lib/libc.a(lib_a-svfprintf.o)
 .comment       0x0000000000000012       0x13 /home/rt/riscv/cva6/tools/riscv_gnu_toolchain/install_latest_rv32imaf/lib/gcc/riscv32-unknown-elf/11.1.0/../../../../riscv32-unknown-elf/lib/libc.a(lib_a-freer.o)
 .comment       0x0000000000000012       0x13 /home/rt/riscv/cva6/tools/riscv_gnu_toolchain/install_latest_rv32imaf/lib/gcc/riscv32-unknown-elf/11.1.0/../../../../riscv32-unknown-elf/lib/libc.a(lib_a-impure.o)
 .comment       0x0000000000000012       0x13 /home/rt/riscv/cva6/tools/riscv_gnu_toolchain/install_latest_rv32imaf/lib/gcc/riscv32-unknown-elf/11.1.0/../../../../riscv32-unknown-elf/lib/libc.a(lib_a-ldtoa.o)
 .comment       0x0000000000000012       0x13 /home/rt/riscv/cva6/tools/riscv_gnu_toolchain/install_latest_rv32imaf/lib/gcc/riscv32-unknown-elf/11.1.0/../../../../riscv32-unknown-elf/lib/libc.a(lib_a-localeconv.o)
 .comment       0x0000000000000012       0x13 /home/rt/riscv/cva6/tools/riscv_gnu_toolchain/install_latest_rv32imaf/lib/gcc/riscv32-unknown-elf/11.1.0/../../../../riscv32-unknown-elf/lib/libc.a(lib_a-locale.o)
 .comment       0x0000000000000012       0x13 /home/rt/riscv/cva6/tools/riscv_gnu_toolchain/install_latest_rv32imaf/lib/gcc/riscv32-unknown-elf/11.1.0/../../../../riscv32-unknown-elf/lib/libc.a(lib_a-mallocr.o)
 .comment       0x0000000000000012       0x13 /home/rt/riscv/cva6/tools/riscv_gnu_toolchain/install_latest_rv32imaf/lib/gcc/riscv32-unknown-elf/11.1.0/../../../../riscv32-unknown-elf/lib/libc.a(lib_a-mbtowc_r.o)
 .comment       0x0000000000000012       0x13 /home/rt/riscv/cva6/tools/riscv_gnu_toolchain/install_latest_rv32imaf/lib/gcc/riscv32-unknown-elf/11.1.0/../../../../riscv32-unknown-elf/lib/libc.a(lib_a-memchr.o)
 .comment       0x0000000000000012       0x13 /home/rt/riscv/cva6/tools/riscv_gnu_toolchain/install_latest_rv32imaf/lib/gcc/riscv32-unknown-elf/11.1.0/../../../../riscv32-unknown-elf/lib/libc.a(lib_a-mlock.o)
 .comment       0x0000000000000012       0x13 /home/rt/riscv/cva6/tools/riscv_gnu_toolchain/install_latest_rv32imaf/lib/gcc/riscv32-unknown-elf/11.1.0/../../../../riscv32-unknown-elf/lib/libc.a(lib_a-mprec.o)
 .comment       0x0000000000000012       0x13 /home/rt/riscv/cva6/tools/riscv_gnu_toolchain/install_latest_rv32imaf/lib/gcc/riscv32-unknown-elf/11.1.0/../../../../riscv32-unknown-elf/lib/libc.a(lib_a-sbrkr.o)
 .comment       0x0000000000000012       0x13 /home/rt/riscv/cva6/tools/riscv_gnu_toolchain/install_latest_rv32imaf/lib/gcc/riscv32-unknown-elf/11.1.0/../../../../riscv32-unknown-elf/lib/libc.a(lib_a-s_frexp.o)
 .comment       0x0000000000000012       0x13 /home/rt/riscv/cva6/tools/riscv_gnu_toolchain/install_latest_rv32imaf/lib/gcc/riscv32-unknown-elf/11.1.0/../../../../riscv32-unknown-elf/lib/libc.a(lib_a-strcpy.o)
 .comment       0x0000000000000012       0x13 /home/rt/riscv/cva6/tools/riscv_gnu_toolchain/install_latest_rv32imaf/lib/gcc/riscv32-unknown-elf/11.1.0/../../../../riscv32-unknown-elf/lib/libc.a(lib_a-strncpy.o)
 .comment       0x0000000000000012       0x13 /home/rt/riscv/cva6/tools/riscv_gnu_toolchain/install_latest_rv32imaf/lib/gcc/riscv32-unknown-elf/11.1.0/../../../../riscv32-unknown-elf/lib/libc.a(lib_a-svfiprintf.o)
 .comment       0x0000000000000012       0x13 /home/rt/riscv/cva6/tools/riscv_gnu_toolchain/install_latest_rv32imaf/lib/gcc/riscv32-unknown-elf/11.1.0/../../../../riscv32-unknown-elf/lib/libc.a(lib_a-wctomb_r.o)
 .comment       0x0000000000000012       0x13 /home/rt/riscv/cva6/tools/riscv_gnu_toolchain/install_latest_rv32imaf/lib/gcc/riscv32-unknown-elf/11.1.0/../../../../riscv32-unknown-elf/lib/libc.a(lib_a-assert.o)
 .comment       0x0000000000000012       0x13 /home/rt/riscv/cva6/tools/riscv_gnu_toolchain/install_latest_rv32imaf/lib/gcc/riscv32-unknown-elf/11.1.0/../../../../riscv32-unknown-elf/lib/libc.a(lib_a-callocr.o)
 .comment       0x0000000000000012       0x13 /home/rt/riscv/cva6/tools/riscv_gnu_toolchain/install_latest_rv32imaf/lib/gcc/riscv32-unknown-elf/11.1.0/../../../../riscv32-unknown-elf/lib/libc.a(lib_a-ctype_.o)
 .comment       0x0000000000000012       0x13 /home/rt/riscv/cva6/tools/riscv_gnu_toolchain/install_latest_rv32imaf/lib/gcc/riscv32-unknown-elf/11.1.0/../../../../riscv32-unknown-elf/lib/libc.a(lib_a-errno.o)
 .comment       0x0000000000000012       0x13 /home/rt/riscv/cva6/tools/riscv_gnu_toolchain/install_latest_rv32imaf/lib/gcc/riscv32-unknown-elf/11.1.0/../../../../riscv32-unknown-elf/lib/libc.a(lib_a-fiprintf.o)
 .comment       0x0000000000000012       0x13 /home/rt/riscv/cva6/tools/riscv_gnu_toolchain/install_latest_rv32imaf/lib/gcc/riscv32-unknown-elf/11.1.0/../../../../riscv32-unknown-elf/lib/libc.a(lib_a-memmove-stub.o)
 .comment       0x0000000000000012       0x13 /home/rt/riscv/cva6/tools/riscv_gnu_toolchain/install_latest_rv32imaf/lib/gcc/riscv32-unknown-elf/11.1.0/../../../../riscv32-unknown-elf/lib/libc.a(lib_a-reallocr.o)
 .comment       0x0000000000000012       0x13 /home/rt/riscv/cva6/tools/riscv_gnu_toolchain/install_latest_rv32imaf/lib/gcc/riscv32-unknown-elf/11.1.0/../../../../riscv32-unknown-elf/lib/libc.a(lib_a-reent.o)
 .comment       0x0000000000000012       0x13 /home/rt/riscv/cva6/tools/riscv_gnu_toolchain/install_latest_rv32imaf/lib/gcc/riscv32-unknown-elf/11.1.0/../../../../riscv32-unknown-elf/lib/libc.a(lib_a-vfiprintf.o)
 .comment       0x0000000000000012       0x13 /home/rt/riscv/cva6/tools/riscv_gnu_toolchain/install_latest_rv32imaf/lib/gcc/riscv32-unknown-elf/11.1.0/../../../../riscv32-unknown-elf/lib/libc.a(lib_a-wsetup.o)
 .comment       0x0000000000000012       0x13 /home/rt/riscv/cva6/tools/riscv_gnu_toolchain/install_latest_rv32imaf/lib/gcc/riscv32-unknown-elf/11.1.0/../../../../riscv32-unknown-elf/lib/libc.a(lib_a-abort.o)
 .comment       0x0000000000000012       0x13 /home/rt/riscv/cva6/tools/riscv_gnu_toolchain/install_latest_rv32imaf/lib/gcc/riscv32-unknown-elf/11.1.0/../../../../riscv32-unknown-elf/lib/libc.a(lib_a-fflush.o)
 .comment       0x0000000000000012       0x13 /home/rt/riscv/cva6/tools/riscv_gnu_toolchain/install_latest_rv32imaf/lib/gcc/riscv32-unknown-elf/11.1.0/../../../../riscv32-unknown-elf/lib/libc.a(lib_a-findfp.o)
 .comment       0x0000000000000012       0x13 /home/rt/riscv/cva6/tools/riscv_gnu_toolchain/install_latest_rv32imaf/lib/gcc/riscv32-unknown-elf/11.1.0/../../../../riscv32-unknown-elf/lib/libc.a(lib_a-fputwc.o)
 .comment       0x0000000000000012       0x13 /home/rt/riscv/cva6/tools/riscv_gnu_toolchain/install_latest_rv32imaf/lib/gcc/riscv32-unknown-elf/11.1.0/../../../../riscv32-unknown-elf/lib/libc.a(lib_a-fvwrite.o)
 .comment       0x0000000000000012       0x13 /home/rt/riscv/cva6/tools/riscv_gnu_toolchain/install_latest_rv32imaf/lib/gcc/riscv32-unknown-elf/11.1.0/../../../../riscv32-unknown-elf/lib/libc.a(lib_a-fwalk.o)
 .comment       0x0000000000000012       0x13 /home/rt/riscv/cva6/tools/riscv_gnu_toolchain/install_latest_rv32imaf/lib/gcc/riscv32-unknown-elf/11.1.0/../../../../riscv32-unknown-elf/lib/libc.a(lib_a-makebuf.o)
 .comment       0x0000000000000012       0x13 /home/rt/riscv/cva6/tools/riscv_gnu_toolchain/install_latest_rv32imaf/lib/gcc/riscv32-unknown-elf/11.1.0/../../../../riscv32-unknown-elf/lib/libc.a(lib_a-signal.o)
 .comment       0x0000000000000012       0x13 /home/rt/riscv/cva6/tools/riscv_gnu_toolchain/install_latest_rv32imaf/lib/gcc/riscv32-unknown-elf/11.1.0/../../../../riscv32-unknown-elf/lib/libc.a(lib_a-signalr.o)
 .comment       0x0000000000000012       0x13 /home/rt/riscv/cva6/tools/riscv_gnu_toolchain/install_latest_rv32imaf/lib/gcc/riscv32-unknown-elf/11.1.0/../../../../riscv32-unknown-elf/lib/libc.a(lib_a-stdio.o)
 .comment       0x0000000000000012       0x13 /home/rt/riscv/cva6/tools/riscv_gnu_toolchain/install_latest_rv32imaf/lib/gcc/riscv32-unknown-elf/11.1.0/../../../../riscv32-unknown-elf/lib/libc.a(lib_a-wbuf.o)
 .comment       0x0000000000000012       0x13 /home/rt/riscv/cva6/tools/riscv_gnu_toolchain/install_latest_rv32imaf/lib/gcc/riscv32-unknown-elf/11.1.0/../../../../riscv32-unknown-elf/lib/libc.a(lib_a-wcrtomb.o)
 .comment       0x0000000000000012       0x13 /home/rt/riscv/cva6/tools/riscv_gnu_toolchain/install_latest_rv32imaf/lib/gcc/riscv32-unknown-elf/11.1.0/../../../../riscv32-unknown-elf/lib/libc.a(lib_a-writer.o)
 .comment       0x0000000000000012       0x13 /home/rt/riscv/cva6/tools/riscv_gnu_toolchain/install_latest_rv32imaf/lib/gcc/riscv32-unknown-elf/11.1.0/../../../../riscv32-unknown-elf/lib/libc.a(lib_a-closer.o)
 .comment       0x0000000000000012       0x13 /home/rt/riscv/cva6/tools/riscv_gnu_toolchain/install_latest_rv32imaf/lib/gcc/riscv32-unknown-elf/11.1.0/../../../../riscv32-unknown-elf/lib/libc.a(lib_a-fclose.o)
 .comment       0x0000000000000012       0x13 /home/rt/riscv/cva6/tools/riscv_gnu_toolchain/install_latest_rv32imaf/lib/gcc/riscv32-unknown-elf/11.1.0/../../../../riscv32-unknown-elf/lib/libc.a(lib_a-fstatr.o)
 .comment       0x0000000000000012       0x13 /home/rt/riscv/cva6/tools/riscv_gnu_toolchain/install_latest_rv32imaf/lib/gcc/riscv32-unknown-elf/11.1.0/../../../../riscv32-unknown-elf/lib/libc.a(lib_a-isattyr.o)
 .comment       0x0000000000000012       0x13 /home/rt/riscv/cva6/tools/riscv_gnu_toolchain/install_latest_rv32imaf/lib/gcc/riscv32-unknown-elf/11.1.0/../../../../riscv32-unknown-elf/lib/libc.a(lib_a-lseekr.o)
 .comment       0x0000000000000012       0x13 /home/rt/riscv/cva6/tools/riscv_gnu_toolchain/install_latest_rv32imaf/lib/gcc/riscv32-unknown-elf/11.1.0/../../../../riscv32-unknown-elf/lib/libc.a(lib_a-readr.o)
 .comment       0x0000000000000012       0x13 /home/rt/riscv/cva6/tools/riscv_gnu_toolchain/install_latest_rv32imaf/lib/gcc/riscv32-unknown-elf/11.1.0/../../../../riscv32-unknown-elf/lib/libgloss.a(sys_close.o)
 .comment       0x0000000000000012       0x13 /home/rt/riscv/cva6/tools/riscv_gnu_toolchain/install_latest_rv32imaf/lib/gcc/riscv32-unknown-elf/11.1.0/../../../../riscv32-unknown-elf/lib/libgloss.a(sys_exit.o)
 .comment       0x0000000000000012       0x13 /home/rt/riscv/cva6/tools/riscv_gnu_toolchain/install_latest_rv32imaf/lib/gcc/riscv32-unknown-elf/11.1.0/../../../../riscv32-unknown-elf/lib/libgloss.a(sys_fstat.o)
 .comment       0x0000000000000012       0x13 /home/rt/riscv/cva6/tools/riscv_gnu_toolchain/install_latest_rv32imaf/lib/gcc/riscv32-unknown-elf/11.1.0/../../../../riscv32-unknown-elf/lib/libgloss.a(sys_getpid.o)
 .comment       0x0000000000000012       0x13 /home/rt/riscv/cva6/tools/riscv_gnu_toolchain/install_latest_rv32imaf/lib/gcc/riscv32-unknown-elf/11.1.0/../../../../riscv32-unknown-elf/lib/libgloss.a(sys_isatty.o)
 .comment       0x0000000000000012       0x13 /home/rt/riscv/cva6/tools/riscv_gnu_toolchain/install_latest_rv32imaf/lib/gcc/riscv32-unknown-elf/11.1.0/../../../../riscv32-unknown-elf/lib/libgloss.a(sys_kill.o)
 .comment       0x0000000000000012       0x13 /home/rt/riscv/cva6/tools/riscv_gnu_toolchain/install_latest_rv32imaf/lib/gcc/riscv32-unknown-elf/11.1.0/../../../../riscv32-unknown-elf/lib/libgloss.a(sys_lseek.o)
 .comment       0x0000000000000012       0x13 /home/rt/riscv/cva6/tools/riscv_gnu_toolchain/install_latest_rv32imaf/lib/gcc/riscv32-unknown-elf/11.1.0/../../../../riscv32-unknown-elf/lib/libgloss.a(sys_read.o)
 .comment       0x0000000000000012       0x13 /home/rt/riscv/cva6/tools/riscv_gnu_toolchain/install_latest_rv32imaf/lib/gcc/riscv32-unknown-elf/11.1.0/../../../../riscv32-unknown-elf/lib/libgloss.a(sys_sbrk.o)
 .comment       0x0000000000000012       0x13 /home/rt/riscv/cva6/tools/riscv_gnu_toolchain/install_latest_rv32imaf/lib/gcc/riscv32-unknown-elf/11.1.0/../../../../riscv32-unknown-elf/lib/libgloss.a(sys_write.o)
 .comment       0x0000000000000012       0x13 /home/rt/riscv/cva6/tools/riscv_gnu_toolchain/install_latest_rv32imaf/lib/gcc/riscv32-unknown-elf/11.1.0/../../../../riscv32-unknown-elf/lib/libgloss.a(sys_conv_stat.o)
 .comment       0x0000000000000012       0x13 /home/rt/riscv/cva6/tools/riscv_gnu_toolchain/install_latest_rv32imaf/lib/gcc/riscv32-unknown-elf/11.1.0/libgcc.a(divdf3.o)
 .comment       0x0000000000000012       0x13 /home/rt/riscv/cva6/tools/riscv_gnu_toolchain/install_latest_rv32imaf/lib/gcc/riscv32-unknown-elf/11.1.0/libgcc.a(muldf3.o)
 .comment       0x0000000000000012       0x13 /home/rt/riscv/cva6/tools/riscv_gnu_toolchain/install_latest_rv32imaf/lib/gcc/riscv32-unknown-elf/11.1.0/libgcc.a(eqtf2.o)
 .comment       0x0000000000000012       0x13 /home/rt/riscv/cva6/tools/riscv_gnu_toolchain/install_latest_rv32imaf/lib/gcc/riscv32-unknown-elf/11.1.0/libgcc.a(getf2.o)
 .comment       0x0000000000000012       0x13 /home/rt/riscv/cva6/tools/riscv_gnu_toolchain/install_latest_rv32imaf/lib/gcc/riscv32-unknown-elf/11.1.0/libgcc.a(letf2.o)
 .comment       0x0000000000000012       0x13 /home/rt/riscv/cva6/tools/riscv_gnu_toolchain/install_latest_rv32imaf/lib/gcc/riscv32-unknown-elf/11.1.0/libgcc.a(multf3.o)
 .comment       0x0000000000000012       0x13 /home/rt/riscv/cva6/tools/riscv_gnu_toolchain/install_latest_rv32imaf/lib/gcc/riscv32-unknown-elf/11.1.0/libgcc.a(subtf3.o)
 .comment       0x0000000000000012       0x13 /home/rt/riscv/cva6/tools/riscv_gnu_toolchain/install_latest_rv32imaf/lib/gcc/riscv32-unknown-elf/11.1.0/libgcc.a(fixtfsi.o)
 .comment       0x0000000000000012       0x13 /home/rt/riscv/cva6/tools/riscv_gnu_toolchain/install_latest_rv32imaf/lib/gcc/riscv32-unknown-elf/11.1.0/libgcc.a(floatsitf.o)
 .comment       0x0000000000000012       0x13 /home/rt/riscv/cva6/tools/riscv_gnu_toolchain/install_latest_rv32imaf/lib/gcc/riscv32-unknown-elf/11.1.0/libgcc.a(extenddftf2.o)
 .comment       0x0000000000000012       0x13 /home/rt/riscv/cva6/tools/riscv_gnu_toolchain/install_latest_rv32imaf/lib/gcc/riscv32-unknown-elf/11.1.0/libgcc.a(trunctfdf2.o)

.riscv.attributes
                0x0000000000000000       0x34
 .riscv.attributes
                0x0000000000000000       0x34 build/main.o
 .riscv.attributes
                0x0000000000000034       0x30 build/main_blinky.o
 .riscv.attributes
                0x0000000000000064       0x34 build/riscv-virt.o
 .riscv.attributes
                0x0000000000000098       0x30 build/ns16550.o
 .riscv.attributes
                0x00000000000000c8       0x30 build//home/rt/Documents/R_T/Github/freertos/cva6/upstream_kernel/FreeRTOSv202212.01/FreeRTOS/Source/list.o
 .riscv.attributes
                0x00000000000000f8       0x34 build//home/rt/Documents/R_T/Github/freertos/cva6/upstream_kernel/FreeRTOSv202212.01/FreeRTOS/Source/queue.o
 .riscv.attributes
                0x000000000000012c       0x34 build//home/rt/Documents/R_T/Github/freertos/cva6/upstream_kernel/FreeRTOSv202212.01/FreeRTOS/Source/tasks.o
 .riscv.attributes
                0x0000000000000160       0x34 build//home/rt/Documents/R_T/Github/freertos/cva6/upstream_kernel/FreeRTOSv202212.01/FreeRTOS/Source/timers.o
 .riscv.attributes
                0x0000000000000194       0x34 build//home/rt/Documents/R_T/Github/freertos/cva6/upstream_kernel/FreeRTOSv202212.01/FreeRTOS/Source/portable/MemMang/heap_4.o
 .riscv.attributes
                0x00000000000001c8       0x34 build//home/rt/Documents/R_T/Github/freertos/cva6/upstream_kernel/FreeRTOSv202212.01/FreeRTOS/Source/portable/GCC/RISC-V/port.o
 .riscv.attributes
                0x00000000000001fc       0x32 build/start.o
 .riscv.attributes
                0x000000000000022e       0x32 build//home/rt/Documents/R_T/Github/freertos/cva6/upstream_kernel/FreeRTOSv202212.01/FreeRTOS/Source/portable/GCC/RISC-V/portASM.o
 .riscv.attributes
                0x0000000000000260       0x2b /home/rt/riscv/cva6/tools/riscv_gnu_toolchain/install_latest_rv32imaf/lib/gcc/riscv32-unknown-elf/11.1.0/libgcc.a(_clzsi2.o)
 .riscv.attributes
                0x000000000000028b       0x2b /home/rt/riscv/cva6/tools/riscv_gnu_toolchain/install_latest_rv32imaf/lib/gcc/riscv32-unknown-elf/11.1.0/libgcc.a(_clz.o)
 .riscv.attributes
                0x00000000000002b6       0x2b /home/rt/riscv/cva6/tools/riscv_gnu_toolchain/install_latest_rv32imaf/lib/gcc/riscv32-unknown-elf/11.1.0/../../../../riscv32-unknown-elf/lib/libc.a(lib_a-memcpy.o)
 .riscv.attributes
                0x00000000000002e1       0x29 /home/rt/riscv/cva6/tools/riscv_gnu_toolchain/install_latest_rv32imaf/lib/gcc/riscv32-unknown-elf/11.1.0/../../../../riscv32-unknown-elf/lib/libc.a(lib_a-memset.o)
 .riscv.attributes
                0x000000000000030a       0x2b /home/rt/riscv/cva6/tools/riscv_gnu_toolchain/install_latest_rv32imaf/lib/gcc/riscv32-unknown-elf/11.1.0/../../../../riscv32-unknown-elf/lib/libc.a(lib_a-sprintf.o)
 .riscv.attributes
                0x0000000000000335       0x29 /home/rt/riscv/cva6/tools/riscv_gnu_toolchain/install_latest_rv32imaf/lib/gcc/riscv32-unknown-elf/11.1.0/../../../../riscv32-unknown-elf/lib/libc.a(lib_a-strcmp.o)
 .riscv.attributes
                0x000000000000035e       0x2b /home/rt/riscv/cva6/tools/riscv_gnu_toolchain/install_latest_rv32imaf/lib/gcc/riscv32-unknown-elf/11.1.0/../../../../riscv32-unknown-elf/lib/libc.a(lib_a-strlen.o)
 .riscv.attributes
                0x0000000000000389       0x2b /home/rt/riscv/cva6/tools/riscv_gnu_toolchain/install_latest_rv32imaf/lib/gcc/riscv32-unknown-elf/11.1.0/../../../../riscv32-unknown-elf/lib/libc.a(lib_a-svfprintf.o)
 .riscv.attributes
                0x00000000000003b4       0x2b /home/rt/riscv/cva6/tools/riscv_gnu_toolchain/install_latest_rv32imaf/lib/gcc/riscv32-unknown-elf/11.1.0/../../../../riscv32-unknown-elf/lib/libc.a(lib_a-freer.o)
 .riscv.attributes
                0x00000000000003df       0x2b /home/rt/riscv/cva6/tools/riscv_gnu_toolchain/install_latest_rv32imaf/lib/gcc/riscv32-unknown-elf/11.1.0/../../../../riscv32-unknown-elf/lib/libc.a(lib_a-impure.o)
 .riscv.attributes
                0x000000000000040a       0x2b /home/rt/riscv/cva6/tools/riscv_gnu_toolchain/install_latest_rv32imaf/lib/gcc/riscv32-unknown-elf/11.1.0/../../../../riscv32-unknown-elf/lib/libc.a(lib_a-ldtoa.o)
 .riscv.attributes
                0x0000000000000435       0x2b /home/rt/riscv/cva6/tools/riscv_gnu_toolchain/install_latest_rv32imaf/lib/gcc/riscv32-unknown-elf/11.1.0/../../../../riscv32-unknown-elf/lib/libc.a(lib_a-localeconv.o)
 .riscv.attributes
                0x0000000000000460       0x2b /home/rt/riscv/cva6/tools/riscv_gnu_toolchain/install_latest_rv32imaf/lib/gcc/riscv32-unknown-elf/11.1.0/../../../../riscv32-unknown-elf/lib/libc.a(lib_a-locale.o)
 .riscv.attributes
                0x000000000000048b       0x2b /home/rt/riscv/cva6/tools/riscv_gnu_toolchain/install_latest_rv32imaf/lib/gcc/riscv32-unknown-elf/11.1.0/../../../../riscv32-unknown-elf/lib/libc.a(lib_a-mallocr.o)
 .riscv.attributes
                0x00000000000004b6       0x2b /home/rt/riscv/cva6/tools/riscv_gnu_toolchain/install_latest_rv32imaf/lib/gcc/riscv32-unknown-elf/11.1.0/../../../../riscv32-unknown-elf/lib/libc.a(lib_a-mbtowc_r.o)
 .riscv.attributes
                0x00000000000004e1       0x2b /home/rt/riscv/cva6/tools/riscv_gnu_toolchain/install_latest_rv32imaf/lib/gcc/riscv32-unknown-elf/11.1.0/../../../../riscv32-unknown-elf/lib/libc.a(lib_a-memchr.o)
 .riscv.attributes
                0x000000000000050c       0x2b /home/rt/riscv/cva6/tools/riscv_gnu_toolchain/install_latest_rv32imaf/lib/gcc/riscv32-unknown-elf/11.1.0/../../../../riscv32-unknown-elf/lib/libc.a(lib_a-mlock.o)
 .riscv.attributes
                0x0000000000000537       0x2b /home/rt/riscv/cva6/tools/riscv_gnu_toolchain/install_latest_rv32imaf/lib/gcc/riscv32-unknown-elf/11.1.0/../../../../riscv32-unknown-elf/lib/libc.a(lib_a-mprec.o)
 .riscv.attributes
                0x0000000000000562       0x2b /home/rt/riscv/cva6/tools/riscv_gnu_toolchain/install_latest_rv32imaf/lib/gcc/riscv32-unknown-elf/11.1.0/../../../../riscv32-unknown-elf/lib/libc.a(lib_a-sbrkr.o)
 .riscv.attributes
                0x000000000000058d       0x2b /home/rt/riscv/cva6/tools/riscv_gnu_toolchain/install_latest_rv32imaf/lib/gcc/riscv32-unknown-elf/11.1.0/../../../../riscv32-unknown-elf/lib/libc.a(lib_a-s_frexp.o)
 .riscv.attributes
                0x00000000000005b8       0x2b /home/rt/riscv/cva6/tools/riscv_gnu_toolchain/install_latest_rv32imaf/lib/gcc/riscv32-unknown-elf/11.1.0/../../../../riscv32-unknown-elf/lib/libc.a(lib_a-strcpy.o)
 .riscv.attributes
                0x00000000000005e3       0x2b /home/rt/riscv/cva6/tools/riscv_gnu_toolchain/install_latest_rv32imaf/lib/gcc/riscv32-unknown-elf/11.1.0/../../../../riscv32-unknown-elf/lib/libc.a(lib_a-strncpy.o)
 .riscv.attributes
                0x000000000000060e       0x2b /home/rt/riscv/cva6/tools/riscv_gnu_toolchain/install_latest_rv32imaf/lib/gcc/riscv32-unknown-elf/11.1.0/../../../../riscv32-unknown-elf/lib/libc.a(lib_a-svfiprintf.o)
 .riscv.attributes
                0x0000000000000639       0x2b /home/rt/riscv/cva6/tools/riscv_gnu_toolchain/install_latest_rv32imaf/lib/gcc/riscv32-unknown-elf/11.1.0/../../../../riscv32-unknown-elf/lib/libc.a(lib_a-wctomb_r.o)
 .riscv.attributes
                0x0000000000000664       0x2b /home/rt/riscv/cva6/tools/riscv_gnu_toolchain/install_latest_rv32imaf/lib/gcc/riscv32-unknown-elf/11.1.0/../../../../riscv32-unknown-elf/lib/libc.a(lib_a-assert.o)
 .riscv.attributes
                0x000000000000068f       0x2b /home/rt/riscv/cva6/tools/riscv_gnu_toolchain/install_latest_rv32imaf/lib/gcc/riscv32-unknown-elf/11.1.0/../../../../riscv32-unknown-elf/lib/libc.a(lib_a-callocr.o)
 .riscv.attributes
                0x00000000000006ba       0x2b /home/rt/riscv/cva6/tools/riscv_gnu_toolchain/install_latest_rv32imaf/lib/gcc/riscv32-unknown-elf/11.1.0/../../../../riscv32-unknown-elf/lib/libc.a(lib_a-ctype_.o)
 .riscv.attributes
                0x00000000000006e5       0x2b /home/rt/riscv/cva6/tools/riscv_gnu_toolchain/install_latest_rv32imaf/lib/gcc/riscv32-unknown-elf/11.1.0/../../../../riscv32-unknown-elf/lib/libc.a(lib_a-errno.o)
 .riscv.attributes
                0x0000000000000710       0x2b /home/rt/riscv/cva6/tools/riscv_gnu_toolchain/install_latest_rv32imaf/lib/gcc/riscv32-unknown-elf/11.1.0/../../../../riscv32-unknown-elf/lib/libc.a(lib_a-fiprintf.o)
 .riscv.attributes
                0x000000000000073b       0x2b /home/rt/riscv/cva6/tools/riscv_gnu_toolchain/install_latest_rv32imaf/lib/gcc/riscv32-unknown-elf/11.1.0/../../../../riscv32-unknown-elf/lib/libc.a(lib_a-memmove-stub.o)
 .riscv.attributes
                0x0000000000000766       0x2b /home/rt/riscv/cva6/tools/riscv_gnu_toolchain/install_latest_rv32imaf/lib/gcc/riscv32-unknown-elf/11.1.0/../../../../riscv32-unknown-elf/lib/libc.a(lib_a-reallocr.o)
 .riscv.attributes
                0x0000000000000791       0x2b /home/rt/riscv/cva6/tools/riscv_gnu_toolchain/install_latest_rv32imaf/lib/gcc/riscv32-unknown-elf/11.1.0/../../../../riscv32-unknown-elf/lib/libc.a(lib_a-reent.o)
 .riscv.attributes
                0x00000000000007bc       0x2b /home/rt/riscv/cva6/tools/riscv_gnu_toolchain/install_latest_rv32imaf/lib/gcc/riscv32-unknown-elf/11.1.0/../../../../riscv32-unknown-elf/lib/libc.a(lib_a-vfiprintf.o)
 .riscv.attributes
                0x00000000000007e7       0x2b /home/rt/riscv/cva6/tools/riscv_gnu_toolchain/install_latest_rv32imaf/lib/gcc/riscv32-unknown-elf/11.1.0/../../../../riscv32-unknown-elf/lib/libc.a(lib_a-wsetup.o)
 .riscv.attributes
                0x0000000000000812       0x2b /home/rt/riscv/cva6/tools/riscv_gnu_toolchain/install_latest_rv32imaf/lib/gcc/riscv32-unknown-elf/11.1.0/../../../../riscv32-unknown-elf/lib/libc.a(lib_a-abort.o)
 .riscv.attributes
                0x000000000000083d       0x2b /home/rt/riscv/cva6/tools/riscv_gnu_toolchain/install_latest_rv32imaf/lib/gcc/riscv32-unknown-elf/11.1.0/../../../../riscv32-unknown-elf/lib/libc.a(lib_a-fflush.o)
 .riscv.attributes
                0x0000000000000868       0x2b /home/rt/riscv/cva6/tools/riscv_gnu_toolchain/install_latest_rv32imaf/lib/gcc/riscv32-unknown-elf/11.1.0/../../../../riscv32-unknown-elf/lib/libc.a(lib_a-findfp.o)
 .riscv.attributes
                0x0000000000000893       0x2b /home/rt/riscv/cva6/tools/riscv_gnu_toolchain/install_latest_rv32imaf/lib/gcc/riscv32-unknown-elf/11.1.0/../../../../riscv32-unknown-elf/lib/libc.a(lib_a-fputwc.o)
 .riscv.attributes
                0x00000000000008be       0x2b /home/rt/riscv/cva6/tools/riscv_gnu_toolchain/install_latest_rv32imaf/lib/gcc/riscv32-unknown-elf/11.1.0/../../../../riscv32-unknown-elf/lib/libc.a(lib_a-fvwrite.o)
 .riscv.attributes
                0x00000000000008e9       0x2b /home/rt/riscv/cva6/tools/riscv_gnu_toolchain/install_latest_rv32imaf/lib/gcc/riscv32-unknown-elf/11.1.0/../../../../riscv32-unknown-elf/lib/libc.a(lib_a-fwalk.o)
 .riscv.attributes
                0x0000000000000914       0x2b /home/rt/riscv/cva6/tools/riscv_gnu_toolchain/install_latest_rv32imaf/lib/gcc/riscv32-unknown-elf/11.1.0/../../../../riscv32-unknown-elf/lib/libc.a(lib_a-makebuf.o)
 .riscv.attributes
                0x000000000000093f       0x2b /home/rt/riscv/cva6/tools/riscv_gnu_toolchain/install_latest_rv32imaf/lib/gcc/riscv32-unknown-elf/11.1.0/../../../../riscv32-unknown-elf/lib/libc.a(lib_a-signal.o)
 .riscv.attributes
                0x000000000000096a       0x2b /home/rt/riscv/cva6/tools/riscv_gnu_toolchain/install_latest_rv32imaf/lib/gcc/riscv32-unknown-elf/11.1.0/../../../../riscv32-unknown-elf/lib/libc.a(lib_a-signalr.o)
 .riscv.attributes
                0x0000000000000995       0x2b /home/rt/riscv/cva6/tools/riscv_gnu_toolchain/install_latest_rv32imaf/lib/gcc/riscv32-unknown-elf/11.1.0/../../../../riscv32-unknown-elf/lib/libc.a(lib_a-stdio.o)
 .riscv.attributes
                0x00000000000009c0       0x2b /home/rt/riscv/cva6/tools/riscv_gnu_toolchain/install_latest_rv32imaf/lib/gcc/riscv32-unknown-elf/11.1.0/../../../../riscv32-unknown-elf/lib/libc.a(lib_a-wbuf.o)
 .riscv.attributes
                0x00000000000009eb       0x2b /home/rt/riscv/cva6/tools/riscv_gnu_toolchain/install_latest_rv32imaf/lib/gcc/riscv32-unknown-elf/11.1.0/../../../../riscv32-unknown-elf/lib/libc.a(lib_a-wcrtomb.o)
 .riscv.attributes
                0x0000000000000a16       0x2b /home/rt/riscv/cva6/tools/riscv_gnu_toolchain/install_latest_rv32imaf/lib/gcc/riscv32-unknown-elf/11.1.0/../../../../riscv32-unknown-elf/lib/libc.a(lib_a-writer.o)
 .riscv.attributes
                0x0000000000000a41       0x2b /home/rt/riscv/cva6/tools/riscv_gnu_toolchain/install_latest_rv32imaf/lib/gcc/riscv32-unknown-elf/11.1.0/../../../../riscv32-unknown-elf/lib/libc.a(lib_a-closer.o)
 .riscv.attributes
                0x0000000000000a6c       0x2b /home/rt/riscv/cva6/tools/riscv_gnu_toolchain/install_latest_rv32imaf/lib/gcc/riscv32-unknown-elf/11.1.0/../../../../riscv32-unknown-elf/lib/libc.a(lib_a-fclose.o)
 .riscv.attributes
                0x0000000000000a97       0x2b /home/rt/riscv/cva6/tools/riscv_gnu_toolchain/install_latest_rv32imaf/lib/gcc/riscv32-unknown-elf/11.1.0/../../../../riscv32-unknown-elf/lib/libc.a(lib_a-fstatr.o)
 .riscv.attributes
                0x0000000000000ac2       0x2b /home/rt/riscv/cva6/tools/riscv_gnu_toolchain/install_latest_rv32imaf/lib/gcc/riscv32-unknown-elf/11.1.0/../../../../riscv32-unknown-elf/lib/libc.a(lib_a-isattyr.o)
 .riscv.attributes
                0x0000000000000aed       0x2b /home/rt/riscv/cva6/tools/riscv_gnu_toolchain/install_latest_rv32imaf/lib/gcc/riscv32-unknown-elf/11.1.0/../../../../riscv32-unknown-elf/lib/libc.a(lib_a-lseekr.o)
 .riscv.attributes
                0x0000000000000b18       0x2b /home/rt/riscv/cva6/tools/riscv_gnu_toolchain/install_latest_rv32imaf/lib/gcc/riscv32-unknown-elf/11.1.0/../../../../riscv32-unknown-elf/lib/libc.a(lib_a-readr.o)
 .riscv.attributes
                0x0000000000000b43       0x2b /home/rt/riscv/cva6/tools/riscv_gnu_toolchain/install_latest_rv32imaf/lib/gcc/riscv32-unknown-elf/11.1.0/../../../../riscv32-unknown-elf/lib/libgloss.a(sys_close.o)
 .riscv.attributes
                0x0000000000000b6e       0x2b /home/rt/riscv/cva6/tools/riscv_gnu_toolchain/install_latest_rv32imaf/lib/gcc/riscv32-unknown-elf/11.1.0/../../../../riscv32-unknown-elf/lib/libgloss.a(sys_exit.o)
 .riscv.attributes
                0x0000000000000b99       0x2b /home/rt/riscv/cva6/tools/riscv_gnu_toolchain/install_latest_rv32imaf/lib/gcc/riscv32-unknown-elf/11.1.0/../../../../riscv32-unknown-elf/lib/libgloss.a(sys_fstat.o)
 .riscv.attributes
                0x0000000000000bc4       0x2b /home/rt/riscv/cva6/tools/riscv_gnu_toolchain/install_latest_rv32imaf/lib/gcc/riscv32-unknown-elf/11.1.0/../../../../riscv32-unknown-elf/lib/libgloss.a(sys_getpid.o)
 .riscv.attributes
                0x0000000000000bef       0x2b /home/rt/riscv/cva6/tools/riscv_gnu_toolchain/install_latest_rv32imaf/lib/gcc/riscv32-unknown-elf/11.1.0/../../../../riscv32-unknown-elf/lib/libgloss.a(sys_isatty.o)
 .riscv.attributes
                0x0000000000000c1a       0x2b /home/rt/riscv/cva6/tools/riscv_gnu_toolchain/install_latest_rv32imaf/lib/gcc/riscv32-unknown-elf/11.1.0/../../../../riscv32-unknown-elf/lib/libgloss.a(sys_kill.o)
 .riscv.attributes
                0x0000000000000c45       0x2b /home/rt/riscv/cva6/tools/riscv_gnu_toolchain/install_latest_rv32imaf/lib/gcc/riscv32-unknown-elf/11.1.0/../../../../riscv32-unknown-elf/lib/libgloss.a(sys_lseek.o)
 .riscv.attributes
                0x0000000000000c70       0x2b /home/rt/riscv/cva6/tools/riscv_gnu_toolchain/install_latest_rv32imaf/lib/gcc/riscv32-unknown-elf/11.1.0/../../../../riscv32-unknown-elf/lib/libgloss.a(sys_read.o)
 .riscv.attributes
                0x0000000000000c9b       0x2b /home/rt/riscv/cva6/tools/riscv_gnu_toolchain/install_latest_rv32imaf/lib/gcc/riscv32-unknown-elf/11.1.0/../../../../riscv32-unknown-elf/lib/libgloss.a(sys_sbrk.o)
 .riscv.attributes
                0x0000000000000cc6       0x2b /home/rt/riscv/cva6/tools/riscv_gnu_toolchain/install_latest_rv32imaf/lib/gcc/riscv32-unknown-elf/11.1.0/../../../../riscv32-unknown-elf/lib/libgloss.a(sys_write.o)
 .riscv.attributes
                0x0000000000000cf1       0x2b /home/rt/riscv/cva6/tools/riscv_gnu_toolchain/install_latest_rv32imaf/lib/gcc/riscv32-unknown-elf/11.1.0/../../../../riscv32-unknown-elf/lib/libgloss.a(sys_conv_stat.o)
 .riscv.attributes
                0x0000000000000d1c       0x2f /home/rt/riscv/cva6/tools/riscv_gnu_toolchain/install_latest_rv32imaf/lib/gcc/riscv32-unknown-elf/11.1.0/libgcc.a(divdf3.o)
 .riscv.attributes
                0x0000000000000d4b       0x2f /home/rt/riscv/cva6/tools/riscv_gnu_toolchain/install_latest_rv32imaf/lib/gcc/riscv32-unknown-elf/11.1.0/libgcc.a(muldf3.o)
 .riscv.attributes
                0x0000000000000d7a       0x2f /home/rt/riscv/cva6/tools/riscv_gnu_toolchain/install_latest_rv32imaf/lib/gcc/riscv32-unknown-elf/11.1.0/libgcc.a(eqtf2.o)
 .riscv.attributes
                0x0000000000000da9       0x2f /home/rt/riscv/cva6/tools/riscv_gnu_toolchain/install_latest_rv32imaf/lib/gcc/riscv32-unknown-elf/11.1.0/libgcc.a(getf2.o)
 .riscv.attributes
                0x0000000000000dd8       0x2f /home/rt/riscv/cva6/tools/riscv_gnu_toolchain/install_latest_rv32imaf/lib/gcc/riscv32-unknown-elf/11.1.0/libgcc.a(letf2.o)
 .riscv.attributes
                0x0000000000000e07       0x2f /home/rt/riscv/cva6/tools/riscv_gnu_toolchain/install_latest_rv32imaf/lib/gcc/riscv32-unknown-elf/11.1.0/libgcc.a(multf3.o)
 .riscv.attributes
                0x0000000000000e36       0x2f /home/rt/riscv/cva6/tools/riscv_gnu_toolchain/install_latest_rv32imaf/lib/gcc/riscv32-unknown-elf/11.1.0/libgcc.a(subtf3.o)
 .riscv.attributes
                0x0000000000000e65       0x2f /home/rt/riscv/cva6/tools/riscv_gnu_toolchain/install_latest_rv32imaf/lib/gcc/riscv32-unknown-elf/11.1.0/libgcc.a(fixtfsi.o)
 .riscv.attributes
                0x0000000000000e94       0x2b /home/rt/riscv/cva6/tools/riscv_gnu_toolchain/install_latest_rv32imaf/lib/gcc/riscv32-unknown-elf/11.1.0/libgcc.a(floatsitf.o)
 .riscv.attributes
                0x0000000000000ebf       0x2f /home/rt/riscv/cva6/tools/riscv_gnu_toolchain/install_latest_rv32imaf/lib/gcc/riscv32-unknown-elf/11.1.0/libgcc.a(extenddftf2.o)
 .riscv.attributes
                0x0000000000000eee       0x2f /home/rt/riscv/cva6/tools/riscv_gnu_toolchain/install_latest_rv32imaf/lib/gcc/riscv32-unknown-elf/11.1.0/libgcc.a(trunctfdf2.o)

.debug_info     0x0000000000000000     0x437b
 .debug_info    0x0000000000000000      0x142 /home/rt/riscv/cva6/tools/riscv_gnu_toolchain/install_latest_rv32imaf/lib/gcc/riscv32-unknown-elf/11.1.0/libgcc.a(_clzsi2.o)