Archive member included to satisfy reference by file (symbol)

/home/rt/riscv/cva6/tools/riscv_gnu_toolchain/install_latest_rv32imaf/lib/gcc/riscv32-unknown-elf/11.1.0/libgcc.a(_udivdi3.o)
                              build/uart/uart.o (__udivdi3)
/home/rt/riscv/cva6/tools/riscv_gnu_toolchain/install_latest_rv32imaf/lib/gcc/riscv32-unknown-elf/11.1.0/libgcc.a(_clz.o)
                              /home/rt/riscv/cva6/tools/riscv_gnu_toolchain/install_latest_rv32imaf/lib/gcc/riscv32-unknown-elf/11.1.0/libgcc.a(_udivdi3.o) (__clz_tab)
/home/rt/riscv/cva6/tools/riscv_gnu_toolchain/install_latest_rv32imaf//riscv32-unknown-elf/lib/libc.a(lib_a-memcmp.o)
                              build//home/rt/Documents/R_T/Github/freertos/cva6/fork/FreeRTOS/FreeRTOS/Demo/Common/Minimal/StreamBufferDemo.o (memcmp)
/home/rt/riscv/cva6/tools/riscv_gnu_toolchain/install_latest_rv32imaf//riscv32-unknown-elf/lib/libc.a(lib_a-memcpy.o)
                              build//home/rt/Documents/R_T/Github/freertos/cva6/fork/FreeRTOS/FreeRTOS/Source/queue.o (memcpy)
/home/rt/riscv/cva6/tools/riscv_gnu_toolchain/install_latest_rv32imaf//riscv32-unknown-elf/lib/libc.a(lib_a-memset.o)
                              build//home/rt/Documents/R_T/Github/freertos/cva6/fork/FreeRTOS/FreeRTOS/Source/stream_buffer.o (memset)
/home/rt/riscv/cva6/tools/riscv_gnu_toolchain/install_latest_rv32imaf//riscv32-unknown-elf/lib/libc.a(lib_a-sprintf.o)
                              build//home/rt/Documents/R_T/Github/freertos/cva6/fork/FreeRTOS/FreeRTOS/Demo/Common/Minimal/MessageBufferDemo.o (sprintf)
/home/rt/riscv/cva6/tools/riscv_gnu_toolchain/install_latest_rv32imaf//riscv32-unknown-elf/lib/libc.a(lib_a-strcmp.o)
                              build//home/rt/Documents/R_T/Github/freertos/cva6/fork/FreeRTOS/FreeRTOS/Demo/Common/Minimal/TimerDemo.o (strcmp)
/home/rt/riscv/cva6/tools/riscv_gnu_toolchain/install_latest_rv32imaf//riscv32-unknown-elf/lib/libc.a(lib_a-strlen.o)
                              build//home/rt/Documents/R_T/Github/freertos/cva6/fork/FreeRTOS/FreeRTOS/Source/tasks.o (strlen)
/home/rt/riscv/cva6/tools/riscv_gnu_toolchain/install_latest_rv32imaf//riscv32-unknown-elf/lib/libc.a(lib_a-svfprintf.o)
                              /home/rt/riscv/cva6/tools/riscv_gnu_toolchain/install_latest_rv32imaf//riscv32-unknown-elf/lib/libc.a(lib_a-sprintf.o) (_svfprintf_r)
/home/rt/riscv/cva6/tools/riscv_gnu_toolchain/install_latest_rv32imaf//riscv32-unknown-elf/lib/libc.a(lib_a-freer.o)
                              /home/rt/riscv/cva6/tools/riscv_gnu_toolchain/install_latest_rv32imaf//riscv32-unknown-elf/lib/libc.a(lib_a-svfprintf.o) (_free_r)
/home/rt/riscv/cva6/tools/riscv_gnu_toolchain/install_latest_rv32imaf//riscv32-unknown-elf/lib/libc.a(lib_a-impure.o)
                              /home/rt/riscv/cva6/tools/riscv_gnu_toolchain/install_latest_rv32imaf//riscv32-unknown-elf/lib/libc.a(lib_a-sprintf.o) (_impure_ptr)
/home/rt/riscv/cva6/tools/riscv_gnu_toolchain/install_latest_rv32imaf//riscv32-unknown-elf/lib/libc.a(lib_a-ldtoa.o)
                              /home/rt/riscv/cva6/tools/riscv_gnu_toolchain/install_latest_rv32imaf//riscv32-unknown-elf/lib/libc.a(lib_a-svfprintf.o) (_ldtoa_r)
/home/rt/riscv/cva6/tools/riscv_gnu_toolchain/install_latest_rv32imaf//riscv32-unknown-elf/lib/libc.a(lib_a-localeconv.o)
                              /home/rt/riscv/cva6/tools/riscv_gnu_toolchain/install_latest_rv32imaf//riscv32-unknown-elf/lib/libc.a(lib_a-svfprintf.o) (_localeconv_r)
/home/rt/riscv/cva6/tools/riscv_gnu_toolchain/install_latest_rv32imaf//riscv32-unknown-elf/lib/libc.a(lib_a-locale.o)
                              /home/rt/riscv/cva6/tools/riscv_gnu_toolchain/install_latest_rv32imaf//riscv32-unknown-elf/lib/libc.a(lib_a-localeconv.o) (__global_locale)
/home/rt/riscv/cva6/tools/riscv_gnu_toolchain/install_latest_rv32imaf//riscv32-unknown-elf/lib/libc.a(lib_a-mallocr.o)
                              /home/rt/riscv/cva6/tools/riscv_gnu_toolchain/install_latest_rv32imaf//riscv32-unknown-elf/lib/libc.a(lib_a-svfprintf.o) (_malloc_r)
/home/rt/riscv/cva6/tools/riscv_gnu_toolchain/install_latest_rv32imaf//riscv32-unknown-elf/lib/libc.a(lib_a-mbtowc_r.o)
                              /home/rt/riscv/cva6/tools/riscv_gnu_toolchain/install_latest_rv32imaf//riscv32-unknown-elf/lib/libc.a(lib_a-locale.o) (__ascii_mbtowc)
/home/rt/riscv/cva6/tools/riscv_gnu_toolchain/install_latest_rv32imaf//riscv32-unknown-elf/lib/libc.a(lib_a-memchr.o)
                              /home/rt/riscv/cva6/tools/riscv_gnu_toolchain/install_latest_rv32imaf//riscv32-unknown-elf/lib/libc.a(lib_a-svfprintf.o) (memchr)
/home/rt/riscv/cva6/tools/riscv_gnu_toolchain/install_latest_rv32imaf//riscv32-unknown-elf/lib/libc.a(lib_a-mlock.o)
                              /home/rt/riscv/cva6/tools/riscv_gnu_toolchain/install_latest_rv32imaf//riscv32-unknown-elf/lib/libc.a(lib_a-freer.o) (__malloc_lock)
[...]
Memory Configuration

Name             Origin             Length             Attributes
rom              0x0000000080000000 0x0000000000080000 axr
ram              0x0000000080080000 0x0000000000080000 axw
*default*        0x0000000000000000 0xffffffffffffffff

Linker script and memory map

                0x000000000000012c                __stack_size = 0x12c
LOAD /home/rt/riscv/cva6/tools/riscv_gnu_toolchain/install_latest_rv32imaf//riscv32-unknown-elf/lib/libc.a
LOAD /home/rt/riscv/cva6/tools/riscv_gnu_toolchain/install_latest_rv32imaf/lib/gcc/riscv32-unknown-elf/11.1.0/libgcc.a
LOAD build//home/rt/Documents/R_T/Github/freertos/cva6/fork/FreeRTOS/FreeRTOS/Source/croutine.o
LOAD build//home/rt/Documents/R_T/Github/freertos/cva6/fork/FreeRTOS/FreeRTOS/Source/event_groups.o
LOAD build//home/rt/Documents/R_T/Github/freertos/cva6/fork/FreeRTOS/FreeRTOS/Source/list.o
LOAD build//home/rt/Documents/R_T/Github/freertos/cva6/fork/FreeRTOS/FreeRTOS/Source/queue.o
LOAD build//home/rt/Documents/R_T/Github/freertos/cva6/fork/FreeRTOS/FreeRTOS/Source/stream_buffer.o
LOAD build//home/rt/Documents/R_T/Github/freertos/cva6/fork/FreeRTOS/FreeRTOS/Source/tasks.o
LOAD build//home/rt/Documents/R_T/Github/freertos/cva6/fork/FreeRTOS/FreeRTOS/Source/timers.o
LOAD build//home/rt/Documents/R_T/Github/freertos/cva6/fork/FreeRTOS/FreeRTOS/Source/portable/MemMang/heap_4.o
LOAD build//home/rt/Documents/R_T/Github/freertos/cva6/fork/FreeRTOS/FreeRTOS/Source/portable/GCC/RISC-V/port.o
LOAD build//home/rt/Documents/R_T/Github/freertos/cva6/fork/FreeRTOS/FreeRTOS/Demo/Common/Minimal/blocktim.o
LOAD build//home/rt/Documents/R_T/Github/freertos/cva6/fork/FreeRTOS/FreeRTOS/Demo/Common/Minimal/countsem.o
LOAD build//home/rt/Documents/R_T/Github/freertos/cva6/fork/FreeRTOS/FreeRTOS/Demo/Common/Minimal/recmutex.o
LOAD build//home/rt/Documents/R_T/Github/freertos/cva6/fork/FreeRTOS/FreeRTOS/Demo/Common/Minimal/death.o
LOAD build//home/rt/Documents/R_T/Github/freertos/cva6/fork/FreeRTOS/FreeRTOS/Demo/Common/Minimal/TimerDemo.o
LOAD build//home/rt/Documents/R_T/Github/freertos/cva6/fork/FreeRTOS/FreeRTOS/Demo/Common/Minimal/EventGroupsDemo.o
LOAD build//home/rt/Documents/R_T/Github/freertos/cva6/fork/FreeRTOS/FreeRTOS/Demo/Common/Minimal/TaskNotify.o
LOAD build//home/rt/Documents/R_T/Github/freertos/cva6/fork/FreeRTOS/FreeRTOS/Demo/Common/Minimal/GenQTest.o
LOAD build//home/rt/Documents/R_T/Github/freertos/cva6/fork/FreeRTOS/FreeRTOS/Demo/Common/Minimal/BlockQ.o
LOAD build//home/rt/Documents/R_T/Github/freertos/cva6/fork/FreeRTOS/FreeRTOS/Demo/Common/Minimal/PollQ.o
LOAD build//home/rt/Documents/R_T/Github/freertos/cva6/fork/FreeRTOS/FreeRTOS/Demo/Common/Minimal/QPeek.o
LOAD build//home/rt/Documents/R_T/Github/freertos/cva6/fork/FreeRTOS/FreeRTOS/Demo/Common/Minimal/QueueOverwrite.o
LOAD build//home/rt/Documents/R_T/Github/freertos/cva6/fork/FreeRTOS/FreeRTOS/Demo/Common/Minimal/AbortDelay.o
LOAD build//home/rt/Documents/R_T/Github/freertos/cva6/fork/FreeRTOS/FreeRTOS/Demo/Common/Minimal/semtest.o
LOAD build//home/rt/Documents/R_T/Github/freertos/cva6/fork/FreeRTOS/FreeRTOS/Demo/Common/Minimal/StreamBufferDemo.o
LOAD build//home/rt/Documents/R_T/Github/freertos/cva6/fork/FreeRTOS/FreeRTOS/Demo/Common/Minimal/StreamBufferInterrupt.o
LOAD build//home/rt/Documents/R_T/Github/freertos/cva6/fork/FreeRTOS/FreeRTOS/Demo/Common/Minimal/dynamic.o
LOAD build//home/rt/Documents/R_T/Github/freertos/cva6/fork/FreeRTOS/FreeRTOS/Demo/Common/Minimal/integer.o
LOAD build//home/rt/Documents/R_T/Github/freertos/cva6/fork/FreeRTOS/FreeRTOS/Demo/Common/Minimal/MessageBufferDemo.o
LOAD build/start.o
LOAD build/vector.o
LOAD build/full_demo/RegTest.o
LOAD build//home/rt/Documents/R_T/Github/freertos/cva6/fork/FreeRTOS/FreeRTOS/Source/portable/GCC/RISC-V/portASM.o
LOAD build/main.o
LOAD build/blinky_demo/main_blinky.o
LOAD build/full_demo/main_full.o
LOAD build/full_demo/RegTests.o
LOAD build/riscv-virt.o
LOAD build/uart/uart.o
LOAD /home/rt/riscv/cva6/tools/riscv_gnu_toolchain/install_latest_rv32imaf/lib/gcc/riscv32-unknown-elf/11.1.0/libgcc.a
START GROUP
LOAD /home/rt/riscv/cva6/tools/riscv_gnu_toolchain/install_latest_rv32imaf//riscv32-unknown-elf/lib/libc.a
LOAD /home/rt/riscv/cva6/tools/riscv_gnu_toolchain/install_latest_rv32imaf//riscv32-unknown-elf/lib/libgloss.a
END GROUP
LOAD /home/rt/riscv/cva6/tools/riscv_gnu_toolchain/install_latest_rv32imaf/lib/gcc/riscv32-unknown-elf/11.1.0/libgcc.a

.init           0x0000000080000000       0x94
                0x0000000080000000                _text = .
 *(SORT_NONE(.init))
 .init          0x0000000080000000       0x94 build/start.o
                0x0000000080000000                _start

.text           0x0000000080000100    0x22a48
 *(.text.unlikely .text.unlikely.*)
 *(.text.startup .text.startup.*)
 *(.text .text.*)
 .text          0x0000000080000100        0x0 build//home/rt/Documents/R_T/Github/freertos/cva6/fork/FreeRTOS/FreeRTOS/Source/croutine.o
 .text          0x0000000080000100      0x5a4 build//home/rt/Documents/R_T/Github/freertos/cva6/fork/FreeRTOS/FreeRTOS/Source/event_groups.o
                0x0000000080000134                xEventGroupCreate
                0x0000000080000170                xEventGroupWaitBits
                0x0000000080000320                xEventGroupClearBits
                0x000000008000038c                xEventGroupGetBitsFromISR
                0x0000000080000394                xEventGroupSetBits
                0x0000000080000494                xEventGroupSync
                0x0000000080000608                vEventGroupDelete
                0x0000000080000674                vEventGroupSetBitsCallback
                0x000000008000068c                vEventGroupClearBitsCallback
 .text          0x00000000800006a4       0xe8 build//home/rt/Documents/R_T/Github/freertos/cva6/fork/FreeRTOS/FreeRTOS/Source/list.o
                0x00000000800006a4                vListInitialise
                0x00000000800006c4                vListInitialiseItem
                0x00000000800006cc                vListInsertEnd
                0x00000000800006f8                vListInsert
                0x0000000080000748                uxListRemove
 .text          0x000000008000078c     0x1738 build//home/rt/Documents/R_T/Github/freertos/cva6/fork/FreeRTOS/FreeRTOS/Source/queue.o
                0x0000000080000a8c                xQueueGenericReset
                0x0000000080000bd0                xQueueGenericCreate
                0x0000000080000c7c                xQueueGetMutexHolder
                0x0000000080000ccc                xQueueGetMutexHolderFromISR
                0x0000000080000cf4                xQueueCreateCountingSemaphore
                0x0000000080000d48                xQueueGenericSend
                0x0000000080000fc8                xQueueCreateMutex
                0x0000000080001000                xQueueGiveMutexRecursive
                0x000000008000107c                xQueueGenericSendFromISR
                0x00000000800011b0                xQueueGiveFromISR
                0x00000000800012cc                xQueueReceive
                0x00000000800014f0                xQueueSemaphoreTake
                0x00000000800017ac                xQueueTakeMutexRecursive
                0x000000008000182c                xQueuePeek
                0x0000000080001a48                xQueueReceiveFromISR
                0x0000000080001b58                xQueuePeekFromISR
                0x0000000080001be0                uxQueueMessagesWaiting
                0x0000000080001c1c                uxQueueSpacesAvailable
                0x0000000080001c60                uxQueueMessagesWaitingFromISR
                0x0000000080001c78                xQueueIsQueueEmptyFromISR
                0x0000000080001ca0                xQueueIsQueueFullFromISR
                0x0000000080001ccc                vQueueAddToRegistry
                0x0000000080001d4c                pcQueueGetName
                0x0000000080001d9c                vQueueUnregisterQueue
                0x0000000080001dec                vQueueDelete
                0x0000000080001e28                vQueueWaitForMessageRestricted
 .text          0x0000000080001ec4      0xd10 build//home/rt/Documents/R_T/Github/freertos/cva6/fork/FreeRTOS/FreeRTOS/Source/stream_buffer.o
                0x0000000080002244                xStreamBufferGenericCreate
                0x0000000080002328                vStreamBufferDelete
                0x000000008000236c                xStreamBufferReset
                0x0000000080002420                xStreamBufferSetTriggerLevel
                0x0000000080002454                xStreamBufferSpacesAvailable
                0x0000000080002494                xStreamBufferBytesAvailable
                0x00000000800024bc                xStreamBufferSend
                0x00000000800026b0                xStreamBufferSendFromISR
                0x000000008000279c                xStreamBufferReceive
                0x0000000080002930                xStreamBufferNextMessageLengthBytes
                0x00000000800029a8                xStreamBufferReceiveFromISR
                0x0000000080002a88                xStreamBufferIsEmpty
                0x0000000080002ab4                xStreamBufferIsFull
                0x0000000080002b0c                xStreamBufferSendCompletedFromISR
                0x0000000080002b70                xStreamBufferReceiveCompletedFromISR
 .text          0x0000000080002bd4     0x2e3c build//home/rt/Documents/R_T/Github/freertos/cva6/fork/FreeRTOS/FreeRTOS/Source/tasks.o
                0x000000008000322c                xTaskCreate
                0x0000000080003318                vTaskDelete
                0x0000000080003448                eTaskGetState
                0x0000000080003540                uxTaskPriorityGet
                0x0000000080003580                uxTaskPriorityGetFromISR
                0x0000000080003598                vTaskPrioritySet
                0x0000000080003748                vTaskResume
                0x0000000080003864                xTaskResumeFromISR
                0x0000000080003980                vTaskStartScheduler
                0x0000000080003a1c                vTaskEndScheduler
                0x0000000080003a40                vTaskSuspendAll
                0x0000000080003a58                xTaskGetTickCount
                0x0000000080003a64                xTaskGetTickCountFromISR
                0x0000000080003a70                uxTaskGetNumberOfTasks
                0x0000000080003a7c                pcTaskGetName
                0x0000000080003aa4                xTaskIncrementTick
                0x0000000080003d30                xTaskResumeAll
                0x0000000080003f70                xTaskDelayUntil
                0x000000008000404c                vTaskDelay
                0x00000000800040ac                xTaskGetHandle
                0x0000000080004198                xTaskCatchUpTicks
                0x0000000080004210                xTaskAbortDelay
                0x0000000080004364                vTaskSwitchContext
                0x00000000800044b8                vTaskSuspend
                0x0000000080004618                vTaskPlaceOnEventList
                0x0000000080004664                vTaskPlaceOnUnorderedEventList
                0x000000008000470c                vTaskPlaceOnEventListRestricted
                0x0000000080004794                xTaskRemoveFromEventList
                0x0000000080004910                vTaskRemoveFromUnorderedEventList
                0x0000000080004a60                vTaskSetTimeOutState
                0x0000000080004ab8                vTaskInternalSetTimeOutState
                0x0000000080004ad4                xTaskCheckForTimeOut
                0x0000000080004be8                vTaskMissedYield
                0x0000000080004bf8                xTaskGetCurrentTaskHandle
                0x0000000080004c04                xTaskGetSchedulerState
                0x0000000080004c34                xTaskPriorityInherit
                0x0000000080004d84                xTaskPriorityDisinherit
                0x0000000080004ea0                vTaskPriorityDisinheritAfterTimeout
                0x0000000080004fd0                uxTaskResetEventItemValue
                0x0000000080004ffc                pvTaskIncrementMutexHeldCount
                0x0000000080005028                ulTaskGenericNotifyTake
                0x0000000080005170                xTaskGenericNotifyWait
                0x0000000080005308                xTaskGenericNotify
                0x0000000080005548                xTaskGenericNotifyFromISR
                0x00000000800057ac                vTaskGenericNotifyGiveFromISR
                0x0000000080005944                xTaskGenericNotifyStateClear
                0x00000000800059b8                ulTaskGenericNotifyValueClear
 .text          0x0000000080005a10      0xa5c build//home/rt/Documents/R_T/Github/freertos/cva6/fork/FreeRTOS/FreeRTOS/Source/timers.o
                0x000000008000603c                xTimerCreateTimerTask
                0x0000000080006098                xTimerCreate
                0x0000000080006124                xTimerGenericCommand
                0x00000000800061d8                xTimerGetTimerDaemonTaskHandle
                0x00000000800061f4                xTimerGetPeriod
                0x000000008000620c                vTimerSetReloadMode
                0x0000000080006268                xTimerGetReloadMode
                0x00000000800062bc                uxTimerGetReloadMode
                0x00000000800062d4                xTimerGetExpiryTime
                0x00000000800062ec                pcTimerGetName
                0x0000000080006304                xTimerIsTimerActive
                0x0000000080006358                pvTimerGetTimerID
                0x0000000080006394                vTimerSetTimerID
                0x00000000800063d0                xTimerPendFunctionCallFromISR
                0x0000000080006414                xTimerPendFunctionCall
 .text          0x000000008000646c      0x4e8 build//home/rt/Documents/R_T/Github/freertos/cva6/fork/FreeRTOS/FreeRTOS/Source/portable/MemMang/heap_4.o
                0x000000008000656c                pvPortMalloc
                0x0000000080006720                vPortFree
                0x00000000800067d0                xPortGetFreeHeapSize
                0x00000000800067dc                xPortGetMinimumEverFreeHeapSize
                0x00000000800067e8                vPortInitialiseBlocks
                0x00000000800067ec                pvPortCalloc
                0x0000000080006858                vPortGetHeapStats
 .text          0x0000000080006954       0xdc build//home/rt/Documents/R_T/Github/freertos/cva6/fork/FreeRTOS/FreeRTOS/Source/portable/GCC/RISC-V/port.o
                0x0000000080006954                vPortSetupTimerInterrupt
                0x00000000800069ec                xPortStartScheduler
                0x0000000080006a2c                vPortEndScheduler
 .text          0x0000000080006a30      0x704 build//home/rt/Documents/R_T/Github/freertos/cva6/fork/FreeRTOS/FreeRTOS/Demo/Common/Minimal/blocktim.o
                0x0000000080007050                vCreateBlockTimeTasks
                0x00000000800070d0                xAreBlockTimeTestTasksStillRunning
 .text          0x0000000080007134      0x358 build//home/rt/Documents/R_T/Github/freertos/cva6/fork/FreeRTOS/FreeRTOS/Demo/Common/Minimal/countsem.o
                0x0000000080007350                vStartCountingSemaphoreTasks
                0x000000008000742c                xAreCountingSemaphoreTasksStillRunning
 .text          0x000000008000748c      0x3b0 build//home/rt/Documents/R_T/Github/freertos/cva6/fork/FreeRTOS/FreeRTOS/Demo/Common/Minimal/recmutex.o
                0x0000000080007724                vStartRecursiveMutexTasks
                0x00000000800077c0                xAreRecursiveMutexTasksStillRunning
 .text          0x000000008000783c      0x1a8 build//home/rt/Documents/R_T/Github/freertos/cva6/fork/FreeRTOS/FreeRTOS/Demo/Common/Minimal/death.o
                0x0000000080007940                vCreateSuicidalTasks
                0x0000000080007978                xIsCreateTaskStillRunning
 .text          0x00000000800079e4     0x15b4 build//home/rt/Documents/R_T/Github/freertos/cva6/fork/FreeRTOS/FreeRTOS/Demo/Common/Minimal/TimerDemo.o
                0x000000008000886c                vStartTimerDemoTask
                0x00000000800088e0                vTimerDemoIncludeBacklogTests
                0x00000000800088e8                xAreTimerDemoTasksStillRunning
                0x0000000080008944                vTimerPeriodicISRTests
 .text          0x0000000080008f98      0xb5c build//home/rt/Documents/R_T/Github/freertos/cva6/fork/FreeRTOS/FreeRTOS/Demo/Common/Minimal/EventGroupsDemo.o
                0x00000000800098e0                vStartEventGroupTasks
                0x00000000800099b0                vPeriodicEventGroupsProcessing
                0x0000000080009a98                xAreEventGroupTasksStillRunning
 .text          0x0000000080009af4      0xd58 build//home/rt/Documents/R_T/Github/freertos/cva6/fork/FreeRTOS/FreeRTOS/Demo/Common/Minimal/TaskNotify.o
                0x000000008000a6c0                vStartTaskNotifyTask
                0x000000008000a704                xNotifyTaskFromISR
                0x000000008000a80c                xAreTaskNotificationTasksStillRunning
 .text          0x000000008000a84c      0xbe8 build//home/rt/Documents/R_T/Github/freertos/cva6/fork/FreeRTOS/FreeRTOS/Demo/Common/Minimal/GenQTest.o
                0x000000008000b2cc                vStartGenericQueueTasks
                0x000000008000b3e8                xAreGenericQueueTasksStillRunning
 .text          0x000000008000b434      0x39c build//home/rt/Documents/R_T/Github/freertos/cva6/fork/FreeRTOS/FreeRTOS/Demo/Common/Minimal/BlockQ.o
                0x000000008000b528                vStartBlockingQueueTasks
                0x000000008000b720                xAreBlockingQueuesStillRunning
 .text          0x000000008000b7d0      0x21c build//home/rt/Documents/R_T/Github/freertos/cva6/fork/FreeRTOS/FreeRTOS/Demo/Common/Minimal/PollQ.o
                0x000000008000b940                vStartPolledQueueTasks
                0x000000008000b9cc                xArePollingQueuesStillRunning
 .text          0x000000008000b9ec      0x478 build//home/rt/Documents/R_T/Github/freertos/cva6/fork/FreeRTOS/FreeRTOS/Demo/Common/Minimal/QPeek.o
                0x000000008000bd68                vStartQueuePeekTasks
                0x000000008000be38                xAreQueuePeekTasksStillRunning
 .text          0x000000008000be64      0x270 build//home/rt/Documents/R_T/Github/freertos/cva6/fork/FreeRTOS/FreeRTOS/Demo/Common/Minimal/QueueOverwrite.o
                0x000000008000bf84                vStartQueueOverwriteTask
                0x000000008000bfdc                xIsQueueOverwriteTaskStillRunning
                0x000000008000c004                vQueueOverwritePeriodicISRDemo
 .text          0x000000008000c0d4      0x918 build//home/rt/Documents/R_T/Github/freertos/cva6/fork/FreeRTOS/FreeRTOS/Demo/Common/Minimal/AbortDelay.o
                0x000000008000c93c                vCreateAbortDelayTasks
                0x000000008000c998                xAreAbortDelayTestTasksStillRunning
 .text          0x000000008000c9ec      0x348 build//home/rt/Documents/R_T/Github/freertos/cva6/fork/FreeRTOS/FreeRTOS/Demo/Common/Minimal/semtest.o
                0x000000008000cb4c                vStartSemaphoreTasks
                0x000000008000cccc                xAreSemaphoreTasksStillRunning
 .text          0x000000008000cd34     0x137c build//home/rt/Documents/R_T/Github/freertos/cva6/fork/FreeRTOS/FreeRTOS/Demo/Common/Minimal/StreamBufferDemo.o
                0x000000008000dec4                vStartStreamBufferTasks
                0x000000008000dfb0                vPeriodicStreamBufferProcessing
                0x000000008000e018                xAreStreamBufferTasksStillRunning
 .text          0x000000008000e0b0      0x1d8 build//home/rt/Documents/R_T/Github/freertos/cva6/fork/FreeRTOS/FreeRTOS/Demo/Common/Minimal/StreamBufferInterrupt.o
                0x000000008000e1a8                vStartStreamBufferInterruptDemo
                0x000000008000e1fc                vBasicStreamBufferSendFromISR
                0x000000008000e274                xIsInterruptStreamBufferDemoStillRunning
 .text          0x000000008000e288      0x42c build//home/rt/Documents/R_T/Github/freertos/cva6/fork/FreeRTOS/FreeRTOS/Demo/Common/Minimal/dynamic.o
                0x000000008000e564                vStartDynamicPriorityTasks
                0x000000008000e650                xAreDynamicPriorityTasksStillRunning
 .text          0x000000008000e6b4      0x150 build//home/rt/Documents/R_T/Github/freertos/cva6/fork/FreeRTOS/FreeRTOS/Demo/Common/Minimal/integer.o
                0x000000008000e74c                vStartIntegerMathTasks
                0x000000008000e7b8                xAreIntegerMathsTaskStillRunning
 .text          0x000000008000e804      0xc30 build//home/rt/Documents/R_T/Github/freertos/cva6/fork/FreeRTOS/FreeRTOS/Demo/Common/Minimal/MessageBufferDemo.o
                0x000000008000f2e0                vStartMessageBufferTasks
                0x000000008000f3c8                xAreMessageBufferTasksStillRunning
 .text          0x000000008000f434        0x0 build/start.o
 *fill*         0x000000008000f434       0x4c 
 .text          0x000000008000f480       0x80 build/vector.o
                0x000000008000f480                freertos_vector_table
 .text          0x000000008000f500      0x2e0 build/full_demo/RegTest.o
                0x000000008000f500                vRegTest1Implementation
                0x000000008000f670                vRegTest2Implementation
 .text          0x000000008000f7e0      0x120 build//home/rt/Documents/R_T/Github/freertos/cva6/fork/FreeRTOS/FreeRTOS/Source/portable/GCC/RISC-V/portASM.o
                0x000000008000f7e0                pxPortInitialiseStack
                0x000000008000f840                xPortStartFirstTask
                0x000000008000f8e0                freertos_risc_v_application_exception_handler
                0x000000008000f8f0                freertos_risc_v_application_interrupt_handler
 .text.freertos_risc_v_exception_handler
                0x000000008000f900      0x200 build//home/rt/Documents/R_T/Github/freertos/cva6/fork/FreeRTOS/FreeRTOS/Source/portable/GCC/RISC-V/portASM.o
                0x000000008000f900                freertos_risc_v_exception_handler
 .text.freertos_risc_v_interrupt_handler
                0x000000008000fb00      0x14c build//home/rt/Documents/R_T/Github/freertos/cva6/fork/FreeRTOS/FreeRTOS/Source/portable/GCC/RISC-V/portASM.o
                0x000000008000fb00                freertos_risc_v_interrupt_handler
 .text.freertos_risc_v_mtimer_interrupt_handler
                0x000000008000fc4c      0x190 build//home/rt/Documents/R_T/Github/freertos/cva6/fork/FreeRTOS/FreeRTOS/Source/portable/GCC/RISC-V/portASM.o
                0x000000008000fc4c                freertos_risc_v_mtimer_interrupt_handler
 *fill*         0x000000008000fddc       0x24 
 .text.freertos_risc_v_trap_handler
                0x000000008000fe00      0x1e0 build//home/rt/Documents/R_T/Github/freertos/cva6/fork/FreeRTOS/FreeRTOS/Source/portable/GCC/RISC-V/portASM.o
                0x000000008000fe00                freertos_risc_v_trap_handler
 .text          0x000000008000ffe0      0x1e8 build/main.o
                0x000000008000ffe0                LEDInit
                0x000000008001003c                LEDOn
                0x000000008001004c                LEDOff
                0x0000000080010058                dummy
                0x000000008001005c                vToggleLED
                0x000000008001007c                flash_led
                0x00000000800100c8                main
                0x00000000800100f8                vApplicationMallocFailedHook
                0x0000000080010104                vApplicationIdleHook
                0x0000000080010108                vApplicationStackOverflowHook
                0x0000000080010114                vApplicationTickHook
                0x000000008001012c                vAssertCalled
 .text          0x00000000800101c8      0x110 build/blinky_demo/main_blinky.o
                0x0000000080010260                main_blinky
 .text          0x00000000800102d8      0x2e0 build/full_demo/main_full.o
                0x00000000800104cc                main_full
                0x000000008001058c                vFullDemoTickHook
 .text          0x00000000800105b8      0x144 build/full_demo/RegTests.o
                0x0000000080010618                vStartRegisterTasks
                0x00000000800106b0                xAreRegisterTasksStillRunning
 .text          0x00000000800106fc       0x64 build/riscv-virt.o
                0x00000000800106fc                xGetCoreID
                0x0000000080010704                vSendString
                0x000000008001075c                handle_trap
 .text          0x0000000080010760      0x4f0 build/uart/uart.o
                0x0000000080010924                UART_init
                0x0000000080010954                UART_polled_tx
                0x0000000080010988                UART_polled_tx_string
                0x00000000800109dc                UART_irq_tx
                0x0000000080010a10                UART_tx_complete
                0x0000000080010a50                UART_get_rx
                0x0000000080010ac8                UART_enable_irq
                0x0000000080010aec                UART_set_rx_handler
                0x0000000080010b30                UART_set_tx_handler
                0x0000000080010b54                UART_set_modemstatus_handler
                0x0000000080010b70                UART_fill_tx_fifo
                0x0000000080010be0                UART_get_rx_status
                0x0000000080010c00                UART_get_modem_status
                0x0000000080010c0c                UART_get_tx_status
                0x0000000080010c28                UART_set_break
                0x0000000080010c3c                UART_clear_break
 .text          0x0000000080010c50      0x430 /home/rt/riscv/cva6/tools/riscv_gnu_toolchain/install_latest_rv32imaf/lib/gcc/riscv32-unknown-elf/11.1.0/libgcc.a(_udivdi3.o)
                0x0000000080010c50                __udivdi3
 .text          0x0000000080011080        0x0 /home/rt/riscv/cva6/tools/riscv_gnu_toolchain/install_latest_rv32imaf/lib/gcc/riscv32-unknown-elf/11.1.0/libgcc.a(_clz.o)
 .text          0x0000000080011080       0x78 /home/rt/riscv/cva6/tools/riscv_gnu_toolchain/install_latest_rv32imaf//riscv32-unknown-elf/lib/libc.a(lib_a-memcmp.o)
                0x0000000080011080                memcmp
 .text          0x00000000800110f8      0x128 /home/rt/riscv/cva6/tools/riscv_gnu_toolchain/install_latest_rv32imaf//riscv32-unknown-elf/lib/libc.a(lib_a-memcpy.o)
                0x00000000800110f8                memcpy
 .text          0x0000000080011220       0xdc /home/rt/riscv/cva6/tools/riscv_gnu_toolchain/install_latest_rv32imaf//riscv32-unknown-elf/lib/libc.a(lib_a-memset.o)
                0x0000000080011220                memset
 .text          0x00000000800112fc       0xe4 /home/rt/riscv/cva6/tools/riscv_gnu_toolchain/install_latest_rv32imaf//riscv32-unknown-elf/lib/libc.a(lib_a-sprintf.o)
                0x00000000800112fc                _sprintf_r
                0x0000000080011368                sprintf
 .text          0x00000000800113e0      0x17c /home/rt/riscv/cva6/tools/riscv_gnu_toolchain/install_latest_rv32imaf//riscv32-unknown-elf/lib/libc.a(lib_a-strcmp.o)
                0x00000000800113e0                strcmp
 .text          0x000000008001155c       0x8c /home/rt/riscv/cva6/tools/riscv_gnu_toolchain/install_latest_rv32imaf//riscv32-unknown-elf/lib/libc.a(lib_a-strlen.o)
                0x000000008001155c                strlen
 .text          0x00000000800115e8     0x297c /home/rt/riscv/cva6/tools/riscv_gnu_toolchain/install_latest_rv32imaf//riscv32-unknown-elf/lib/libc.a(lib_a-svfprintf.o)
                0x00000000800115e8                _svfprintf_r
 .text          0x0000000080013f64      0x448 /home/rt/riscv/cva6/tools/riscv_gnu_toolchain/install_latest_rv32imaf//riscv32-unknown-elf/lib/libc.a(lib_a-freer.o)
                0x0000000080013f64                _malloc_trim_r
                0x00000000800140a0                _free_r
 .text          0x00000000800143ac        0x0 /home/rt/riscv/cva6/tools/riscv_gnu_toolchain/install_latest_rv32imaf//riscv32-unknown-elf/lib/libc.a(lib_a-impure.o)
 .text          0x00000000800143ac     0x2b2c /home/rt/riscv/cva6/tools/riscv_gnu_toolchain/install_latest_rv32imaf//riscv32-unknown-elf/lib/libc.a(lib_a-ldtoa.o)
                0x0000000080015bdc                _ldtoa_r
                0x0000000080016e60                _ldcheck
 .text          0x0000000080016ed8       0x20 /home/rt/riscv/cva6/tools/riscv_gnu_toolchain/install_latest_rv32imaf//riscv32-unknown-elf/lib/libc.a(lib_a-localeconv.o)
                0x0000000080016ed8                __localeconv_l
                0x0000000080016ee0                _localeconv_r
                0x0000000080016eec                localeconv
 .text          0x0000000080016ef8      0x104 /home/rt/riscv/cva6/tools/riscv_gnu_toolchain/install_latest_rv32imaf//riscv32-unknown-elf/lib/libc.a(lib_a-locale.o)
                0x0000000080016ef8                _setlocale_r
                0x0000000080016f74                __locale_mb_cur_max
                0x0000000080016f80                setlocale
 .text          0x0000000080016ffc      0x7bc /home/rt/riscv/cva6/tools/riscv_gnu_toolchain/install_latest_rv32imaf//riscv32-unknown-elf/lib/libc.a(lib_a-mallocr.o)
                0x0000000080016ffc                _malloc_r
 .text          0x00000000800177b8       0x74 /home/rt/riscv/cva6/tools/riscv_gnu_toolchain/install_latest_rv32imaf//riscv32-unknown-elf/lib/libc.a(lib_a-mbtowc_r.o)
                0x00000000800177b8                _mbtowc_r
                0x00000000800177c4                __ascii_mbtowc
 .text          0x000000008001782c       0xc8 /home/rt/riscv/cva6/tools/riscv_gnu_toolchain/install_latest_rv32imaf//riscv32-unknown-elf/lib/libc.a(lib_a-memchr.o)
                0x000000008001782c                memchr
 .text          0x00000000800178f4        0x8 /home/rt/riscv/cva6/tools/riscv_gnu_toolchain/install_latest_rv32imaf//riscv32-unknown-elf/lib/libc.a(lib_a-mlock.o)
                0x00000000800178f4                __malloc_lock
                0x00000000800178f8                __malloc_unlock
 .text          0x00000000800178fc     0x1208 /home/rt/riscv/cva6/tools/riscv_gnu_toolchain/install_latest_rv32imaf//riscv32-unknown-elf/lib/libc.a(lib_a-mprec.o)
                0x00000000800178fc                _Balloc
                0x00000000800179a4                _Bfree
                0x00000000800179c8                __multadd
                0x0000000080017b14                __s2b
                0x0000000080017c48                __hi0bits
                0x0000000080017cc0                __lo0bits
                0x0000000080017da0                __i2b
                0x0000000080017e50                __multiply
                0x0000000080018084                __pow5mult
                0x00000000800181dc                __lshift
                0x000000008001836c                __mcmp
                0x00000000800183c4                __mdiff
                0x0000000080018608                __ulp
                0x0000000080018670                __b2d
                0x0000000080018788                __d2b
                0x00000000800188e4                __ratio
                0x000000008001898c                _mprec_log10
                0x0000000080018a38                __copybits
                0x0000000080018aa0                __any_on
 .text          0x0000000080018b04       0x50 /home/rt/riscv/cva6/tools/riscv_gnu_toolchain/install_latest_rv32imaf//riscv32-unknown-elf/lib/libc.a(lib_a-sbrkr.o)
                0x0000000080018b04                _sbrk_r
 .text          0x0000000080018b54       0xb0 /home/rt/riscv/cva6/tools/riscv_gnu_toolchain/install_latest_rv32imaf//riscv32-unknown-elf/lib/libc.a(lib_a-s_frexp.o)
                0x0000000080018b54                frexp
 .text          0x0000000080018c04       0xb0 /home/rt/riscv/cva6/tools/riscv_gnu_toolchain/install_latest_rv32imaf//riscv32-unknown-elf/lib/libc.a(lib_a-strcpy.o)
                0x0000000080018c04                strcpy
 .text          0x0000000080018cb4       0xa8 /home/rt/riscv/cva6/tools/riscv_gnu_toolchain/install_latest_rv32imaf//riscv32-unknown-elf/lib/libc.a(lib_a-strncpy.o)
                0x0000000080018cb4                strncpy
 .text          0x0000000080018d5c     0x11e0 /home/rt/riscv/cva6/tools/riscv_gnu_toolchain/install_latest_rv32imaf//riscv32-unknown-elf/lib/libc.a(lib_a-svfiprintf.o)
                0x0000000080018d5c                __ssprint_r
                0x0000000080018f1c                _svfiprintf_r
 .text          0x0000000080019f3c       0x3c /home/rt/riscv/cva6/tools/riscv_gnu_toolchain/install_latest_rv32imaf//riscv32-unknown-elf/lib/libc.a(lib_a-wctomb_r.o)
                0x0000000080019f3c                _wctomb_r
                0x0000000080019f48                __ascii_wctomb
 .text          0x0000000080019f78       0x68 /home/rt/riscv/cva6/tools/riscv_gnu_toolchain/install_latest_rv32imaf//riscv32-unknown-elf/lib/libc.a(lib_a-assert.o)
                0x0000000080019f78                __assert_func
                0x0000000080019fcc                __assert
 .text          0x0000000080019fe0       0xe8 /home/rt/riscv/cva6/tools/riscv_gnu_toolchain/install_latest_rv32imaf//riscv32-unknown-elf/lib/libc.a(lib_a-callocr.o)
                0x0000000080019fe0                _calloc_r
 .text          0x000000008001a0c8        0x0 /home/rt/riscv/cva6/tools/riscv_gnu_toolchain/install_latest_rv32imaf//riscv32-unknown-elf/lib/libc.a(lib_a-ctype_.o)
 .text          0x000000008001a0c8        0x8 /home/rt/riscv/cva6/tools/riscv_gnu_toolchain/install_latest_rv32imaf//riscv32-unknown-elf/lib/libc.a(lib_a-errno.o)
                0x000000008001a0c8                __errno
 .text          0x000000008001a0d0       0x80 /home/rt/riscv/cva6/tools/riscv_gnu_toolchain/install_latest_rv32imaf//riscv32-unknown-elf/lib/libc.a(lib_a-fiprintf.o)
                0x000000008001a0d0                _fiprintf_r
                0x000000008001a108                fiprintf
 .text          0x000000008001a150      0x120 /home/rt/riscv/cva6/tools/riscv_gnu_toolchain/install_latest_rv32imaf//riscv32-unknown-elf/lib/libc.a(lib_a-memmove-stub.o)
                0x000000008001a150                memmove
 .text          0x000000008001a270      0x55c /home/rt/riscv/cva6/tools/riscv_gnu_toolchain/install_latest_rv32imaf//riscv32-unknown-elf/lib/libc.a(lib_a-reallocr.o)
                0x000000008001a270                _realloc_r
 .text          0x000000008001a7cc      0x1b0 /home/rt/riscv/cva6/tools/riscv_gnu_toolchain/install_latest_rv32imaf//riscv32-unknown-elf/lib/libc.a(lib_a-reent.o)
                0x000000008001a7cc                cleanup_glue
                0x000000008001a860                _reclaim_reent
 .text          0x000000008001a97c     0x1484 /home/rt/riscv/cva6/tools/riscv_gnu_toolchain/install_latest_rv32imaf//riscv32-unknown-elf/lib/libc.a(lib_a-vfiprintf.o)
                0x000000008001aa70                __sprint_r
                0x000000008001aa88                _vfiprintf_r
                0x000000008001bd2c                vfiprintf
 .text          0x000000008001be00      0x168 /home/rt/riscv/cva6/tools/riscv_gnu_toolchain/install_latest_rv32imaf//riscv32-unknown-elf/lib/libc.a(lib_a-wsetup.o)
                0x000000008001be00                __swsetup_r
 .text          0x000000008001bf68       0x18 /home/rt/riscv/cva6/tools/riscv_gnu_toolchain/install_latest_rv32imaf//riscv32-unknown-elf/lib/libc.a(lib_a-abort.o)
                0x000000008001bf68                abort
 .text          0x000000008001bf80      0x340 /home/rt/riscv/cva6/tools/riscv_gnu_toolchain/install_latest_rv32imaf//riscv32-unknown-elf/lib/libc.a(lib_a-fflush.o)
                0x000000008001bf80                __sflush_r
                0x000000008001c1e4                _fflush_r
                0x000000008001c244                fflush
 .text          0x000000008001c2c0      0x390 /home/rt/riscv/cva6/tools/riscv_gnu_toolchain/install_latest_rv32imaf//riscv32-unknown-elf/lib/libc.a(lib_a-findfp.o)
                0x000000008001c2c8                _cleanup_r
                0x000000008001c460                __sfmoreglue
                0x000000008001c4cc                __sfp
                0x000000008001c600                _cleanup
                0x000000008001c610                __sinit
                0x000000008001c620                __sfp_lock_acquire
                0x000000008001c624                __sfp_lock_release
                0x000000008001c628                __sinit_lock_acquire
                0x000000008001c62c                __sinit_lock_release
                0x000000008001c630                __fp_lock_all
                0x000000008001c640                __fp_unlock_all
 .text          0x000000008001c650      0x1d4 /home/rt/riscv/cva6/tools/riscv_gnu_toolchain/install_latest_rv32imaf//riscv32-unknown-elf/lib/libc.a(lib_a-fputwc.o)
                0x000000008001c650                __fputwc
                0x000000008001c77c                _fputwc_r
                0x000000008001c7a8                fputwc
 .text          0x000000008001c824      0x4b0 /home/rt/riscv/cva6/tools/riscv_gnu_toolchain/install_latest_rv32imaf//riscv32-unknown-elf/lib/libc.a(lib_a-fvwrite.o)
                0x000000008001c824                __sfvwrite_r
 .text          0x000000008001ccd4      0x158 /home/rt/riscv/cva6/tools/riscv_gnu_toolchain/install_latest_rv32imaf//riscv32-unknown-elf/lib/libc.a(lib_a-fwalk.o)
                0x000000008001ccd4                _fwalk
                0x000000008001cd78                _fwalk_reent
 .text          0x000000008001ce2c      0x26c /home/rt/riscv/cva6/tools/riscv_gnu_toolchain/install_latest_rv32imaf//riscv32-unknown-elf/lib/libc.a(lib_a-makebuf.o)
                0x000000008001ce2c                __smakebuf_r
                0x000000008001cfbc                __swhatbuf_r
 .text          0x000000008001d098      0x580 /home/rt/riscv/cva6/tools/riscv_gnu_toolchain/install_latest_rv32imaf//riscv32-unknown-elf/lib/libc.a(lib_a-signal.o)
                0x000000008001d098                _init_signal_r
                0x000000008001d0f4                _signal_r
                0x000000008001d19c                _raise_r
                0x000000008001d278                __sigtramp_r
                0x000000008001d358                raise
                0x000000008001d430                signal
                0x000000008001d4e0                _init_signal
                0x000000008001d53c                __sigtramp
 .text          0x000000008001d618       0x5c /home/rt/riscv/cva6/tools/riscv_gnu_toolchain/install_latest_rv32imaf//riscv32-unknown-elf/lib/libc.a(lib_a-signalr.o)
                0x000000008001d618                _kill_r
                0x000000008001d670                _getpid_r
 .text          0x000000008001d674      0x15c /home/rt/riscv/cva6/tools/riscv_gnu_toolchain/install_latest_rv32imaf//riscv32-unknown-elf/lib/libc.a(lib_a-stdio.o)
                0x000000008001d674                __sread
                0x000000008001d6d0                __seofread
                0x000000008001d6d8                __swrite
                0x000000008001d760                __sseek
                0x000000008001d7c8                __sclose
 .text          0x000000008001d7d0      0x198 /home/rt/riscv/cva6/tools/riscv_gnu_toolchain/install_latest_rv32imaf//riscv32-unknown-elf/lib/libc.a(lib_a-wbuf.o)
                0x000000008001d7d0                __swbuf_r
                0x000000008001d958                __swbuf
 .text          0x000000008001d968      0x108 /home/rt/riscv/cva6/tools/riscv_gnu_toolchain/install_latest_rv32imaf//riscv32-unknown-elf/lib/libc.a(lib_a-wcrtomb.o)
                0x000000008001d968                _wcrtomb_r
                0x000000008001d9e0                wcrtomb
 .text          0x000000008001da70       0x5c /home/rt/riscv/cva6/tools/riscv_gnu_toolchain/install_latest_rv32imaf//riscv32-unknown-elf/lib/libc.a(lib_a-writer.o)
                0x000000008001da70                _write_r
 .text          0x000000008001dacc       0x50 /home/rt/riscv/cva6/tools/riscv_gnu_toolchain/install_latest_rv32imaf//riscv32-unknown-elf/lib/libc.a(lib_a-closer.o)
                0x000000008001dacc                _close_r
 .text          0x000000008001db1c      0x11c /home/rt/riscv/cva6/tools/riscv_gnu_toolchain/install_latest_rv32imaf//riscv32-unknown-elf/lib/libc.a(lib_a-fclose.o)
                0x000000008001db1c                _fclose_r
                0x000000008001dc2c                fclose
 .text          0x000000008001dc38       0x58 /home/rt/riscv/cva6/tools/riscv_gnu_toolchain/install_latest_rv32imaf//riscv32-unknown-elf/lib/libc.a(lib_a-fstatr.o)
                0x000000008001dc38                _fstat_r
 .text          0x000000008001dc90       0x50 /home/rt/riscv/cva6/tools/riscv_gnu_toolchain/install_latest_rv32imaf//riscv32-unknown-elf/lib/libc.a(lib_a-isattyr.o)
                0x000000008001dc90                _isatty_r
 .text          0x000000008001dce0       0x5c /home/rt/riscv/cva6/tools/riscv_gnu_toolchain/install_latest_rv32imaf//riscv32-unknown-elf/lib/libc.a(lib_a-lseekr.o)
                0x000000008001dce0                _lseek_r
 .text          0x000000008001dd3c       0x5c /home/rt/riscv/cva6/tools/riscv_gnu_toolchain/install_latest_rv32imaf//riscv32-unknown-elf/lib/libc.a(lib_a-readr.o)
                0x000000008001dd3c                _read_r
 .text          0x000000008001dd98       0x44 /home/rt/riscv/cva6/tools/riscv_gnu_toolchain/install_latest_rv32imaf//riscv32-unknown-elf/lib/libgloss.a(sys_close.o)
                0x000000008001dd98                _close
 .text          0x000000008001dddc       0x30 /home/rt/riscv/cva6/tools/riscv_gnu_toolchain/install_latest_rv32imaf//riscv32-unknown-elf/lib/libgloss.a(sys_exit.o)
                0x000000008001dddc                _exit
 .text          0x000000008001de0c       0x60 /home/rt/riscv/cva6/tools/riscv_gnu_toolchain/install_latest_rv32imaf//riscv32-unknown-elf/lib/libgloss.a(sys_fstat.o)
                0x000000008001de0c                _fstat
 .text          0x000000008001de6c        0x8 /home/rt/riscv/cva6/tools/riscv_gnu_toolchain/install_latest_rv32imaf//riscv32-unknown-elf/lib/libgloss.a(sys_getpid.o)
                0x000000008001de6c                _getpid
 .text          0x000000008001de74       0x40 /home/rt/riscv/cva6/tools/riscv_gnu_toolchain/install_latest_rv32imaf//riscv32-unknown-elf/lib/libgloss.a(sys_isatty.o)
                0x000000008001de74                _isatty
 .text          0x000000008001deb4       0x24 /home/rt/riscv/cva6/tools/riscv_gnu_toolchain/install_latest_rv32imaf//riscv32-unknown-elf/lib/libgloss.a(sys_kill.o)
                0x000000008001deb4                _kill
 .text          0x000000008001ded8       0x44 /home/rt/riscv/cva6/tools/riscv_gnu_toolchain/install_latest_rv32imaf//riscv32-unknown-elf/lib/libgloss.a(sys_lseek.o)
                0x000000008001ded8                _lseek
 .text          0x000000008001df1c       0x44 /home/rt/riscv/cva6/tools/riscv_gnu_toolchain/install_latest_rv32imaf//riscv32-unknown-elf/lib/libgloss.a(sys_read.o)
                0x000000008001df1c                _read
 .text          0x000000008001df60       0x7c /home/rt/riscv/cva6/tools/riscv_gnu_toolchain/install_latest_rv32imaf//riscv32-unknown-elf/lib/libgloss.a(sys_sbrk.o)
                0x000000008001df60                _sbrk
 .text          0x000000008001dfdc       0x44 /home/rt/riscv/cva6/tools/riscv_gnu_toolchain/install_latest_rv32imaf//riscv32-unknown-elf/lib/libgloss.a(sys_write.o)
                0x000000008001dfdc                _write
 .text          0x000000008001e020       0xa4 /home/rt/riscv/cva6/tools/riscv_gnu_toolchain/install_latest_rv32imaf//riscv32-unknown-elf/lib/libgloss.a(sys_conv_stat.o)
                0x000000008001e020                _conv_stat
 .text          0x000000008001e0c4      0x8ac /home/rt/riscv/cva6/tools/riscv_gnu_toolchain/install_latest_rv32imaf/lib/gcc/riscv32-unknown-elf/11.1.0/libgcc.a(divdf3.o)
                0x000000008001e0c4                __divdf3
 .text          0x000000008001e970      0x7dc /home/rt/riscv/cva6/tools/riscv_gnu_toolchain/install_latest_rv32imaf/lib/gcc/riscv32-unknown-elf/11.1.0/libgcc.a(muldf3.o)
                0x000000008001e970                __muldf3
 .text          0x000000008001f14c      0x12c /home/rt/riscv/cva6/tools/riscv_gnu_toolchain/install_latest_rv32imaf/lib/gcc/riscv32-unknown-elf/11.1.0/libgcc.a(eqtf2.o)
                0x000000008001f14c                __eqtf2
                0x000000008001f14c                __netf2
 .text          0x000000008001f278      0x14c /home/rt/riscv/cva6/tools/riscv_gnu_toolchain/install_latest_rv32imaf/lib/gcc/riscv32-unknown-elf/11.1.0/libgcc.a(getf2.o)
                0x000000008001f278                __getf2
                0x000000008001f278                __gttf2
 .text          0x000000008001f3c4      0x14c /home/rt/riscv/cva6/tools/riscv_gnu_toolchain/install_latest_rv32imaf/lib/gcc/riscv32-unknown-elf/11.1.0/libgcc.a(letf2.o)
                0x000000008001f3c4                __letf2
                0x000000008001f3c4                __lttf2
 .text          0x000000008001f510     0x1270 /home/rt/riscv/cva6/tools/riscv_gnu_toolchain/install_latest_rv32imaf/lib/gcc/riscv32-unknown-elf/11.1.0/libgcc.a(multf3.o)
                0x000000008001f510                __multf3
 .text          0x0000000080020780     0x1954 /home/rt/riscv/cva6/tools/riscv_gnu_toolchain/install_latest_rv32imaf/lib/gcc/riscv32-unknown-elf/11.1.0/libgcc.a(subtf3.o)
                0x0000000080020780                __subtf3
 .text          0x00000000800220d4      0x1a8 /home/rt/riscv/cva6/tools/riscv_gnu_toolchain/install_latest_rv32imaf/lib/gcc/riscv32-unknown-elf/11.1.0/libgcc.a(fixtfsi.o)
                0x00000000800220d4                __fixtfsi
 .text          0x000000008002227c      0x154 /home/rt/riscv/cva6/tools/riscv_gnu_toolchain/install_latest_rv32imaf/lib/gcc/riscv32-unknown-elf/11.1.0/libgcc.a(floatsitf.o)
                0x000000008002227c                __floatsitf
 .text          0x00000000800223d0      0x22c /home/rt/riscv/cva6/tools/riscv_gnu_toolchain/install_latest_rv32imaf/lib/gcc/riscv32-unknown-elf/11.1.0/libgcc.a(extenddftf2.o)
                0x00000000800223d0                __extenddftf2
 .text          0x00000000800225fc      0x500 /home/rt/riscv/cva6/tools/riscv_gnu_toolchain/install_latest_rv32imaf/lib/gcc/riscv32-unknown-elf/11.1.0/libgcc.a(trunctfdf2.o)
                0x00000000800225fc                __trunctfdf2
 .text          0x0000000080022afc       0x4c /home/rt/riscv/cva6/tools/riscv_gnu_toolchain/install_latest_rv32imaf/lib/gcc/riscv32-unknown-elf/11.1.0/libgcc.a(_clzsi2.o)
                0x0000000080022afc                __clzsi2
 *(.gnu.linkonce.t.*)

.fini           0x0000000080022b48        0x0
 *(SORT_NONE(.fini))
                0x0000000080022b48                _etext = .

.rodata.align   0x0000000080022b48        0x0
                0x0000000080022b48                . = ALIGN (0x4)
                0x0000000080022b48                _rodata = .

.rodata.start   0x0000000080022b48        0x0
                0x0000000080022b48                _rodata_lma = LOADADDR (.rodata.start)

.rodata         0x0000000080022b50     0x14a8
 *(.rdata)
 *(.rodata .rodata.*)
 .rodata.str1.4
                0x0000000080022b50        0x5 build//home/rt/Documents/R_T/Github/freertos/cva6/fork/FreeRTOS/FreeRTOS/Source/tasks.o
 *fill*         0x0000000080022b55        0x3 
 .rodata        0x0000000080022b58       0x28 build//home/rt/Documents/R_T/Github/freertos/cva6/fork/FreeRTOS/FreeRTOS/Source/tasks.o
 .rodata        0x0000000080022b80       0x28 build//home/rt/Documents/R_T/Github/freertos/cva6/fork/FreeRTOS/FreeRTOS/Source/timers.o
 .rodata.str1.4
                0x0000000080022ba8       0x10 build//home/rt/Documents/R_T/Github/freertos/cva6/fork/FreeRTOS/FreeRTOS/Source/timers.o
 .rodata.str1.4
                0x0000000080022bb8       0x23 build//home/rt/Documents/R_T/Github/freertos/cva6/fork/FreeRTOS/FreeRTOS/Demo/Common/Minimal/blocktim.o
 *fill*         0x0000000080022bdb        0x1 
 .rodata.str1.4
                0x0000000080022bdc       0x2d build//home/rt/Documents/R_T/Github/freertos/cva6/fork/FreeRTOS/FreeRTOS/Demo/Common/Minimal/countsem.o
 *fill*         0x0000000080022c09        0x3 
 .rodata.str1.4
                0x0000000080022c0c       0x25 build//home/rt/Documents/R_T/Github/freertos/cva6/fork/FreeRTOS/FreeRTOS/Demo/Common/Minimal/recmutex.o
 *fill*         0x0000000080022c31        0x3 
 .rodata.str1.4
                0x0000000080022c34       0x18 build//home/rt/Documents/R_T/Github/freertos/cva6/fork/FreeRTOS/FreeRTOS/Demo/Common/Minimal/death.o
 .rodata.str1.4
                0x0000000080022c4c       0x34 build//home/rt/Documents/R_T/Github/freertos/cva6/fork/FreeRTOS/FreeRTOS/Demo/Common/Minimal/TimerDemo.o
 .rodata.str1.4
                0x0000000080022c80       0x15 build//home/rt/Documents/R_T/Github/freertos/cva6/fork/FreeRTOS/FreeRTOS/Demo/Common/Minimal/EventGroupsDemo.o
 *fill*         0x0000000080022c95        0x3 
 .rodata.str1.4
                0x0000000080022c98       0x25 build//home/rt/Documents/R_T/Github/freertos/cva6/fork/FreeRTOS/FreeRTOS/Demo/Common/Minimal/TaskNotify.o
 *fill*         0x0000000080022cbd        0x3 
 .rodata.str1.4
                0x0000000080022cc0       0x48 build//home/rt/Documents/R_T/Github/freertos/cva6/fork/FreeRTOS/FreeRTOS/Demo/Common/Minimal/GenQTest.o
 .rodata.str1.4
                0x0000000080022d08       0x30 build//home/rt/Documents/R_T/Github/freertos/cva6/fork/FreeRTOS/FreeRTOS/Demo/Common/Minimal/BlockQ.o
 .rodata.str1.4
                0x0000000080022d38       0x20 build//home/rt/Documents/R_T/Github/freertos/cva6/fork/FreeRTOS/FreeRTOS/Demo/Common/Minimal/PollQ.o
 .rodata.str1.4
                0x0000000080022d58       0x33 build//home/rt/Documents/R_T/Github/freertos/cva6/fork/FreeRTOS/FreeRTOS/Demo/Common/Minimal/QPeek.o
 *fill*         0x0000000080022d8b        0x1 
 .rodata.str1.4
                0x0000000080022d8c        0x6 build//home/rt/Documents/R_T/Github/freertos/cva6/fork/FreeRTOS/FreeRTOS/Demo/Common/Minimal/QueueOverwrite.o
 *fill*         0x0000000080022d92        0x2 
 .rodata.str1.4
                0x0000000080022d94        0xf build//home/rt/Documents/R_T/Github/freertos/cva6/fork/FreeRTOS/FreeRTOS/Demo/Common/Minimal/AbortDelay.o
 *fill*         0x0000000080022da3        0x1 
 .rodata        0x0000000080022da4       0x20 build//home/rt/Documents/R_T/Github/freertos/cva6/fork/FreeRTOS/FreeRTOS/Demo/Common/Minimal/AbortDelay.o
 .rodata.str1.4
                0x0000000080022dc4       0x20 build//home/rt/Documents/R_T/Github/freertos/cva6/fork/FreeRTOS/FreeRTOS/Demo/Common/Minimal/semtest.o
                                         0x3f (size before relaxing)
 .rodata.str1.4
                0x0000000080022de4       0xc8 build//home/rt/Documents/R_T/Github/freertos/cva6/fork/FreeRTOS/FreeRTOS/Demo/Common/Minimal/StreamBufferDemo.o
 .rodata.str1.4
                0x0000000080022eac       0x35 build//home/rt/Documents/R_T/Github/freertos/cva6/fork/FreeRTOS/FreeRTOS/Demo/Common/Minimal/StreamBufferInterrupt.o
 *fill*         0x0000000080022ee1        0x3 
 .rodata.str1.4
                0x0000000080022ee4       0x40 build//home/rt/Documents/R_T/Github/freertos/cva6/fork/FreeRTOS/FreeRTOS/Demo/Common/Minimal/dynamic.o
 .rodata.str1.4
                0x0000000080022f24        0x8 build//home/rt/Documents/R_T/Github/freertos/cva6/fork/FreeRTOS/FreeRTOS/Demo/Common/Minimal/integer.o
 .rodata.str1.4
                0x0000000080022f2c       0x69 build//home/rt/Documents/R_T/Github/freertos/cva6/fork/FreeRTOS/FreeRTOS/Demo/Common/Minimal/MessageBufferDemo.o
                                         0x75 (size before relaxing)
 *fill*         0x0000000080022f95        0x3 
 .rodata.str1.4
                0x0000000080022f98       0x11 build/main.o
 *fill*         0x0000000080022fa9        0x3 
 .rodata.str1.4
                0x0000000080022fac       0x2b build/blinky_demo/main_blinky.o
 *fill*         0x0000000080022fd7        0x1 
 .rodata.str1.4
                0x0000000080022fd8      0x31a build/full_demo/main_full.o
 *fill*         0x00000000800232f2        0x2 
 .rodata.str1.4
                0x00000000800232f4       0x15 build/full_demo/RegTests.o
 *fill*         0x0000000080023309        0x3 
 .rodata        0x000000008002330c      0x100 /home/rt/riscv/cva6/tools/riscv_gnu_toolchain/install_latest_rv32imaf/lib/gcc/riscv32-unknown-elf/11.1.0/libgcc.a(_clz.o)
                0x000000008002330c                __clz_tab
 .rodata.str1.4
                0x000000008002340c       0x42 /home/rt/riscv/cva6/tools/riscv_gnu_toolchain/install_latest_rv32imaf//riscv32-unknown-elf/lib/libc.a(lib_a-svfprintf.o)
 *fill*         0x000000008002344e        0x2 
 .rodata        0x0000000080023450      0x224 /home/rt/riscv/cva6/tools/riscv_gnu_toolchain/install_latest_rv32imaf//riscv32-unknown-elf/lib/libc.a(lib_a-svfprintf.o)
 *fill*         0x0000000080023674        0xc 
 .rodata.cst16  0x0000000080023680       0x30 /home/rt/riscv/cva6/tools/riscv_gnu_toolchain/install_latest_rv32imaf//riscv32-unknown-elf/lib/libc.a(lib_a-svfprintf.o)
 .rodata.str1.4
                0x00000000800236b0       0xae /home/rt/riscv/cva6/tools/riscv_gnu_toolchain/install_latest_rv32imaf//riscv32-unknown-elf/lib/libc.a(lib_a-ldtoa.o)
 *fill*         0x000000008002375e        0x2 
 .rodata        0x0000000080023760      0x252 /home/rt/riscv/cva6/tools/riscv_gnu_toolchain/install_latest_rv32imaf//riscv32-unknown-elf/lib/libc.a(lib_a-ldtoa.o)
 *fill*         0x00000000800239b2        0x2 
 .rodata.str1.4
                0x00000000800239b4        0xe /home/rt/riscv/cva6/tools/riscv_gnu_toolchain/install_latest_rv32imaf//riscv32-unknown-elf/lib/libc.a(lib_a-locale.o)
                                         0x12 (size before relaxing)
 *fill*         0x00000000800239c2        0x2 
 .rodata.str1.4
                0x00000000800239c4       0x71 /home/rt/riscv/cva6/tools/riscv_gnu_toolchain/install_latest_rv32imaf//riscv32-unknown-elf/lib/libc.a(lib_a-mprec.o)
                                         0x85 (size before relaxing)
 *fill*         0x0000000080023a35        0x3 
 .rodata        0x0000000080023a38      0x128 /home/rt/riscv/cva6/tools/riscv_gnu_toolchain/install_latest_rv32imaf//riscv32-unknown-elf/lib/libc.a(lib_a-mprec.o)
                0x0000000080023a48                __mprec_tens
                0x0000000080023b10                __mprec_tinytens
                0x0000000080023b38                __mprec_bigtens
 .rodata.str1.4
                0x0000000080023b60       0x2f /home/rt/riscv/cva6/tools/riscv_gnu_toolchain/install_latest_rv32imaf//riscv32-unknown-elf/lib/libc.a(lib_a-svfiprintf.o)
 .rodata        0x0000000080023b60      0x18c /home/rt/riscv/cva6/tools/riscv_gnu_toolchain/install_latest_rv32imaf//riscv32-unknown-elf/lib/libc.a(lib_a-svfiprintf.o)
 .rodata.str1.4
                0x0000000080023cec       0x3f /home/rt/riscv/cva6/tools/riscv_gnu_toolchain/install_latest_rv32imaf//riscv32-unknown-elf/lib/libc.a(lib_a-assert.o)
                                         0x43 (size before relaxing)
 *fill*         0x0000000080023d2b        0x1 
 .rodata        0x0000000080023d2c      0x101 /home/rt/riscv/cva6/tools/riscv_gnu_toolchain/install_latest_rv32imaf//riscv32-unknown-elf/lib/libc.a(lib_a-ctype_.o)
                0x0000000080023d2c                _ctype_
 .rodata.str1.4
                0x0000000080023e2d       0x2f /home/rt/riscv/cva6/tools/riscv_gnu_toolchain/install_latest_rv32imaf//riscv32-unknown-elf/lib/libc.a(lib_a-vfiprintf.o)
 *fill*         0x0000000080023e2d        0x3 
 .rodata        0x0000000080023e30      0x18c /home/rt/riscv/cva6/tools/riscv_gnu_toolchain/install_latest_rv32imaf//riscv32-unknown-elf/lib/libc.a(lib_a-vfiprintf.o)
 .rodata        0x0000000080023fbc       0x3c /home/rt/riscv/cva6/tools/riscv_gnu_toolchain/install_latest_rv32imaf/lib/gcc/riscv32-unknown-elf/11.1.0/libgcc.a(divdf3.o)
 *(.gnu.linkonce.r.*)
                0x0000000080023ff8                . = ALIGN (0x4)
                0x0000000080023ff8                _erodata = .

.eh_frame       0x0000000080023ff8       0x54
 .eh_frame      0x0000000080023ff8       0x2c build/start.o
 .eh_frame      0x0000000080024024       0x28 /home/rt/riscv/cva6/tools/riscv_gnu_toolchain/install_latest_rv32imaf/lib/gcc/riscv32-unknown-elf/11.1.0/libgcc.a(_udivdi3.o)

.rela.dyn       0x000000008002404c        0x0
 .rela.init     0x000000008002404c        0x0 build//home/rt/Documents/R_T/Github/freertos/cva6/fork/FreeRTOS/FreeRTOS/Source/event_groups.o

.data.align     0x0000000080080000        0x0 load address 0x000000008002404c
                0x0000000080080000                . = ALIGN (0x4)
                0x0000000080080000                _data = .

.data.start     0x0000000080080000        0x0 load address 0x000000008002404c
                0x000000008002404c                _data_lma = LOADADDR (.data.start)

.data           0x0000000080080000      0xa50 load address 0x000000008002404c
 *(.data .data.*)
 .data          0x0000000080080000        0x0 build//home/rt/Documents/R_T/Github/freertos/cva6/fork/FreeRTOS/FreeRTOS/Source/croutine.o
 .data          0x0000000080080000        0x0 build//home/rt/Documents/R_T/Github/freertos/cva6/fork/FreeRTOS/FreeRTOS/Source/event_groups.o
 .data          0x0000000080080000        0x0 build//home/rt/Documents/R_T/Github/freertos/cva6/fork/FreeRTOS/FreeRTOS/Source/list.o
 .data          0x0000000080080000        0x0 build//home/rt/Documents/R_T/Github/freertos/cva6/fork/FreeRTOS/FreeRTOS/Source/queue.o
 .data          0x0000000080080000        0x0 build//home/rt/Documents/R_T/Github/freertos/cva6/fork/FreeRTOS/FreeRTOS/Source/stream_buffer.o
 .data          0x0000000080080000        0x0 build//home/rt/Documents/R_T/Github/freertos/cva6/fork/FreeRTOS/FreeRTOS/Source/tasks.o
 .data          0x0000000080080000        0x0 build//home/rt/Documents/R_T/Github/freertos/cva6/fork/FreeRTOS/FreeRTOS/Source/timers.o
 .data          0x0000000080080000        0x0 build//home/rt/Documents/R_T/Github/freertos/cva6/fork/FreeRTOS/FreeRTOS/Source/portable/MemMang/heap_4.o
 .data          0x0000000080080000        0x0 build//home/rt/Documents/R_T/Github/freertos/cva6/fork/FreeRTOS/FreeRTOS/Source/portable/GCC/RISC-V/port.o
 .data          0x0000000080080000        0x0 build//home/rt/Documents/R_T/Github/freertos/cva6/fork/FreeRTOS/FreeRTOS/Demo/Common/Minimal/blocktim.o
 .data          0x0000000080080000        0x0 build//home/rt/Documents/R_T/Github/freertos/cva6/fork/FreeRTOS/FreeRTOS/Demo/Common/Minimal/countsem.o
 .data          0x0000000080080000        0x0 build//home/rt/Documents/R_T/Github/freertos/cva6/fork/FreeRTOS/FreeRTOS/Demo/Common/Minimal/recmutex.o
 .data          0x0000000080080000        0x0 build//home/rt/Documents/R_T/Github/freertos/cva6/fork/FreeRTOS/FreeRTOS/Demo/Common/Minimal/death.o
 .data          0x0000000080080000        0x0 build//home/rt/Documents/R_T/Github/freertos/cva6/fork/FreeRTOS/FreeRTOS/Demo/Common/Minimal/TimerDemo.o
 .data          0x0000000080080000        0x0 build//home/rt/Documents/R_T/Github/freertos/cva6/fork/FreeRTOS/FreeRTOS/Demo/Common/Minimal/EventGroupsDemo.o
 .data          0x0000000080080000        0x0 build//home/rt/Documents/R_T/Github/freertos/cva6/fork/FreeRTOS/FreeRTOS/Demo/Common/Minimal/TaskNotify.o
 .data          0x0000000080080000        0x0 build//home/rt/Documents/R_T/Github/freertos/cva6/fork/FreeRTOS/FreeRTOS/Demo/Common/Minimal/GenQTest.o
 .data          0x0000000080080000        0x0 build//home/rt/Documents/R_T/Github/freertos/cva6/fork/FreeRTOS/FreeRTOS/Demo/Common/Minimal/BlockQ.o
 .data          0x0000000080080000        0x0 build//home/rt/Documents/R_T/Github/freertos/cva6/fork/FreeRTOS/FreeRTOS/Demo/Common/Minimal/PollQ.o
 .data          0x0000000080080000        0x0 build//home/rt/Documents/R_T/Github/freertos/cva6/fork/FreeRTOS/FreeRTOS/Demo/Common/Minimal/QPeek.o
 .data          0x0000000080080000        0x0 build//home/rt/Documents/R_T/Github/freertos/cva6/fork/FreeRTOS/FreeRTOS/Demo/Common/Minimal/QueueOverwrite.o
 .data          0x0000000080080000        0x0 build//home/rt/Documents/R_T/Github/freertos/cva6/fork/FreeRTOS/FreeRTOS/Demo/Common/Minimal/AbortDelay.o
 .data          0x0000000080080000        0x0 build//home/rt/Documents/R_T/Github/freertos/cva6/fork/FreeRTOS/FreeRTOS/Demo/Common/Minimal/semtest.o
 .data          0x0000000080080000        0x0 build//home/rt/Documents/R_T/Github/freertos/cva6/fork/FreeRTOS/FreeRTOS/Demo/Common/Minimal/StreamBufferDemo.o
 .data          0x0000000080080000        0x0 build//home/rt/Documents/R_T/Github/freertos/cva6/fork/FreeRTOS/FreeRTOS/Demo/Common/Minimal/StreamBufferInterrupt.o
 .data          0x0000000080080000        0x0 build//home/rt/Documents/R_T/Github/freertos/cva6/fork/FreeRTOS/FreeRTOS/Demo/Common/Minimal/dynamic.o
 .data          0x0000000080080000        0x0 build//home/rt/Documents/R_T/Github/freertos/cva6/fork/FreeRTOS/FreeRTOS/Demo/Common/Minimal/integer.o
 .data          0x0000000080080000        0x0 build//home/rt/Documents/R_T/Github/freertos/cva6/fork/FreeRTOS/FreeRTOS/Demo/Common/Minimal/MessageBufferDemo.o
 .data          0x0000000080080000        0x0 build/start.o
 .data          0x0000000080080000        0x0 build/vector.o
 .data          0x0000000080080000        0x0 build/full_demo/RegTest.o
 .data          0x0000000080080000        0x0 build//home/rt/Documents/R_T/Github/freertos/cva6/fork/FreeRTOS/FreeRTOS/Source/portable/GCC/RISC-V/portASM.o
 .data          0x0000000080080000        0xc build/main.o
                0x0000000080080000                s_uart
 .data          0x000000008008000c        0x0 build/blinky_demo/main_blinky.o
 .data          0x000000008008000c        0x0 build/full_demo/main_full.o
 .data          0x000000008008000c        0x0 build/full_demo/RegTests.o
 .data          0x000000008008000c        0x0 build/riscv-virt.o
 .data          0x000000008008000c       0x28 build/uart/uart.o
                0x000000008008000c                g_uart_0
 .data          0x0000000080080034        0x0 /home/rt/riscv/cva6/tools/riscv_gnu_toolchain/install_latest_rv32imaf/lib/gcc/riscv32-unknown-elf/11.1.0/libgcc.a(_udivdi3.o)
 .data          0x0000000080080034        0x0 /home/rt/riscv/cva6/tools/riscv_gnu_toolchain/install_latest_rv32imaf/lib/gcc/riscv32-unknown-elf/11.1.0/libgcc.a(_clz.o)
 .data          0x0000000080080034        0x0 /home/rt/riscv/cva6/tools/riscv_gnu_toolchain/install_latest_rv32imaf//riscv32-unknown-elf/lib/libc.a(lib_a-memcmp.o)
 .data          0x0000000080080034        0x0 /home/rt/riscv/cva6/tools/riscv_gnu_toolchain/install_latest_rv32imaf//riscv32-unknown-elf/lib/libc.a(lib_a-memcpy.o)
 .data          0x0000000080080034        0x0 /home/rt/riscv/cva6/tools/riscv_gnu_toolchain/install_latest_rv32imaf//riscv32-unknown-elf/lib/libc.a(lib_a-memset.o)
 .data          0x0000000080080034        0x0 /home/rt/riscv/cva6/tools/riscv_gnu_toolchain/install_latest_rv32imaf//riscv32-unknown-elf/lib/libc.a(lib_a-sprintf.o)
 .data          0x0000000080080034        0x0 /home/rt/riscv/cva6/tools/riscv_gnu_toolchain/install_latest_rv32imaf//riscv32-unknown-elf/lib/libc.a(lib_a-strcmp.o)
 .data          0x0000000080080034        0x0 /home/rt/riscv/cva6/tools/riscv_gnu_toolchain/install_latest_rv32imaf//riscv32-unknown-elf/lib/libc.a(lib_a-strlen.o)
 .data          0x0000000080080034        0x0 /home/rt/riscv/cva6/tools/riscv_gnu_toolchain/install_latest_rv32imaf//riscv32-unknown-elf/lib/libc.a(lib_a-svfprintf.o)
 .data          0x0000000080080034        0x0 /home/rt/riscv/cva6/tools/riscv_gnu_toolchain/install_latest_rv32imaf//riscv32-unknown-elf/lib/libc.a(lib_a-freer.o)
 *fill*         0x0000000080080034        0x4 
 .data          0x0000000080080038      0x428 /home/rt/riscv/cva6/tools/riscv_gnu_toolchain/install_latest_rv32imaf//riscv32-unknown-elf/lib/libc.a(lib_a-impure.o)
 .data          0x0000000080080460        0x0 /home/rt/riscv/cva6/tools/riscv_gnu_toolchain/install_latest_rv32imaf//riscv32-unknown-elf/lib/libc.a(lib_a-ldtoa.o)
 .data          0x0000000080080460        0x0 /home/rt/riscv/cva6/tools/riscv_gnu_toolchain/install_latest_rv32imaf//riscv32-unknown-elf/lib/libc.a(lib_a-localeconv.o)
 .data          0x0000000080080460      0x16c /home/rt/riscv/cva6/tools/riscv_gnu_toolchain/install_latest_rv32imaf//riscv32-unknown-elf/lib/libc.a(lib_a-locale.o)
                0x0000000080080460                __global_locale
 .data          0x00000000800805cc      0x408 /home/rt/riscv/cva6/tools/riscv_gnu_toolchain/install_latest_rv32imaf//riscv32-unknown-elf/lib/libc.a(lib_a-mallocr.o)
                0x00000000800805cc                __malloc_av_
 .data          0x00000000800809d4        0x0 /home/rt/riscv/cva6/tools/riscv_gnu_toolchain/install_latest_rv32imaf//riscv32-unknown-elf/lib/libc.a(lib_a-mbtowc_r.o)
 .data          0x00000000800809d4        0x0 /home/rt/riscv/cva6/tools/riscv_gnu_toolchain/install_latest_rv32imaf//riscv32-unknown-elf/lib/libc.a(lib_a-memchr.o)
 .data          0x00000000800809d4        0x0 /home/rt/riscv/cva6/tools/riscv_gnu_toolchain/install_latest_rv32imaf//riscv32-unknown-elf/lib/libc.a(lib_a-mlock.o)
 .data          0x00000000800809d4        0x0 /home/rt/riscv/cva6/tools/riscv_gnu_toolchain/install_latest_rv32imaf//riscv32-unknown-elf/lib/libc.a(lib_a-mprec.o)
 .data          0x00000000800809d4        0x0 /home/rt/riscv/cva6/tools/riscv_gnu_toolchain/install_latest_rv32imaf//riscv32-unknown-elf/lib/libc.a(lib_a-sbrkr.o)
 .data          0x00000000800809d4        0x0 /home/rt/riscv/cva6/tools/riscv_gnu_toolchain/install_latest_rv32imaf//riscv32-unknown-elf/lib/libc.a(lib_a-s_frexp.o)
 .data          0x00000000800809d4        0x0 /home/rt/riscv/cva6/tools/riscv_gnu_toolchain/install_latest_rv32imaf//riscv32-unknown-elf/lib/libc.a(lib_a-strcpy.o)
 .data          0x00000000800809d4        0x0 /home/rt/riscv/cva6/tools/riscv_gnu_toolchain/install_latest_rv32imaf//riscv32-unknown-elf/lib/libc.a(lib_a-strncpy.o)
 .data          0x00000000800809d4        0x0 /home/rt/riscv/cva6/tools/riscv_gnu_toolchain/install_latest_rv32imaf//riscv32-unknown-elf/lib/libc.a(lib_a-svfiprintf.o)
 .data          0x00000000800809d4        0x0 /home/rt/riscv/cva6/tools/riscv_gnu_toolchain/install_latest_rv32imaf//riscv32-unknown-elf/lib/libc.a(lib_a-wctomb_r.o)
 .data          0x00000000800809d4        0x0 /home/rt/riscv/cva6/tools/riscv_gnu_toolchain/install_latest_rv32imaf//riscv32-unknown-elf/lib/libc.a(lib_a-assert.o)
 .data          0x00000000800809d4        0x0 /home/rt/riscv/cva6/tools/riscv_gnu_toolchain/install_latest_rv32imaf//riscv32-unknown-elf/lib/libc.a(lib_a-callocr.o)
 .data          0x00000000800809d4        0x0 /home/rt/riscv/cva6/tools/riscv_gnu_toolchain/install_latest_rv32imaf//riscv32-unknown-elf/lib/libc.a(lib_a-ctype_.o)
 .data          0x00000000800809d4        0x0 /home/rt/riscv/cva6/tools/riscv_gnu_toolchain/install_latest_rv32imaf//riscv32-unknown-elf/lib/libc.a(lib_a-errno.o)
 .data          0x00000000800809d4        0x0 /home/rt/riscv/cva6/tools/riscv_gnu_toolchain/install_latest_rv32imaf//riscv32-unknown-elf/lib/libc.a(lib_a-fiprintf.o)
 .data          0x00000000800809d4        0x0 /home/rt/riscv/cva6/tools/riscv_gnu_toolchain/install_latest_rv32imaf//riscv32-unknown-elf/lib/libc.a(lib_a-memmove-stub.o)
 .data          0x00000000800809d4        0x0 /home/rt/riscv/cva6/tools/riscv_gnu_toolchain/install_latest_rv32imaf//riscv32-unknown-elf/lib/libc.a(lib_a-reallocr.o)
 .data          0x00000000800809d4        0x0 /home/rt/riscv/cva6/tools/riscv_gnu_toolchain/install_latest_rv32imaf//riscv32-unknown-elf/lib/libc.a(lib_a-reent.o)
 .data          0x00000000800809d4        0x0 /home/rt/riscv/cva6/tools/riscv_gnu_toolchain/install_latest_rv32imaf//riscv32-unknown-elf/lib/libc.a(lib_a-vfiprintf.o)
 .data          0x00000000800809d4        0x0 /home/rt/riscv/cva6/tools/riscv_gnu_toolchain/install_latest_rv32imaf//riscv32-unknown-elf/lib/libc.a(lib_a-wsetup.o)
 .data          0x00000000800809d4        0x0 /home/rt/riscv/cva6/tools/riscv_gnu_toolchain/install_latest_rv32imaf//riscv32-unknown-elf/lib/libc.a(lib_a-abort.o)
 .data          0x00000000800809d4        0x0 /home/rt/riscv/cva6/tools/riscv_gnu_toolchain/install_latest_rv32imaf//riscv32-unknown-elf/lib/libc.a(lib_a-fflush.o)
 .data          0x00000000800809d4        0x0 /home/rt/riscv/cva6/tools/riscv_gnu_toolchain/install_latest_rv32imaf//riscv32-unknown-elf/lib/libc.a(lib_a-findfp.o)
 .data          0x00000000800809d4        0x0 /home/rt/riscv/cva6/tools/riscv_gnu_toolchain/install_latest_rv32imaf//riscv32-unknown-elf/lib/libc.a(lib_a-fputwc.o)
 .data          0x00000000800809d4        0x0 /home/rt/riscv/cva6/tools/riscv_gnu_toolchain/install_latest_rv32imaf//riscv32-unknown-elf/lib/libc.a(lib_a-fvwrite.o)
 .data          0x00000000800809d4        0x0 /home/rt/riscv/cva6/tools/riscv_gnu_toolchain/install_latest_rv32imaf//riscv32-unknown-elf/lib/libc.a(lib_a-fwalk.o)
 .data          0x00000000800809d4        0x0 /home/rt/riscv/cva6/tools/riscv_gnu_toolchain/install_latest_rv32imaf//riscv32-unknown-elf/lib/libc.a(lib_a-makebuf.o)
 .data          0x00000000800809d4        0x0 /home/rt/riscv/cva6/tools/riscv_gnu_toolchain/install_latest_rv32imaf//riscv32-unknown-elf/lib/libc.a(lib_a-signal.o)
 .data          0x00000000800809d4        0x0 /home/rt/riscv/cva6/tools/riscv_gnu_toolchain/install_latest_rv32imaf//riscv32-unknown-elf/lib/libc.a(lib_a-signalr.o)
 .data          0x00000000800809d4        0x0 /home/rt/riscv/cva6/tools/riscv_gnu_toolchain/install_latest_rv32imaf//riscv32-unknown-elf/lib/libc.a(lib_a-stdio.o)
 .data          0x00000000800809d4        0x0 /home/rt/riscv/cva6/tools/riscv_gnu_toolchain/install_latest_rv32imaf//riscv32-unknown-elf/lib/libc.a(lib_a-wbuf.o)
 .data          0x00000000800809d4        0x0 /home/rt/riscv/cva6/tools/riscv_gnu_toolchain/install_latest_rv32imaf//riscv32-unknown-elf/lib/libc.a(lib_a-wcrtomb.o)
 .data          0x00000000800809d4        0x0 /home/rt/riscv/cva6/tools/riscv_gnu_toolchain/install_latest_rv32imaf//riscv32-unknown-elf/lib/libc.a(lib_a-writer.o)
 .data          0x00000000800809d4        0x0 /home/rt/riscv/cva6/tools/riscv_gnu_toolchain/install_latest_rv32imaf//riscv32-unknown-elf/lib/libc.a(lib_a-closer.o)
 .data          0x00000000800809d4        0x0 /home/rt/riscv/cva6/tools/riscv_gnu_toolchain/install_latest_rv32imaf//riscv32-unknown-elf/lib/libc.a(lib_a-fclose.o)
 .data          0x00000000800809d4        0x0 /home/rt/riscv/cva6/tools/riscv_gnu_toolchain/install_latest_rv32imaf//riscv32-unknown-elf/lib/libc.a(lib_a-fstatr.o)
 .data          0x00000000800809d4        0x0 /home/rt/riscv/cva6/tools/riscv_gnu_toolchain/install_latest_rv32imaf//riscv32-unknown-elf/lib/libc.a(lib_a-isattyr.o)
 .data          0x00000000800809d4        0x0 /home/rt/riscv/cva6/tools/riscv_gnu_toolchain/install_latest_rv32imaf//riscv32-unknown-elf/lib/libc.a(lib_a-lseekr.o)
 .data          0x00000000800809d4        0x0 /home/rt/riscv/cva6/tools/riscv_gnu_toolchain/install_latest_rv32imaf//riscv32-unknown-elf/lib/libc.a(lib_a-readr.o)
 .data          0x00000000800809d4        0x0 /home/rt/riscv/cva6/tools/riscv_gnu_toolchain/install_latest_rv32imaf//riscv32-unknown-elf/lib/libgloss.a(sys_close.o)
 .data          0x00000000800809d4        0x0 /home/rt/riscv/cva6/tools/riscv_gnu_toolchain/install_latest_rv32imaf//riscv32-unknown-elf/lib/libgloss.a(sys_exit.o)
 .data          0x00000000800809d4        0x0 /home/rt/riscv/cva6/tools/riscv_gnu_toolchain/install_latest_rv32imaf//riscv32-unknown-elf/lib/libgloss.a(sys_fstat.o)
 .data          0x00000000800809d4        0x0 /home/rt/riscv/cva6/tools/riscv_gnu_toolchain/install_latest_rv32imaf//riscv32-unknown-elf/lib/libgloss.a(sys_getpid.o)
 .data          0x00000000800809d4        0x0 /home/rt/riscv/cva6/tools/riscv_gnu_toolchain/install_latest_rv32imaf//riscv32-unknown-elf/lib/libgloss.a(sys_isatty.o)
 .data          0x00000000800809d4        0x0 /home/rt/riscv/cva6/tools/riscv_gnu_toolchain/install_latest_rv32imaf//riscv32-unknown-elf/lib/libgloss.a(sys_kill.o)
 .data          0x00000000800809d4        0x0 /home/rt/riscv/cva6/tools/riscv_gnu_toolchain/install_latest_rv32imaf//riscv32-unknown-elf/lib/libgloss.a(sys_lseek.o)
 .data          0x00000000800809d4        0x0 /home/rt/riscv/cva6/tools/riscv_gnu_toolchain/install_latest_rv32imaf//riscv32-unknown-elf/lib/libgloss.a(sys_read.o)
 .data          0x00000000800809d4        0x0 /home/rt/riscv/cva6/tools/riscv_gnu_toolchain/install_latest_rv32imaf//riscv32-unknown-elf/lib/libgloss.a(sys_sbrk.o)
 .data          0x00000000800809d4        0x0 /home/rt/riscv/cva6/tools/riscv_gnu_toolchain/install_latest_rv32imaf//riscv32-unknown-elf/lib/libgloss.a(sys_write.o)
 .data          0x00000000800809d4        0x0 /home/rt/riscv/cva6/tools/riscv_gnu_toolchain/install_latest_rv32imaf//riscv32-unknown-elf/lib/libgloss.a(sys_conv_stat.o)
 .data          0x00000000800809d4        0x0 /home/rt/riscv/cva6/tools/riscv_gnu_toolchain/install_latest_rv32imaf/lib/gcc/riscv32-unknown-elf/11.1.0/libgcc.a(divdf3.o)
 .data          0x00000000800809d4        0x0 /home/rt/riscv/cva6/tools/riscv_gnu_toolchain/install_latest_rv32imaf/lib/gcc/riscv32-unknown-elf/11.1.0/libgcc.a(muldf3.o)
 .data          0x00000000800809d4        0x0 /home/rt/riscv/cva6/tools/riscv_gnu_toolchain/install_latest_rv32imaf/lib/gcc/riscv32-unknown-elf/11.1.0/libgcc.a(eqtf2.o)
 .data          0x00000000800809d4        0x0 /home/rt/riscv/cva6/tools/riscv_gnu_toolchain/install_latest_rv32imaf/lib/gcc/riscv32-unknown-elf/11.1.0/libgcc.a(getf2.o)
 .data          0x00000000800809d4        0x0 /home/rt/riscv/cva6/tools/riscv_gnu_toolchain/install_latest_rv32imaf/lib/gcc/riscv32-unknown-elf/11.1.0/libgcc.a(letf2.o)
 .data          0x00000000800809d4        0x0 /home/rt/riscv/cva6/tools/riscv_gnu_toolchain/install_latest_rv32imaf/lib/gcc/riscv32-unknown-elf/11.1.0/libgcc.a(multf3.o)
 .data          0x00000000800809d4        0x0 /home/rt/riscv/cva6/tools/riscv_gnu_toolchain/install_latest_rv32imaf/lib/gcc/riscv32-unknown-elf/11.1.0/libgcc.a(subtf3.o)
 .data          0x00000000800809d4        0x0 /home/rt/riscv/cva6/tools/riscv_gnu_toolchain/install_latest_rv32imaf/lib/gcc/riscv32-unknown-elf/11.1.0/libgcc.a(fixtfsi.o)
 .data          0x00000000800809d4        0x0 /home/rt/riscv/cva6/tools/riscv_gnu_toolchain/install_latest_rv32imaf/lib/gcc/riscv32-unknown-elf/11.1.0/libgcc.a(floatsitf.o)
 .data          0x00000000800809d4        0x0 /home/rt/riscv/cva6/tools/riscv_gnu_toolchain/install_latest_rv32imaf/lib/gcc/riscv32-unknown-elf/11.1.0/libgcc.a(extenddftf2.o)
 .data          0x00000000800809d4        0x0 /home/rt/riscv/cva6/tools/riscv_gnu_toolchain/install_latest_rv32imaf/lib/gcc/riscv32-unknown-elf/11.1.0/libgcc.a(trunctfdf2.o)
 .data          0x00000000800809d4        0x0 /home/rt/riscv/cva6/tools/riscv_gnu_toolchain/install_latest_rv32imaf/lib/gcc/riscv32-unknown-elf/11.1.0/libgcc.a(_clzsi2.o)
 *(.gnu.linkonce.d.*)
                0x00000000800809d8                . = ALIGN (0x8)
 *fill*         0x00000000800809d4        0x4 
                0x00000000800811d8                PROVIDE (__global_pointer$ = (. + 0x800))
 *(.sdata .sdata.*)
 .sdata         0x00000000800809d8        0x4 build//home/rt/Documents/R_T/Github/freertos/cva6/fork/FreeRTOS/FreeRTOS/Source/tasks.o
                0x00000000800809d8                uxTopUsedPriority
 .sdata         0x00000000800809dc        0xc build//home/rt/Documents/R_T/Github/freertos/cva6/fork/FreeRTOS/FreeRTOS/Source/portable/GCC/RISC-V/port.o
                0x00000000800809dc                pxCriticalNesting
                0x00000000800809e0                xCriticalNesting
                0x00000000800809e4                pullNextTime
 .sdata         0x00000000800809e8        0x2 build//home/rt/Documents/R_T/Github/freertos/cva6/fork/FreeRTOS/FreeRTOS/Demo/Common/Minimal/death.o
 *fill*         0x00000000800809ea        0x2 
 .sdata         0x00000000800809ec        0x8 build//home/rt/Documents/R_T/Github/freertos/cva6/fork/FreeRTOS/FreeRTOS/Demo/Common/Minimal/TimerDemo.o
 .sdata         0x00000000800809f4        0x4 build//home/rt/Documents/R_T/Github/freertos/cva6/fork/FreeRTOS/FreeRTOS/Demo/Common/Minimal/TaskNotify.o
 .sdata         0x00000000800809f8        0x4 build//home/rt/Documents/R_T/Github/freertos/cva6/fork/FreeRTOS/FreeRTOS/Demo/Common/Minimal/QueueOverwrite.o
 .sdata         0x00000000800809fc        0x4 build//home/rt/Documents/R_T/Github/freertos/cva6/fork/FreeRTOS/FreeRTOS/Demo/Common/Minimal/StreamBufferDemo.o
 .sdata         0x0000000080080a00        0x4 build//home/rt/Documents/R_T/Github/freertos/cva6/fork/FreeRTOS/FreeRTOS/Demo/Common/Minimal/StreamBufferInterrupt.o
 .sdata         0x0000000080080a04        0x4 build/main.o
 .sdata         0x0000000080080a08        0x4 /home/rt/riscv/cva6/tools/riscv_gnu_toolchain/install_latest_rv32imaf//riscv32-unknown-elf/lib/libc.a(lib_a-impure.o)
                0x0000000080080a08                _impure_ptr
 .sdata         0x0000000080080a0c        0x8 /home/rt/riscv/cva6/tools/riscv_gnu_toolchain/install_latest_rv32imaf//riscv32-unknown-elf/lib/libc.a(lib_a-mallocr.o)
                0x0000000080080a0c                __malloc_sbrk_base
                0x0000000080080a10                __malloc_trim_threshold
 *(.sdata2 .sdata2.*)
 *(.gnu.linkonce.s.*)
                0x0000000080080a18                . = ALIGN (0x8)
 *fill*         0x0000000080080a14        0x4 
 *(.srodata.cst16)
 *(.srodata.cst8)
 .srodata.cst8  0x0000000080080a18       0x10 /home/rt/riscv/cva6/tools/riscv_gnu_toolchain/install_latest_rv32imaf//riscv32-unknown-elf/lib/libc.a(lib_a-mprec.o)
 .srodata.cst8  0x0000000080080a28        0x8 /home/rt/riscv/cva6/tools/riscv_gnu_toolchain/install_latest_rv32imaf//riscv32-unknown-elf/lib/libc.a(lib_a-s_frexp.o)
 *(.srodata.cst4)
 *(.srodata.cst2)
 *(.srodata .srodata.*)
 .srodata       0x0000000080080a30        0xc build//home/rt/Documents/R_T/Github/freertos/cva6/fork/FreeRTOS/FreeRTOS/Source/portable/GCC/RISC-V/port.o
                0x0000000080080a30                ullMachineTimerCompareRegisterBase
                0x0000000080080a34                uxTimerIncrementsForOneTick
                0x0000000080080a38                xISRStackTop
 .srodata       0x0000000080080a3c        0xc build//home/rt/Documents/R_T/Github/freertos/cva6/fork/FreeRTOS/FreeRTOS/Demo/Common/Minimal/AbortDelay.o
                0x0000000080080a3c                xAllowableMargin
                0x0000000080080a40                xHalfMaxBlockTime
                0x0000000080080a44                xMaxBlockTime
 .srodata       0x0000000080080a48        0x4 build/riscv-virt.o
                0x0000000080080a48                gp_my_uart1
 .srodata       0x0000000080080a4c        0x4 /home/rt/riscv/cva6/tools/riscv_gnu_toolchain/install_latest_rv32imaf//riscv32-unknown-elf/lib/libc.a(lib_a-impure.o)
                0x0000000080080a4c                _global_impure_ptr
                0x0000000080080a50                . = ALIGN (0x4)
                0x0000000080080a50                _edata = .

.bss.align      0x0000000080080a50        0x0 load address 0x0000000080024a9c
                0x0000000080080a50                . = ALIGN (0x4)
                0x0000000080080a50                _bss = .

.bss.start      0x0000000080080a50        0x0 load address 0x0000000080024a9c
                0x0000000080024a9c                _bss_lma = LOADADDR (.bss.start)

.bss            0x0000000080080a50    0x7f464 load address 0x0000000080024a9c
 *(.sbss*)
 .sbss          0x0000000080080a50       0x3c build//home/rt/Documents/R_T/Github/freertos/cva6/fork/FreeRTOS/FreeRTOS/Source/tasks.o
                0x0000000080080a88                pxCurrentTCB
 .sbss          0x0000000080080a8c       0x14 build//home/rt/Documents/R_T/Github/freertos/cva6/fork/FreeRTOS/FreeRTOS/Source/timers.o
 .sbss          0x0000000080080aa0       0x1c build//home/rt/Documents/R_T/Github/freertos/cva6/fork/FreeRTOS/FreeRTOS/Source/portable/MemMang/heap_4.o
 *fill*         0x0000000080080abc        0x4 
 .sbss          0x0000000080080ac0       0x10 build//home/rt/Documents/R_T/Github/freertos/cva6/fork/FreeRTOS/FreeRTOS/Source/portable/GCC/RISC-V/port.o
                0x0000000080080ac0                xTaskReturnAddress
                0x0000000080080ac4                pullMachineTimerCompareRegister
                0x0000000080080ac8                ullNextTime
 .sbss          0x0000000080080ad0       0x20 build//home/rt/Documents/R_T/Github/freertos/cva6/fork/FreeRTOS/FreeRTOS/Demo/Common/Minimal/blocktim.o
 .sbss          0x0000000080080af0        0xc build//home/rt/Documents/R_T/Github/freertos/cva6/fork/FreeRTOS/FreeRTOS/Demo/Common/Minimal/countsem.o
 .sbss          0x0000000080080afc       0x30 build//home/rt/Documents/R_T/Github/freertos/cva6/fork/FreeRTOS/FreeRTOS/Demo/Common/Minimal/recmutex.o
 .sbss          0x0000000080080b2c        0xe build//home/rt/Documents/R_T/Github/freertos/cva6/fork/FreeRTOS/FreeRTOS/Demo/Common/Minimal/death.o
                0x0000000080080b30                xCreatedTask
 *fill*         0x0000000080080b3a        0x2 
 .sbss          0x0000000080080b3c       0x3d build//home/rt/Documents/R_T/Github/freertos/cva6/fork/FreeRTOS/FreeRTOS/Demo/Common/Minimal/TimerDemo.o
 *fill*         0x0000000080080b79        0x3 
 .sbss          0x0000000080080b7c       0x30 build//home/rt/Documents/R_T/Github/freertos/cva6/fork/FreeRTOS/FreeRTOS/Demo/Common/Minimal/EventGroupsDemo.o
 .sbss          0x0000000080080bac       0x28 build//home/rt/Documents/R_T/Github/freertos/cva6/fork/FreeRTOS/FreeRTOS/Demo/Common/Minimal/TaskNotify.o
 .sbss          0x0000000080080bd4       0x2c build//home/rt/Documents/R_T/Github/freertos/cva6/fork/FreeRTOS/FreeRTOS/Demo/Common/Minimal/GenQTest.o
 .sbss          0x0000000080080c00       0x1e build//home/rt/Documents/R_T/Github/freertos/cva6/fork/FreeRTOS/FreeRTOS/Demo/Common/Minimal/BlockQ.o
 *fill*         0x0000000080080c1e        0x2 
 .sbss          0x0000000080080c20        0xc build//home/rt/Documents/R_T/Github/freertos/cva6/fork/FreeRTOS/FreeRTOS/Demo/Common/Minimal/PollQ.o
 .sbss          0x0000000080080c2c       0x18 build//home/rt/Documents/R_T/Github/freertos/cva6/fork/FreeRTOS/FreeRTOS/Demo/Common/Minimal/QPeek.o
                0x0000000080080c30                xHighestPriorityTask
                0x0000000080080c34                xHighPriorityTask
                0x0000000080080c38                xMediumPriorityTask
 .sbss          0x0000000080080c44        0xc build//home/rt/Documents/R_T/Github/freertos/cva6/fork/FreeRTOS/FreeRTOS/Demo/Common/Minimal/QueueOverwrite.o
 .sbss          0x0000000080080c50       0x14 build//home/rt/Documents/R_T/Github/freertos/cva6/fork/FreeRTOS/FreeRTOS/Demo/Common/Minimal/AbortDelay.o
 .sbss          0x0000000080080c64       0x14 build//home/rt/Documents/R_T/Github/freertos/cva6/fork/FreeRTOS/FreeRTOS/Demo/Common/Minimal/semtest.o
 .sbss          0x0000000080080c78       0x28 build//home/rt/Documents/R_T/Github/freertos/cva6/fork/FreeRTOS/FreeRTOS/Demo/Common/Minimal/StreamBufferDemo.o
 .sbss          0x0000000080080ca0       0x10 build//home/rt/Documents/R_T/Github/freertos/cva6/fork/FreeRTOS/FreeRTOS/Demo/Common/Minimal/StreamBufferInterrupt.o
 .sbss          0x0000000080080cb0       0x2c build//home/rt/Documents/R_T/Github/freertos/cva6/fork/FreeRTOS/FreeRTOS/Demo/Common/Minimal/dynamic.o
                0x0000000080080cc0                xSuspendedTestQueue
 .sbss          0x0000000080080cdc        0x4 build//home/rt/Documents/R_T/Github/freertos/cva6/fork/FreeRTOS/FreeRTOS/Demo/Common/Minimal/integer.o
 .sbss          0x0000000080080ce0       0x1c build//home/rt/Documents/R_T/Github/freertos/cva6/fork/FreeRTOS/FreeRTOS/Demo/Common/Minimal/MessageBufferDemo.o
 .sbss          0x0000000080080cfc        0x4 build/main.o
 .sbss          0x0000000080080d00        0x4 build/blinky_demo/main_blinky.o
 .sbss          0x0000000080080d04       0x14 build/full_demo/RegTests.o
                0x0000000080080d0c                ulRegisterTest2Counter
                0x0000000080080d10                ulRegisterTest1Counter
 .sbss          0x0000000080080d18        0x4 /home/rt/riscv/cva6/tools/riscv_gnu_toolchain/install_latest_rv32imaf//riscv32-unknown-elf/lib/libc.a(lib_a-locale.o)
                0x0000000080080d18                _PathLocale
 .sbss          0x0000000080080d1c        0xc /home/rt/riscv/cva6/tools/riscv_gnu_toolchain/install_latest_rv32imaf//riscv32-unknown-elf/lib/libc.a(lib_a-mallocr.o)
                0x0000000080080d1c                __malloc_max_total_mem
                0x0000000080080d20                __malloc_max_sbrked_mem
                0x0000000080080d24                __malloc_top_pad
 .sbss          0x0000000080080d28        0x4 /home/rt/riscv/cva6/tools/riscv_gnu_toolchain/install_latest_rv32imaf//riscv32-unknown-elf/lib/libc.a(lib_a-reent.o)
                0x0000000080080d28                errno
 .sbss          0x0000000080080d2c        0x4 /home/rt/riscv/cva6/tools/riscv_gnu_toolchain/install_latest_rv32imaf//riscv32-unknown-elf/lib/libgloss.a(sys_sbrk.o)
 *(.gnu.linkonce.sb.*)
 *(.bss .bss.*)
 .bss           0x0000000080080d30        0x0 build//home/rt/Documents/R_T/Github/freertos/cva6/fork/FreeRTOS/FreeRTOS/Source/croutine.o
 .bss           0x0000000080080d30        0x0 build//home/rt/Documents/R_T/Github/freertos/cva6/fork/FreeRTOS/FreeRTOS/Source/event_groups.o
 .bss           0x0000000080080d30        0x0 build//home/rt/Documents/R_T/Github/freertos/cva6/fork/FreeRTOS/FreeRTOS/Source/list.o
 .bss           0x0000000080080d30       0x40 build//home/rt/Documents/R_T/Github/freertos/cva6/fork/FreeRTOS/FreeRTOS/Source/queue.o
                0x0000000080080d30                xQueueRegistry
 .bss           0x0000000080080d70        0x0 build//home/rt/Documents/R_T/Github/freertos/cva6/fork/FreeRTOS/FreeRTOS/Source/stream_buffer.o
 .bss           0x0000000080080d70       0xc8 build//home/rt/Documents/R_T/Github/freertos/cva6/fork/FreeRTOS/FreeRTOS/Source/tasks.o
 .bss           0x0000000080080e38       0x28 build//home/rt/Documents/R_T/Github/freertos/cva6/fork/FreeRTOS/FreeRTOS/Source/timers.o
 .bss           0x0000000080080e60    0x7d000 build//home/rt/Documents/R_T/Github/freertos/cva6/fork/FreeRTOS/FreeRTOS/Source/portable/MemMang/heap_4.o
 .bss           0x00000000800fde60     0x2000 build//home/rt/Documents/R_T/Github/freertos/cva6/fork/FreeRTOS/FreeRTOS/Source/portable/GCC/RISC-V/port.o
 .bss           0x00000000800ffe60        0x0 build//home/rt/Documents/R_T/Github/freertos/cva6/fork/FreeRTOS/FreeRTOS/Demo/Common/Minimal/blocktim.o
 .bss           0x00000000800ffe60       0x18 build//home/rt/Documents/R_T/Github/freertos/cva6/fork/FreeRTOS/FreeRTOS/Demo/Common/Minimal/countsem.o
 .bss           0x00000000800ffe78        0x0 build//home/rt/Documents/R_T/Github/freertos/cva6/fork/FreeRTOS/FreeRTOS/Demo/Common/Minimal/recmutex.o
 .bss           0x00000000800ffe78        0x0 build//home/rt/Documents/R_T/Github/freertos/cva6/fork/FreeRTOS/FreeRTOS/Demo/Common/Minimal/death.o
 .bss           0x00000000800ffe78       0x14 build//home/rt/Documents/R_T/Github/freertos/cva6/fork/FreeRTOS/FreeRTOS/Demo/Common/Minimal/TimerDemo.o
 .bss           0x00000000800ffe8c        0x0 build//home/rt/Documents/R_T/Github/freertos/cva6/fork/FreeRTOS/FreeRTOS/Demo/Common/Minimal/EventGroupsDemo.o
 .bss           0x00000000800ffe8c        0x0 build//home/rt/Documents/R_T/Github/freertos/cva6/fork/FreeRTOS/FreeRTOS/Demo/Common/Minimal/TaskNotify.o
 .bss           0x00000000800ffe8c        0x0 build//home/rt/Documents/R_T/Github/freertos/cva6/fork/FreeRTOS/FreeRTOS/Demo/Common/Minimal/GenQTest.o
 .bss           0x00000000800ffe8c        0x0 build//home/rt/Documents/R_T/Github/freertos/cva6/fork/FreeRTOS/FreeRTOS/Demo/Common/Minimal/BlockQ.o
 .bss           0x00000000800ffe8c        0x0 build//home/rt/Documents/R_T/Github/freertos/cva6/fork/FreeRTOS/FreeRTOS/Demo/Common/Minimal/PollQ.o
 .bss           0x00000000800ffe8c        0x0 build//home/rt/Documents/R_T/Github/freertos/cva6/fork/FreeRTOS/FreeRTOS/Demo/Common/Minimal/QPeek.o
 .bss           0x00000000800ffe8c        0x0 build//home/rt/Documents/R_T/Github/freertos/cva6/fork/FreeRTOS/FreeRTOS/Demo/Common/Minimal/QueueOverwrite.o
 .bss           0x00000000800ffe8c        0x0 build//home/rt/Documents/R_T/Github/freertos/cva6/fork/FreeRTOS/FreeRTOS/Demo/Common/Minimal/AbortDelay.o
 .bss           0x00000000800ffe8c        0x0 build//home/rt/Documents/R_T/Github/freertos/cva6/fork/FreeRTOS/FreeRTOS/Demo/Common/Minimal/semtest.o
 .bss           0x00000000800ffe8c        0x0 build//home/rt/Documents/R_T/Github/freertos/cva6/fork/FreeRTOS/FreeRTOS/Demo/Common/Minimal/StreamBufferDemo.o
 .bss           0x00000000800ffe8c        0x0 build//home/rt/Documents/R_T/Github/freertos/cva6/fork/FreeRTOS/FreeRTOS/Demo/Common/Minimal/StreamBufferInterrupt.o
 .bss           0x00000000800ffe8c        0x0 build//home/rt/Documents/R_T/Github/freertos/cva6/fork/FreeRTOS/FreeRTOS/Demo/Common/Minimal/dynamic.o
 .bss           0x00000000800ffe8c        0x0 build//home/rt/Documents/R_T/Github/freertos/cva6/fork/FreeRTOS/FreeRTOS/Demo/Common/Minimal/integer.o
 .bss           0x00000000800ffe8c        0x0 build//home/rt/Documents/R_T/Github/freertos/cva6/fork/FreeRTOS/FreeRTOS/Demo/Common/Minimal/MessageBufferDemo.o
 .bss           0x00000000800ffe8c        0x0 build/start.o
 .bss           0x00000000800ffe8c        0x0 build/vector.o
 .bss           0x00000000800ffe8c        0x0 build/full_demo/RegTest.o
 .bss           0x00000000800ffe8c        0x0 build//home/rt/Documents/R_T/Github/freertos/cva6/fork/FreeRTOS/FreeRTOS/Source/portable/GCC/RISC-V/portASM.o
 .bss           0x00000000800ffe8c        0x0 build/main.o
 .bss           0x00000000800ffe8c        0x0 build/blinky_demo/main_blinky.o
 .bss           0x00000000800ffe8c        0x0 build/full_demo/main_full.o
 .bss           0x00000000800ffe8c        0x0 build/full_demo/RegTests.o
 .bss           0x00000000800ffe8c        0x0 build/riscv-virt.o
 .bss           0x00000000800ffe8c        0x0 build/uart/uart.o
 .bss           0x00000000800ffe8c        0x0 /home/rt/riscv/cva6/tools/riscv_gnu_toolchain/install_latest_rv32imaf/lib/gcc/riscv32-unknown-elf/11.1.0/libgcc.a(_udivdi3.o)
 .bss           0x00000000800ffe8c        0x0 /home/rt/riscv/cva6/tools/riscv_gnu_toolchain/install_latest_rv32imaf/lib/gcc/riscv32-unknown-elf/11.1.0/libgcc.a(_clz.o)
 .bss           0x00000000800ffe8c        0x0 /home/rt/riscv/cva6/tools/riscv_gnu_toolchain/install_latest_rv32imaf//riscv32-unknown-elf/lib/libc.a(lib_a-memcmp.o)
 .bss           0x00000000800ffe8c        0x0 /home/rt/riscv/cva6/tools/riscv_gnu_toolchain/install_latest_rv32imaf//riscv32-unknown-elf/lib/libc.a(lib_a-memcpy.o)
 .bss           0x00000000800ffe8c        0x0 /home/rt/riscv/cva6/tools/riscv_gnu_toolchain/install_latest_rv32imaf//riscv32-unknown-elf/lib/libc.a(lib_a-memset.o)
 .bss           0x00000000800ffe8c        0x0 /home/rt/riscv/cva6/tools/riscv_gnu_toolchain/install_latest_rv32imaf//riscv32-unknown-elf/lib/libc.a(lib_a-sprintf.o)
 .bss           0x00000000800ffe8c        0x0 /home/rt/riscv/cva6/tools/riscv_gnu_toolchain/install_latest_rv32imaf//riscv32-unknown-elf/lib/libc.a(lib_a-strcmp.o)
 .bss           0x00000000800ffe8c        0x0 /home/rt/riscv/cva6/tools/riscv_gnu_toolchain/install_latest_rv32imaf//riscv32-unknown-elf/lib/libc.a(lib_a-strlen.o)
 .bss           0x00000000800ffe8c        0x0 /home/rt/riscv/cva6/tools/riscv_gnu_toolchain/install_latest_rv32imaf//riscv32-unknown-elf/lib/libc.a(lib_a-svfprintf.o)
 .bss           0x00000000800ffe8c        0x0 /home/rt/riscv/cva6/tools/riscv_gnu_toolchain/install_latest_rv32imaf//riscv32-unknown-elf/lib/libc.a(lib_a-freer.o)
 .bss           0x00000000800ffe8c        0x0 /home/rt/riscv/cva6/tools/riscv_gnu_toolchain/install_latest_rv32imaf//riscv32-unknown-elf/lib/libc.a(lib_a-impure.o)
 .bss           0x00000000800ffe8c        0x0 /home/rt/riscv/cva6/tools/riscv_gnu_toolchain/install_latest_rv32imaf//riscv32-unknown-elf/lib/libc.a(lib_a-ldtoa.o)
 .bss           0x00000000800ffe8c        0x0 /home/rt/riscv/cva6/tools/riscv_gnu_toolchain/install_latest_rv32imaf//riscv32-unknown-elf/lib/libc.a(lib_a-localeconv.o)
 .bss           0x00000000800ffe8c        0x0 /home/rt/riscv/cva6/tools/riscv_gnu_toolchain/install_latest_rv32imaf//riscv32-unknown-elf/lib/libc.a(lib_a-locale.o)
 .bss           0x00000000800ffe8c       0x28 /home/rt/riscv/cva6/tools/riscv_gnu_toolchain/install_latest_rv32imaf//riscv32-unknown-elf/lib/libc.a(lib_a-mallocr.o)
                0x00000000800ffe8c                __malloc_current_mallinfo
 .bss           0x00000000800ffeb4        0x0 /home/rt/riscv/cva6/tools/riscv_gnu_toolchain/install_latest_rv32imaf//riscv32-unknown-elf/lib/libc.a(lib_a-mbtowc_r.o)
 .bss           0x00000000800ffeb4        0x0 /home/rt/riscv/cva6/tools/riscv_gnu_toolchain/install_latest_rv32imaf//riscv32-unknown-elf/lib/libc.a(lib_a-memchr.o)
 .bss           0x00000000800ffeb4        0x0 /home/rt/riscv/cva6/tools/riscv_gnu_toolchain/install_latest_rv32imaf//riscv32-unknown-elf/lib/libc.a(lib_a-mlock.o)
 .bss           0x00000000800ffeb4        0x0 /home/rt/riscv/cva6/tools/riscv_gnu_toolchain/install_latest_rv32imaf//riscv32-unknown-elf/lib/libc.a(lib_a-mprec.o)
 .bss           0x00000000800ffeb4        0x0 /home/rt/riscv/cva6/tools/riscv_gnu_toolchain/install_latest_rv32imaf//riscv32-unknown-elf/lib/libc.a(lib_a-sbrkr.o)
 .bss           0x00000000800ffeb4        0x0 /home/rt/riscv/cva6/tools/riscv_gnu_toolchain/install_latest_rv32imaf//riscv32-unknown-elf/lib/libc.a(lib_a-s_frexp.o)